startup_mimxrt1062.c:411:13:memory_copy	0	static
startup_mimxrt1062.c:422:6:ResetISR_pre	0	static
startup_mimxrt1062.c:855:6:data_init	4	static
startup_mimxrt1062.c:864:6:bss_init	0	static
startup_mimxrt1062.c:889:6:ResetISR	8	static
startup_mimxrt1062.c:985:14:NMI_Handler	0	static
startup_mimxrt1062.c:989:14:HardFault_Handler	0	static
startup_mimxrt1062.c:993:14:SVC_Handler	0	static
startup_mimxrt1062.c:997:14:PendSV_Handler	0	static
startup_mimxrt1062.c:1001:14:SysTick_Handler	0	static
startup_mimxrt1062.c:1009:14:IntDefaultHandler	0	static
startup_mimxrt1062.c:1019:11:DMA0_DMA16_IRQHandler	8	static
startup_mimxrt1062.c:1023:11:DMA1_DMA17_IRQHandler	8	static
startup_mimxrt1062.c:1027:11:DMA2_DMA18_IRQHandler	8	static
startup_mimxrt1062.c:1031:11:DMA3_DMA19_IRQHandler	8	static
startup_mimxrt1062.c:1035:11:DMA4_DMA20_IRQHandler	8	static
startup_mimxrt1062.c:1039:11:DMA5_DMA21_IRQHandler	8	static
startup_mimxrt1062.c:1043:11:DMA6_DMA22_IRQHandler	8	static
startup_mimxrt1062.c:1047:11:DMA7_DMA23_IRQHandler	8	static
startup_mimxrt1062.c:1051:11:DMA8_DMA24_IRQHandler	8	static
startup_mimxrt1062.c:1055:11:DMA9_DMA25_IRQHandler	8	static
startup_mimxrt1062.c:1059:11:DMA10_DMA26_IRQHandler	8	static
startup_mimxrt1062.c:1063:11:DMA11_DMA27_IRQHandler	8	static
startup_mimxrt1062.c:1067:11:DMA12_DMA28_IRQHandler	8	static
startup_mimxrt1062.c:1071:11:DMA13_DMA29_IRQHandler	8	static
startup_mimxrt1062.c:1075:11:DMA14_DMA30_IRQHandler	8	static
startup_mimxrt1062.c:1079:11:DMA15_DMA31_IRQHandler	8	static
startup_mimxrt1062.c:1083:11:DMA_ERROR_IRQHandler	8	static
startup_mimxrt1062.c:1087:11:CTI0_ERROR_IRQHandler	8	static
startup_mimxrt1062.c:1091:11:CTI1_ERROR_IRQHandler	8	static
startup_mimxrt1062.c:1095:11:CORE_IRQHandler	8	static
startup_mimxrt1062.c:1099:11:LPUART1_IRQHandler	8	static
startup_mimxrt1062.c:1103:11:LPUART2_IRQHandler	8	static
startup_mimxrt1062.c:1107:11:LPUART3_IRQHandler	8	static
startup_mimxrt1062.c:1111:11:LPUART4_IRQHandler	8	static
startup_mimxrt1062.c:1115:11:LPUART5_IRQHandler	8	static
startup_mimxrt1062.c:1119:11:LPUART6_IRQHandler	8	static
startup_mimxrt1062.c:1123:11:LPUART7_IRQHandler	8	static
startup_mimxrt1062.c:1127:11:LPUART8_IRQHandler	8	static
startup_mimxrt1062.c:1131:11:LPI2C1_IRQHandler	8	static
startup_mimxrt1062.c:1135:11:LPI2C2_IRQHandler	8	static
startup_mimxrt1062.c:1139:11:LPI2C3_IRQHandler	8	static
startup_mimxrt1062.c:1143:11:LPI2C4_IRQHandler	8	static
startup_mimxrt1062.c:1147:11:LPSPI1_IRQHandler	8	static
startup_mimxrt1062.c:1151:11:LPSPI2_IRQHandler	8	static
startup_mimxrt1062.c:1155:11:LPSPI3_IRQHandler	8	static
startup_mimxrt1062.c:1159:11:LPSPI4_IRQHandler	8	static
startup_mimxrt1062.c:1163:11:CAN1_IRQHandler	8	static
startup_mimxrt1062.c:1167:11:CAN2_IRQHandler	8	static
startup_mimxrt1062.c:1171:11:FLEXRAM_IRQHandler	8	static
startup_mimxrt1062.c:1175:11:KPP_IRQHandler	8	static
startup_mimxrt1062.c:1179:11:TSC_DIG_IRQHandler	8	static
startup_mimxrt1062.c:1183:11:GPR_IRQ_IRQHandler	8	static
startup_mimxrt1062.c:1187:11:LCDIF_IRQHandler	8	static
startup_mimxrt1062.c:1191:11:CSI_IRQHandler	8	static
startup_mimxrt1062.c:1195:11:PXP_IRQHandler	8	static
startup_mimxrt1062.c:1199:11:WDOG2_IRQHandler	8	static
startup_mimxrt1062.c:1203:11:SNVS_HP_WRAPPER_IRQHandler	8	static
startup_mimxrt1062.c:1207:11:SNVS_HP_WRAPPER_TZ_IRQHandler	8	static
startup_mimxrt1062.c:1211:11:SNVS_LP_WRAPPER_IRQHandler	8	static
startup_mimxrt1062.c:1215:11:CSU_IRQHandler	8	static
startup_mimxrt1062.c:1219:11:DCP_IRQHandler	8	static
startup_mimxrt1062.c:1223:11:DCP_VMI_IRQHandler	8	static
startup_mimxrt1062.c:1227:11:Reserved68_IRQHandler	8	static
startup_mimxrt1062.c:1231:11:TRNG_IRQHandler	8	static
startup_mimxrt1062.c:1235:11:SJC_IRQHandler	8	static
startup_mimxrt1062.c:1239:11:BEE_IRQHandler	8	static
startup_mimxrt1062.c:1243:11:SAI1_IRQHandler	8	static
startup_mimxrt1062.c:1247:11:SAI2_IRQHandler	8	static
startup_mimxrt1062.c:1251:11:SAI3_RX_IRQHandler	8	static
startup_mimxrt1062.c:1255:11:SAI3_TX_IRQHandler	8	static
startup_mimxrt1062.c:1259:11:SPDIF_IRQHandler	8	static
startup_mimxrt1062.c:1263:11:PMU_EVENT_IRQHandler	8	static
startup_mimxrt1062.c:1267:11:Reserved78_IRQHandler	8	static
startup_mimxrt1062.c:1271:11:TEMP_LOW_HIGH_IRQHandler	8	static
startup_mimxrt1062.c:1275:11:TEMP_PANIC_IRQHandler	8	static
startup_mimxrt1062.c:1279:11:USB_PHY1_IRQHandler	8	static
startup_mimxrt1062.c:1283:11:USB_PHY2_IRQHandler	8	static
startup_mimxrt1062.c:1287:11:ADC1_IRQHandler	8	static
startup_mimxrt1062.c:1291:11:ADC2_IRQHandler	8	static
startup_mimxrt1062.c:1295:11:DCDC_IRQHandler	8	static
startup_mimxrt1062.c:1299:11:Reserved86_IRQHandler	8	static
startup_mimxrt1062.c:1303:11:Reserved87_IRQHandler	8	static
startup_mimxrt1062.c:1307:11:GPIO1_INT0_IRQHandler	8	static
startup_mimxrt1062.c:1311:11:GPIO1_INT1_IRQHandler	8	static
startup_mimxrt1062.c:1315:11:GPIO1_INT2_IRQHandler	8	static
startup_mimxrt1062.c:1319:11:GPIO1_INT3_IRQHandler	8	static
startup_mimxrt1062.c:1323:11:GPIO1_INT4_IRQHandler	8	static
startup_mimxrt1062.c:1327:11:GPIO1_INT5_IRQHandler	8	static
startup_mimxrt1062.c:1331:11:GPIO1_INT6_IRQHandler	8	static
startup_mimxrt1062.c:1335:11:GPIO1_INT7_IRQHandler	8	static
startup_mimxrt1062.c:1339:11:GPIO1_Combined_0_15_IRQHandler	8	static
startup_mimxrt1062.c:1343:11:GPIO1_Combined_16_31_IRQHandler	8	static
startup_mimxrt1062.c:1347:11:GPIO2_Combined_0_15_IRQHandler	8	static
startup_mimxrt1062.c:1351:11:GPIO2_Combined_16_31_IRQHandler	8	static
startup_mimxrt1062.c:1355:11:GPIO3_Combined_0_15_IRQHandler	8	static
startup_mimxrt1062.c:1359:11:GPIO3_Combined_16_31_IRQHandler	8	static
startup_mimxrt1062.c:1363:11:GPIO4_Combined_0_15_IRQHandler	8	static
startup_mimxrt1062.c:1367:11:GPIO4_Combined_16_31_IRQHandler	8	static
startup_mimxrt1062.c:1371:11:GPIO5_Combined_0_15_IRQHandler	8	static
startup_mimxrt1062.c:1375:11:GPIO5_Combined_16_31_IRQHandler	8	static
startup_mimxrt1062.c:1379:11:FLEXIO1_IRQHandler	8	static
startup_mimxrt1062.c:1383:11:FLEXIO2_IRQHandler	8	static
startup_mimxrt1062.c:1387:11:WDOG1_IRQHandler	8	static
startup_mimxrt1062.c:1391:11:RTWDOG_IRQHandler	8	static
startup_mimxrt1062.c:1395:11:EWM_IRQHandler	8	static
startup_mimxrt1062.c:1399:11:CCM_1_IRQHandler	8	static
startup_mimxrt1062.c:1403:11:CCM_2_IRQHandler	8	static
startup_mimxrt1062.c:1407:11:GPC_IRQHandler	8	static
startup_mimxrt1062.c:1411:11:SRC_IRQHandler	8	static
startup_mimxrt1062.c:1415:11:Reserved115_IRQHandler	8	static
startup_mimxrt1062.c:1419:11:GPT1_IRQHandler	8	static
startup_mimxrt1062.c:1423:11:GPT2_IRQHandler	8	static
startup_mimxrt1062.c:1427:11:PWM1_0_IRQHandler	8	static
startup_mimxrt1062.c:1431:11:PWM1_1_IRQHandler	8	static
startup_mimxrt1062.c:1435:11:PWM1_2_IRQHandler	8	static
startup_mimxrt1062.c:1439:11:PWM1_3_IRQHandler	8	static
startup_mimxrt1062.c:1443:11:PWM1_FAULT_IRQHandler	8	static
startup_mimxrt1062.c:1447:11:FLEXSPI2_IRQHandler	8	static
startup_mimxrt1062.c:1451:11:FLEXSPI_IRQHandler	8	static
startup_mimxrt1062.c:1455:11:SEMC_IRQHandler	8	static
startup_mimxrt1062.c:1459:11:USDHC1_IRQHandler	8	static
startup_mimxrt1062.c:1463:11:USDHC2_IRQHandler	8	static
startup_mimxrt1062.c:1467:11:USB_OTG2_IRQHandler	8	static
startup_mimxrt1062.c:1471:11:USB_OTG1_IRQHandler	8	static
startup_mimxrt1062.c:1475:11:ENET_IRQHandler	8	static
startup_mimxrt1062.c:1479:11:ENET_1588_Timer_IRQHandler	8	static
startup_mimxrt1062.c:1483:11:XBAR1_IRQ_0_1_IRQHandler	8	static
startup_mimxrt1062.c:1487:11:XBAR1_IRQ_2_3_IRQHandler	8	static
startup_mimxrt1062.c:1491:11:ADC_ETC_IRQ0_IRQHandler	8	static
startup_mimxrt1062.c:1495:11:ADC_ETC_IRQ1_IRQHandler	8	static
startup_mimxrt1062.c:1499:11:ADC_ETC_IRQ2_IRQHandler	8	static
startup_mimxrt1062.c:1503:11:ADC_ETC_ERROR_IRQ_IRQHandler	8	static
startup_mimxrt1062.c:1507:11:PIT_IRQHandler	8	static
startup_mimxrt1062.c:1511:11:ACMP1_IRQHandler	8	static
startup_mimxrt1062.c:1515:11:ACMP2_IRQHandler	8	static
startup_mimxrt1062.c:1519:11:ACMP3_IRQHandler	8	static
startup_mimxrt1062.c:1523:11:ACMP4_IRQHandler	8	static
startup_mimxrt1062.c:1527:11:Reserved143_IRQHandler	8	static
startup_mimxrt1062.c:1531:11:Reserved144_IRQHandler	8	static
startup_mimxrt1062.c:1535:11:ENC1_IRQHandler	8	static
startup_mimxrt1062.c:1539:11:ENC2_IRQHandler	8	static
startup_mimxrt1062.c:1543:11:ENC3_IRQHandler	8	static
startup_mimxrt1062.c:1547:11:ENC4_IRQHandler	8	static
startup_mimxrt1062.c:1551:11:TMR1_IRQHandler	8	static
startup_mimxrt1062.c:1555:11:TMR2_IRQHandler	8	static
startup_mimxrt1062.c:1559:11:TMR3_IRQHandler	8	static
startup_mimxrt1062.c:1563:11:TMR4_IRQHandler	8	static
startup_mimxrt1062.c:1567:11:PWM2_0_IRQHandler	8	static
startup_mimxrt1062.c:1571:11:PWM2_1_IRQHandler	8	static
startup_mimxrt1062.c:1575:11:PWM2_2_IRQHandler	8	static
startup_mimxrt1062.c:1579:11:PWM2_3_IRQHandler	8	static
startup_mimxrt1062.c:1583:11:PWM2_FAULT_IRQHandler	8	static
startup_mimxrt1062.c:1587:11:PWM3_0_IRQHandler	8	static
startup_mimxrt1062.c:1591:11:PWM3_1_IRQHandler	8	static
startup_mimxrt1062.c:1595:11:PWM3_2_IRQHandler	8	static
startup_mimxrt1062.c:1599:11:PWM3_3_IRQHandler	8	static
startup_mimxrt1062.c:1603:11:PWM3_FAULT_IRQHandler	8	static
startup_mimxrt1062.c:1607:11:PWM4_0_IRQHandler	8	static
startup_mimxrt1062.c:1611:11:PWM4_1_IRQHandler	8	static
startup_mimxrt1062.c:1615:11:PWM4_2_IRQHandler	8	static
startup_mimxrt1062.c:1619:11:PWM4_3_IRQHandler	8	static
startup_mimxrt1062.c:1623:11:PWM4_FAULT_IRQHandler	8	static
startup_mimxrt1062.c:1627:11:ENET2_IRQHandler	8	static
startup_mimxrt1062.c:1631:11:ENET2_1588_Timer_IRQHandler	8	static
startup_mimxrt1062.c:1635:11:CAN3_IRQHandler	8	static
startup_mimxrt1062.c:1639:11:Reserved171_IRQHandler	8	static
startup_mimxrt1062.c:1643:11:FLEXIO3_IRQHandler	8	static
startup_mimxrt1062.c:1647:11:GPIO6_7_8_9_IRQHandler	8	static
