Archive member included to satisfy reference by file (symbol)

c:/nxp/mcuxpressoide_11.0.1_2563/ide/plugins/com.nxp.mcuxpresso.tools.win32_11.0.1.201907311258/tools/bin/../lib/gcc/arm-none-eabi/8.2.1/../../../../arm-none-eabi/lib/thumb/v7e-m+dp/hard\libcr_nohost_nf.a(_cr__main.o)
                              ./startup/startup_mimxrt1062.o (__main)
c:/nxp/mcuxpressoide_11.0.1_2563/ide/plugins/com.nxp.mcuxpresso.tools.win32_11.0.1.201907311258/tools/bin/../lib/gcc/arm-none-eabi/8.2.1/../../../../arm-none-eabi/lib/thumb/v7e-m+dp/hard\libcr_nohost_nf.a(_cr_assert.o)
                              ./utilities/fsl_debug_console.o (__assertion_failed)
c:/nxp/mcuxpressoide_11.0.1_2563/ide/plugins/com.nxp.mcuxpresso.tools.win32_11.0.1.201907311258/tools/bin/../lib/gcc/arm-none-eabi/8.2.1/../../../../arm-none-eabi/lib/thumb/v7e-m+dp/hard\libcr_nohost_nf.a(__ciob.o)
                              c:/nxp/mcuxpressoide_11.0.1_2563/ide/plugins/com.nxp.mcuxpresso.tools.win32_11.0.1.201907311258/tools/bin/../lib/gcc/arm-none-eabi/8.2.1/../../../../arm-none-eabi/lib/thumb/v7e-m+dp/hard\libcr_nohost_nf.a(_cr_assert.o) (__Ciob)
c:/nxp/mcuxpressoide_11.0.1_2563/ide/plugins/com.nxp.mcuxpresso.tools.win32_11.0.1.201907311258/tools/bin/../lib/gcc/arm-none-eabi/8.2.1/../../../../arm-none-eabi/lib/thumb/v7e-m+dp/hard\libcr_nohost_nf.a(__sys_appexit.o)
                              c:/nxp/mcuxpressoide_11.0.1_2563/ide/plugins/com.nxp.mcuxpresso.tools.win32_11.0.1.201907311258/tools/bin/../lib/gcc/arm-none-eabi/8.2.1/../../../../arm-none-eabi/lib/thumb/v7e-m+dp/hard\libcr_nohost_nf.a(_cr_assert.o) (__sys_appexit)
c:/nxp/mcuxpressoide_11.0.1_2563/ide/plugins/com.nxp.mcuxpresso.tools.win32_11.0.1.201907311258/tools/bin/../lib/gcc/arm-none-eabi/8.2.1/../../../../arm-none-eabi/lib/thumb/v7e-m+dp/hard\libcr_c.a(memset.o)
                              ./utilities/fsl_debug_console.o (memset)
c:/nxp/mcuxpressoide_11.0.1_2563/ide/plugins/com.nxp.mcuxpresso.tools.win32_11.0.1.201907311258/tools/bin/../lib/gcc/arm-none-eabi/8.2.1/../../../../arm-none-eabi/lib/thumb/v7e-m+dp/hard\libcr_c.a(_deferredlazyseek.o)
                              c:/nxp/mcuxpressoide_11.0.1_2563/ide/plugins/com.nxp.mcuxpresso.tools.win32_11.0.1.201907311258/tools/bin/../lib/gcc/arm-none-eabi/8.2.1/../../../../arm-none-eabi/lib/thumb/v7e-m+dp/hard\libcr_nohost_nf.a(_cr_assert.o) (__flsbuf)
c:/nxp/mcuxpressoide_11.0.1_2563/ide/plugins/com.nxp.mcuxpresso.tools.win32_11.0.1.201907311258/tools/bin/../lib/gcc/arm-none-eabi/8.2.1/../../../../arm-none-eabi/lib/thumb/v7e-m+dp/hard\libcr_c.a(_fflush.o)
                              c:/nxp/mcuxpressoide_11.0.1_2563/ide/plugins/com.nxp.mcuxpresso.tools.win32_11.0.1.201907311258/tools/bin/../lib/gcc/arm-none-eabi/8.2.1/../../../../arm-none-eabi/lib/thumb/v7e-m+dp/hard\libcr_c.a(_deferredlazyseek.o) (_fflush)
c:/nxp/mcuxpressoide_11.0.1_2563/ide/plugins/com.nxp.mcuxpresso.tools.win32_11.0.1.201907311258/tools/bin/../lib/gcc/arm-none-eabi/8.2.1/../../../../arm-none-eabi/lib/thumb/v7e-m+dp/hard\libcr_c.a(_writebuf.o)
                              c:/nxp/mcuxpressoide_11.0.1_2563/ide/plugins/com.nxp.mcuxpresso.tools.win32_11.0.1.201907311258/tools/bin/../lib/gcc/arm-none-eabi/8.2.1/../../../../arm-none-eabi/lib/thumb/v7e-m+dp/hard\libcr_c.a(_deferredlazyseek.o) (_Cwritebuf)
c:/nxp/mcuxpressoide_11.0.1_2563/ide/plugins/com.nxp.mcuxpresso.tools.win32_11.0.1.201907311258/tools/bin/../lib/gcc/arm-none-eabi/8.2.1/../../../../arm-none-eabi/lib/thumb/v7e-m+dp/hard\libcr_c.a(alloc.o)
                              ./drivers/fsl_common.o (malloc)
c:/nxp/mcuxpressoide_11.0.1_2563/ide/plugins/com.nxp.mcuxpresso.tools.win32_11.0.1.201907311258/tools/bin/../lib/gcc/arm-none-eabi/8.2.1/../../../../arm-none-eabi/lib/thumb/v7e-m+dp/hard\libcr_c.a(fputs.o)
                              c:/nxp/mcuxpressoide_11.0.1_2563/ide/plugins/com.nxp.mcuxpresso.tools.win32_11.0.1.201907311258/tools/bin/../lib/gcc/arm-none-eabi/8.2.1/../../../../arm-none-eabi/lib/thumb/v7e-m+dp/hard\libcr_nohost_nf.a(_cr_assert.o) (fputs)
c:/nxp/mcuxpressoide_11.0.1_2563/ide/plugins/com.nxp.mcuxpresso.tools.win32_11.0.1.201907311258/tools/bin/../lib/gcc/arm-none-eabi/8.2.1/../../../../arm-none-eabi/lib/thumb/v7e-m+dp/hard\libcr_c.a(fseek.o)
                              c:/nxp/mcuxpressoide_11.0.1_2563/ide/plugins/com.nxp.mcuxpresso.tools.win32_11.0.1.201907311258/tools/bin/../lib/gcc/arm-none-eabi/8.2.1/../../../../arm-none-eabi/lib/thumb/v7e-m+dp/hard\libcr_c.a(_deferredlazyseek.o) (fseek)
c:/nxp/mcuxpressoide_11.0.1_2563/ide/plugins/com.nxp.mcuxpresso.tools.win32_11.0.1.201907311258/tools/bin/../lib/gcc/arm-none-eabi/8.2.1/../../../../arm-none-eabi/lib/thumb/v7e-m+dp/hard\libcr_c.a(ftell.o)
                              c:/nxp/mcuxpressoide_11.0.1_2563/ide/plugins/com.nxp.mcuxpresso.tools.win32_11.0.1.201907311258/tools/bin/../lib/gcc/arm-none-eabi/8.2.1/../../../../arm-none-eabi/lib/thumb/v7e-m+dp/hard\libcr_c.a(fseek.o) (ftell)
[...]
Memory Configuration

Name             Origin             Length             Attributes
SRAM_ITC         0x00000000         0x00080000         xrw
SRAM_DTC         0x20000000         0x00080000         xrw
SRAM_OC          0x20200000         0x00080000         xrw
Flash_00         0x60000000         0x001f0000         xr
*default*        0x00000000         0xffffffff

Linker script and memory map

LOAD ./xip/evkmimxrt1060_flexspi_nor_config.o
LOAD ./xip/evkmimxrt1060_sdram_ini_dcd.o
LOAD ./xip/fsl_flexspi_nor_boot.o
LOAD ./utilities/fsl_assert.o
LOAD ./utilities/fsl_debug_console.o
LOAD ./utilities/fsl_str.o
LOAD ./startup/startup_mimxrt1062.o
LOAD ./source/led_blinky.o
LOAD ./source/semihost_hardfault.o
LOAD ./drivers/fsl_clock.o
LOAD ./drivers/fsl_common.o
LOAD ./drivers/fsl_gpio.o
LOAD ./drivers/fsl_lpuart.o
LOAD ./device/system_MIMXRT1062.o
LOAD ./component/uart/lpuart_adapter.o
LOAD ./component/serial_manager/serial_manager.o
LOAD ./component/serial_manager/serial_port_uart.o
LOAD ./component/lists/generic_list.o
LOAD ./board/board.o
LOAD ./board/clock_config.o
LOAD ./board/peripherals.o
LOAD ./board/pin_mux.o
START GROUP
LOAD c:/nxp/mcuxpressoide_11.0.1_2563/ide/plugins/com.nxp.mcuxpresso.tools.win32_11.0.1.201907311258/tools/bin/../lib/gcc/arm-none-eabi/8.2.1/../../../../arm-none-eabi/lib/thumb/v7e-m+dp/hard\libcr_nohost_nf.a
LOAD c:/nxp/mcuxpressoide_11.0.1_2563/ide/plugins/com.nxp.mcuxpresso.tools.win32_11.0.1.201907311258/tools/bin/../lib/gcc/arm-none-eabi/8.2.1/../../../../arm-none-eabi/lib/thumb/v7e-m+dp/hard\libcr_c.a
LOAD c:/nxp/mcuxpressoide_11.0.1_2563/ide/plugins/com.nxp.mcuxpresso.tools.win32_11.0.1.201907311258/tools/bin/../lib/gcc/arm-none-eabi/8.2.1/thumb/v7e-m+dp/hard\libcr_eabihelpers.a
LOAD c:/nxp/mcuxpressoide_11.0.1_2563/ide/plugins/com.nxp.mcuxpresso.tools.win32_11.0.1.201907311258/tools/bin/../lib/gcc/arm-none-eabi/8.2.1/thumb/v7e-m+dp/hard\libgcc.a
END GROUP
                0x00000000                __base_SRAM_ITC = 0x0
                0x00000000                __base_RAM = 0x0
                0x00080000                __top_SRAM_ITC = 0x80000
                0x00080000                __top_RAM = 0x80000
                0x20000000                __base_SRAM_DTC = 0x20000000
                0x20000000                __base_RAM2 = 0x20000000
                0x20080000                __top_SRAM_DTC = 0x20080000
                0x20080000                __top_RAM2 = 0x20080000
                0x20200000                __base_SRAM_OC = 0x20200000
                0x20200000                __base_RAM3 = 0x20200000
                0x20280000                __top_SRAM_OC = 0x20280000
                0x20280000                __top_RAM3 = 0x20280000
                0x60000000                __base_Flash_00 = 0x60000000
                0x60000000                __base_Flash = 0x60000000
                0x601f0000                __top_Flash_00 = 0x601f0000
                0x601f0000                __top_Flash = 0x601f0000

.boot_hdr       0x60000000     0x2000
 FILL mask 0xff
                0x60000000                __boot_hdr_start__ = ABSOLUTE (.)
 *(SORT_BY_ALIGNMENT(.boot_hdr.conf1))
 .boot_hdr.conf1
                0x60000000      0x200 ./startup/startup_mimxrt1062.o
                0x60000000                FlexSPI_NOR_Config
                0x00001000                . = 0x1000
 *fill*         0x60000200      0xe00 ff
 *(SORT_BY_ALIGNMENT(.boot_hdr.ivt1))
 .boot_hdr.ivt1
                0x60001000       0x20 ./startup/startup_mimxrt1062.o
                0x60001000                ImageVectorTable
                0x00001020                . = 0x1020
 *(SORT_BY_ALIGNMENT(.boot_hdr.boot_data1))
 .boot_hdr.boot_data1
                0x60001020        0xc ./startup/startup_mimxrt1062.o
                0x60001020                BootData
                0x00001030                . = 0x1030
 *fill*         0x6000102c        0x4 ff
 *(SORT_BY_ALIGNMENT(.boot_hdr.dcd_data))
                0x60001030                __boot_hdr_end__ = ABSOLUTE (.)
                0x00002000                . = 0x2000
 *fill*         0x60001030      0xfd0 ff

.teensy_boot    0x60002000       0x60
 FILL mask 0xff
                0x60002000                __teensy_vectors_start__ = ABSOLUTE (.)
 *(SORT_BY_ALIGNMENT(.teensy_boot.vectors))
 .teensy_boot.vectors
                0x60002000        0x8 ./startup/startup_mimxrt1062.o
                0x60002000                vector_table
 *(SORT_BY_ALIGNMENT(.teensy_boot.isr))
 *(SORT_BY_ALIGNMENT(.teensy_boot.*))
 .teensy_boot.isr1
                0x60002008       0x34 ./startup/startup_mimxrt1062.o
                0x60002008                ResetISR_pre
 .teensy_boot.util
                0x6000203c       0x16 ./startup/startup_mimxrt1062.o
 *fill*         0x60002052        0x6 ff
 .teensy_boot.util.__stub
                0x60002058        0x8 linker stubs

.text           0x00000000     0x4bb0 load address 0x60002060
 FILL mask 0xff
                0x00000000                __vectors_start__ = ABSOLUTE (.)
 *(SORT_BY_ALIGNMENT(.isr_vector))
 .isr_vector    0x00000000      0x2b8 ./startup/startup_mimxrt1062.o
                0x00000000                g_pfnVectors
                0x00000000                __Vectors
                0x000002b8                . = ALIGN (0x4)
                0x000002b8                __section_table_start = .
                0x000002b8                __data_section_table = .
                0x000002b8        0x4 LONG 0x60006c10 LOADADDR (.data_RAM)
                0x000002bc        0x4 LONG 0x4bb0 ADDR (.data_RAM)
                0x000002c0        0x4 LONG 0x0 SIZEOF (.data_RAM)
                0x000002c4        0x4 LONG 0x60006c10 LOADADDR (.data)
                0x000002c8        0x4 LONG 0x20000000 ADDR (.data)
                0x000002cc        0x4 LONG 0x4 SIZEOF (.data)
                0x000002d0        0x4 LONG 0x60006c10 LOADADDR (.data_RAM3)
                0x000002d4        0x4 LONG 0x20200000 ADDR (.data_RAM3)
                0x000002d8        0x4 LONG 0x0 SIZEOF (.data_RAM3)
                0x000002dc                __data_section_table_end = .
                0x000002dc                __bss_section_table = .
                0x000002dc        0x4 LONG 0x4bb0 ADDR (.bss_RAM)
                0x000002e0        0x4 LONG 0x0 SIZEOF (.bss_RAM)
                0x000002e4        0x4 LONG 0x20000004 ADDR (.bss)
                0x000002e8        0x4 LONG 0x114 SIZEOF (.bss)
                0x000002ec        0x4 LONG 0x20200000 ADDR (.bss_RAM3)
                0x000002f0        0x4 LONG 0x0 SIZEOF (.bss_RAM3)
                0x000002f4                __bss_section_table_end = .
                0x000002f4                __section_table_end = .
 *(SORT_BY_ALIGNMENT(.after_vectors*))
 .after_vectors.reset
                0x000002f4       0x4c ./startup/startup_mimxrt1062.o
                0x000002f4                ResetISR
 .after_vectors.init_data
                0x00000340       0x1e ./startup/startup_mimxrt1062.o
                0x00000340                data_init
 .after_vectors.init_bss
                0x0000035e       0x12 ./startup/startup_mimxrt1062.o
                0x0000035e                bss_init
 .after_vectors
                0x00000370        0xc ./startup/startup_mimxrt1062.o
                0x00000370                NMI_Handler
                0x00000374                SVC_Handler
                0x00000376                PendSV_Handler
                0x00000378                SysTick_Handler
                0x0000037a                LPSPI2_DriverIRQHandler
                0x0000037a                LCDIF_DriverIRQHandler
                0x0000037a                SAI3_RX_DriverIRQHandler
                0x0000037a                CCM_2_DriverIRQHandler
                0x0000037a                PIT_DriverIRQHandler
                0x0000037a                FLEXSPI2_DriverIRQHandler
                0x0000037a                Reserved87_DriverIRQHandler
                0x0000037a                DMA13_DMA29_DriverIRQHandler
                0x0000037a                FLEXRAM_DriverIRQHandler
                0x0000037a                LPSPI4_DriverIRQHandler
                0x0000037a                SEMC_DriverIRQHandler
                0x0000037a                SPDIF_DriverIRQHandler
                0x0000037a                PMU_EVENT_DriverIRQHandler
                0x0000037a                PWM4_3_DriverIRQHandler
                0x0000037a                ENET2_DriverIRQHandler
                0x0000037a                KPP_DriverIRQHandler
                0x0000037a                PWM4_FAULT_DriverIRQHandler
                0x0000037a                USB_PHY1_DriverIRQHandler
                0x0000037a                GPIO3_Combined_0_15_DriverIRQHandler
                0x0000037a                CAN3_DriverIRQHandler
                0x0000037a                Reserved171_DriverIRQHandler
                0x0000037a                DMA7_DMA23_DriverIRQHandler
                0x0000037a                BEE_DriverIRQHandler
                0x0000037a                LPI2C3_DriverIRQHandler
                0x0000037a                GPR_IRQ_DriverIRQHandler
                0x0000037a                PWM2_FAULT_DriverIRQHandler
                0x0000037a                PWM3_1_DriverIRQHandler
                0x0000037a                DMA14_DMA30_DriverIRQHandler
                0x0000037a                TMR1_DriverIRQHandler
                0x0000037a                TRNG_DriverIRQHandler
                0x0000037a                PWM3_2_DriverIRQHandler
                0x0000037a                ENET_1588_Timer_DriverIRQHandler
                0x0000037a                FLEXIO2_DriverIRQHandler
                0x0000037a                GPIO2_Combined_16_31_DriverIRQHandler
                0x0000037a                Reserved143_DriverIRQHandler
                0x0000037a                PWM4_1_DriverIRQHandler
                0x0000037a                PWM3_3_DriverIRQHandler
                0x0000037a                DMA0_DMA16_DriverIRQHandler
                0x0000037a                IntDefaultHandler
                0x0000037a                DMA2_DMA18_DriverIRQHandler
                0x0000037a                SRC_DriverIRQHandler
                0x0000037a                GPIO1_INT4_DriverIRQHandler
                0x0000037a                Reserved144_DriverIRQHandler
                0x0000037a                USDHC1_DriverIRQHandler
                0x0000037a                ENC3_DriverIRQHandler
                0x0000037a                PWM3_FAULT_DriverIRQHandler
                0x0000037a                EWM_DriverIRQHandler
                0x0000037a                TSC_DIG_DriverIRQHandler
                0x0000037a                WDOG1_DriverIRQHandler
                0x0000037a                FLEXIO1_DriverIRQHandler
                0x0000037a                ENET_DriverIRQHandler
                0x0000037a                Reserved78_DriverIRQHandler
                0x0000037a                TMR4_DriverIRQHandler
                0x0000037a                ENC2_DriverIRQHandler
                0x0000037a                ADC_ETC_IRQ2_DriverIRQHandler
                0x0000037a                GPIO1_Combined_16_31_DriverIRQHandler
                0x0000037a                GPIO1_INT7_DriverIRQHandler
                0x0000037a                SAI1_DriverIRQHandler
                0x0000037a                DCDC_DriverIRQHandler
                0x0000037a                DMA12_DMA28_DriverIRQHandler
                0x0000037a                PWM4_0_DriverIRQHandler
                0x0000037a                ADC_ETC_ERROR_IRQ_DriverIRQHandler
                0x0000037a                ACMP2_DriverIRQHandler
                0x0000037a                GPIO5_Combined_0_15_DriverIRQHandler
                0x0000037a                GPIO1_INT0_DriverIRQHandler
                0x0000037a                GPIO1_INT2_DriverIRQHandler
                0x0000037a                RTWDOG_DriverIRQHandler
                0x0000037a                FLEXSPI_DriverIRQHandler
                0x0000037a                GPT2_DriverIRQHandler
                0x0000037a                USB_PHY2_DriverIRQHandler
                0x0000037a                DMA10_DMA26_DriverIRQHandler
                0x0000037a                PWM2_1_DriverIRQHandler
                0x0000037a                PWM1_1_DriverIRQHandler
                0x0000037a                PXP_DriverIRQHandler
                0x0000037a                ADC1_DriverIRQHandler
                0x0000037a                PWM1_0_DriverIRQHandler
                0x0000037a                SJC_DriverIRQHandler
                0x0000037a                DMA1_DMA17_DriverIRQHandler
                0x0000037a                ENC1_DriverIRQHandler
                0x0000037a                ENC4_DriverIRQHandler
                0x0000037a                CAN2_DriverIRQHandler
                0x0000037a                DCP_DriverIRQHandler
                0x0000037a                CTI0_ERROR_DriverIRQHandler
                0x0000037a                DMA8_DMA24_DriverIRQHandler
                0x0000037a                GPT1_DriverIRQHandler
                0x0000037a                ACMP3_DriverIRQHandler
                0x0000037a                DMA6_DMA22_DriverIRQHandler
                0x0000037a                CSU_DriverIRQHandler
                0x0000037a                GPIO1_INT5_DriverIRQHandler
                0x0000037a                TMR3_DriverIRQHandler
                0x0000037a                TMR2_DriverIRQHandler
                0x0000037a                CTI1_ERROR_DriverIRQHandler
                0x0000037a                GPIO1_Combined_0_15_DriverIRQHandler
                0x0000037a                USDHC2_DriverIRQHandler
                0x0000037a                PWM4_2_DriverIRQHandler
                0x0000037a                SAI2_DriverIRQHandler
                0x0000037a                CORE_DriverIRQHandler
                0x0000037a                ACMP4_DriverIRQHandler
                0x0000037a                DMA11_DMA27_DriverIRQHandler
                0x0000037a                CSI_DriverIRQHandler
                0x0000037a                PWM2_3_DriverIRQHandler
                0x0000037a                XBAR1_IRQ_2_3_DriverIRQHandler
                0x0000037a                SNVS_HP_WRAPPER_TZ_DriverIRQHandler
                0x0000037a                GPIO3_Combined_16_31_DriverIRQHandler
                0x0000037a                PWM1_FAULT_DriverIRQHandler
                0x0000037a                LPI2C1_DriverIRQHandler
                0x0000037a                ENET2_1588_Timer_DriverIRQHandler
                0x0000037a                PWM2_2_DriverIRQHandler
                0x0000037a                DMA4_DMA20_DriverIRQHandler
                0x0000037a                DMA9_DMA25_DriverIRQHandler
                0x0000037a                SNVS_HP_WRAPPER_DriverIRQHandler
                0x0000037a                XBAR1_IRQ_0_1_DriverIRQHandler
                0x0000037a                ADC_ETC_IRQ1_DriverIRQHandler
                0x0000037a                LPSPI1_DriverIRQHandler
                0x0000037a                DMA3_DMA19_DriverIRQHandler
                0x0000037a                GPIO1_INT3_DriverIRQHandler
                0x0000037a                DCP_VMI_DriverIRQHandler
                0x0000037a                LPI2C4_DriverIRQHandler
                0x0000037a                GPC_DriverIRQHandler
                0x0000037a                GPIO2_Combined_0_15_DriverIRQHandler
                0x0000037a                PWM1_2_DriverIRQHandler
                0x0000037a                USB_OTG1_DriverIRQHandler
                0x0000037a                TEMP_LOW_HIGH_DriverIRQHandler
                0x0000037a                SAI3_TX_DriverIRQHandler
                0x0000037a                FLEXIO3_DriverIRQHandler
                0x0000037a                WDOG2_DriverIRQHandler
                0x0000037a                Reserved68_DriverIRQHandler
                0x0000037a                PWM3_0_DriverIRQHandler
                0x0000037a                GPIO4_Combined_0_15_DriverIRQHandler
                0x0000037a                GPIO4_Combined_16_31_DriverIRQHandler
                0x0000037a                GPIO6_7_8_9_DriverIRQHandler
                0x0000037a                GPIO5_Combined_16_31_DriverIRQHandler
                0x0000037a                DMA5_DMA21_DriverIRQHandler
                0x0000037a                CCM_1_DriverIRQHandler
                0x0000037a                ADC2_DriverIRQHandler
                0x0000037a                Reserved115_DriverIRQHandler
                0x0000037a                TEMP_PANIC_DriverIRQHandler
                0x0000037a                DMA15_DMA31_DriverIRQHandler
                0x0000037a                LPSPI3_DriverIRQHandler
                0x0000037a                PWM1_3_DriverIRQHandler
                0x0000037a                ACMP1_DriverIRQHandler
                0x0000037a                LPI2C2_DriverIRQHandler
                0x0000037a                Reserved86_DriverIRQHandler
                0x0000037a                DMA_ERROR_DriverIRQHandler
                0x0000037a                ADC_ETC_IRQ0_DriverIRQHandler
                0x0000037a                CAN1_DriverIRQHandler
                0x0000037a                GPIO1_INT6_DriverIRQHandler
                0x0000037a                GPIO1_INT1_DriverIRQHandler
                0x0000037a                PWM2_0_DriverIRQHandler
                0x0000037a                SNVS_LP_WRAPPER_DriverIRQHandler
                0x0000037a                USB_OTG2_DriverIRQHandler
 *(SORT_BY_ALIGNMENT(.text*))
 .text.DbgConsole_Init
                0x0000037c      0x104 ./utilities/fsl_debug_console.o
                0x0000037c                DbgConsole_Init
 .text.SysTick_DelayTicks
                0x00000480       0x38 ./source/led_blinky.o
                0x00000480                SysTick_DelayTicks
 .text.main     0x000004b8       0x7c ./source/led_blinky.o
                0x000004b8                main
 .text.CLOCK_GetOscFreq
                0x00000534       0x30 ./drivers/fsl_clock.o
 .text.CLOCK_InitExternalClk
                0x00000564       0x6c ./drivers/fsl_clock.o
                0x00000564                CLOCK_InitExternalClk
 .text.CLOCK_SwitchOsc
                0x000005d0       0x34 ./drivers/fsl_clock.o
                0x000005d0                CLOCK_SwitchOsc
 .text.CLOCK_InitRcOsc24M
                0x00000604       0x24 ./drivers/fsl_clock.o
                0x00000604                CLOCK_InitRcOsc24M
 .text.CLOCK_InitArmPll
                0x00000628       0x68 ./drivers/fsl_clock.o
                0x00000628                CLOCK_InitArmPll
 .text.CLOCK_InitSysPll
                0x00000690       0x9c ./drivers/fsl_clock.o
                0x00000690                CLOCK_InitSysPll
 .text.CLOCK_DeinitUsb2Pll
                0x0000072c       0x18 ./drivers/fsl_clock.o
                0x0000072c                CLOCK_DeinitUsb2Pll
 .text.CLOCK_DeinitAudioPll
                0x00000744       0x1c ./drivers/fsl_clock.o
                0x00000744                CLOCK_DeinitAudioPll
 .text.CLOCK_DeinitVideoPll
                0x00000760       0x1c ./drivers/fsl_clock.o
                0x00000760                CLOCK_DeinitVideoPll
 .text.CLOCK_DeinitEnetPll
                0x0000077c       0x1c ./drivers/fsl_clock.o
                0x0000077c                CLOCK_DeinitEnetPll
 .text.CLOCK_GetPllFreq
                0x00000798      0x33c ./drivers/fsl_clock.o
                0x00000798                CLOCK_GetPllFreq
 .text.CLOCK_InitSysPfd
                0x00000ad4       0x64 ./drivers/fsl_clock.o
                0x00000ad4                CLOCK_InitSysPfd
 .text.CLOCK_ControlGate
                0x00000b38       0x64 ./drivers/fsl_gpio.o
 .text.GPIO_GetInstance
                0x00000b9c       0x4c ./drivers/fsl_gpio.o
 .text.GPIO_PinInit
                0x00000be8       0xa4 ./drivers/fsl_gpio.o
                0x00000be8                GPIO_PinInit
 .text.GPIO_PinWrite
                0x00000c8c       0x54 ./drivers/fsl_gpio.o
                0x00000c8c                GPIO_PinWrite
 .text.GPIO_PinSetInterruptConfig
                0x00000ce0       0xfc ./drivers/fsl_gpio.o
                0x00000ce0                GPIO_PinSetInterruptConfig
 .text.CLOCK_ControlGate
                0x00000ddc       0x64 ./drivers/fsl_lpuart.o
 .text.LPUART_GetInstance
                0x00000e40       0x4c ./drivers/fsl_lpuart.o
                0x00000e40                LPUART_GetInstance
 .text.LPUART_Init
                0x00000e8c      0x300 ./drivers/fsl_lpuart.o
                0x00000e8c                LPUART_Init
 .text.LPUART_GetDefaultConfig
                0x0000118c       0x88 ./drivers/fsl_lpuart.o
                0x0000118c                LPUART_GetDefaultConfig
 .text.LPUART1_DriverIRQHandler
                0x00001214       0x24 ./drivers/fsl_lpuart.o
                0x00001214                LPUART1_DriverIRQHandler
 .text.LPUART2_DriverIRQHandler
                0x00001238       0x24 ./drivers/fsl_lpuart.o
                0x00001238                LPUART2_DriverIRQHandler
 .text.LPUART3_DriverIRQHandler
                0x0000125c       0x24 ./drivers/fsl_lpuart.o
                0x0000125c                LPUART3_DriverIRQHandler
 .text.LPUART4_DriverIRQHandler
                0x00001280       0x24 ./drivers/fsl_lpuart.o
                0x00001280                LPUART4_DriverIRQHandler
 .text.LPUART5_DriverIRQHandler
                0x000012a4       0x24 ./drivers/fsl_lpuart.o
                0x000012a4                LPUART5_DriverIRQHandler
 .text.LPUART6_DriverIRQHandler
                0x000012c8       0x24 ./drivers/fsl_lpuart.o
                0x000012c8                LPUART6_DriverIRQHandler
 .text.LPUART7_DriverIRQHandler
                0x000012ec       0x24 ./drivers/fsl_lpuart.o
                0x000012ec                LPUART7_DriverIRQHandler
 .text.LPUART8_DriverIRQHandler
                0x00001310       0x24 ./drivers/fsl_lpuart.o
                0x00001310                LPUART8_DriverIRQHandler
 .text.SCB_EnableICache
                0x00001334       0x40 ./device/system_MIMXRT1062.o
 .text.SCB_EnableDCache
                0x00001374       0x80 ./device/system_MIMXRT1062.o
 .text.SystemInit
                0x000013f4       0xf4 ./device/system_MIMXRT1062.o
                0x000013f4                SystemInit
 .text.SystemCoreClockUpdate
                0x000014e8      0x200 ./device/system_MIMXRT1062.o
                0x000014e8                SystemCoreClockUpdate
 .text.HAL_UartInit
                0x000016e8      0x100 ./component/uart/lpuart_adapter.o
                0x000016e8                HAL_UartInit
 .text.SerialManager_Init
                0x000017e8       0x74 ./component/serial_manager/serial_manager.o
                0x000017e8                SerialManager_Init
 .text.SerialManager_OpenWriteHandle
                0x0000185c       0x58 ./component/serial_manager/serial_manager.o
                0x0000185c                SerialManager_OpenWriteHandle
 .text.SerialManager_OpenReadHandle
                0x000018b4       0x60 ./component/serial_manager/serial_manager.o
                0x000018b4                SerialManager_OpenReadHandle
 .text.Serial_UartInit
                0x00001914       0x80 ./component/serial_manager/serial_port_uart.o
                0x00001914                Serial_UartInit
 .text.CLOCK_GetMux
                0x00001994       0x44 ./board/board.o
 .text.CLOCK_GetDiv
                0x000019d8       0x44 ./board/board.o
 .text.CLOCK_GetOscFreq
                0x00001a1c       0x30 ./board/board.o
 .text.BOARD_DebugConsoleSrcFreq
                0x00001a4c       0x64 ./board/board.o
                0x00001a4c                BOARD_DebugConsoleSrcFreq
 .text.CLOCK_SetMux
                0x00001ab0       0x9c ./board/clock_config.o
 .text.CLOCK_SetDiv
                0x00001b4c       0x9c ./board/clock_config.o
 .text.CLOCK_ControlGate
                0x00001be8       0x64 ./board/clock_config.o
 .text.CLOCK_SetXtalFreq
                0x00001c4c       0x20 ./board/clock_config.o
 .text.CLOCK_SetRtcXtalFreq
                0x00001c6c       0x20 ./board/clock_config.o
 .text.IOMUXC_EnableMode
                0x00001c8c       0x48 ./board/clock_config.o
 .text.IOMUXC_MQSConfig
                0x00001cd4       0x44 ./board/clock_config.o
 .text.BOARD_BootClockRUN
                0x00001d18      0x678 ./board/clock_config.o
                0x00001d18                BOARD_BootClockRUN
 .text.CLOCK_ControlGate
                0x00002390       0x64 ./board/pin_mux.o
 .text.BOARD_InitPins
                0x000023f4       0x80 ./board/pin_mux.o
                0x000023f4                BOARD_InitPins
 .text.__assertion_failed
                0x00002474       0x4c c:/nxp/mcuxpressoide_11.0.1_2563/ide/plugins/com.nxp.mcuxpresso.tools.win32_11.0.1.201907311258/tools/bin/../lib/gcc/arm-none-eabi/8.2.1/../../../../arm-none-eabi/lib/thumb/v7e-m+dp/hard\libcr_nohost_nf.a(_cr_assert.o)
                0x00002474                __assertion_failed
 .text._Cwritebuf
                0x000024c0       0x6c c:/nxp/mcuxpressoide_11.0.1_2563/ide/plugins/com.nxp.mcuxpresso.tools.win32_11.0.1.201907311258/tools/bin/../lib/gcc/arm-none-eabi/8.2.1/../../../../arm-none-eabi/lib/thumb/v7e-m+dp/hard\libcr_c.a(_writebuf.o)
                0x000024c0                _Cwritebuf
 .text.malloc   0x0000252c       0xc8 c:/nxp/mcuxpressoide_11.0.1_2563/ide/plugins/com.nxp.mcuxpresso.tools.win32_11.0.1.201907311258/tools/bin/../lib/gcc/arm-none-eabi/8.2.1/../../../../arm-none-eabi/lib/thumb/v7e-m+dp/hard\libcr_c.a(alloc.o)
                0x0000252c                malloc
 .text._Csys_alloc
                0x000025f4       0x20 c:/nxp/mcuxpressoide_11.0.1_2563/ide/plugins/com.nxp.mcuxpresso.tools.win32_11.0.1.201907311258/tools/bin/../lib/gcc/arm-none-eabi/8.2.1/../../../../arm-none-eabi/lib/thumb/v7e-m+dp/hard\libcr_c.a(alloc.o)
                0x000025f4                _Csys_alloc
 .text.fseek    0x00002614      0x100 c:/nxp/mcuxpressoide_11.0.1_2563/ide/plugins/com.nxp.mcuxpresso.tools.win32_11.0.1.201907311258/tools/bin/../lib/gcc/arm-none-eabi/8.2.1/../../../../arm-none-eabi/lib/thumb/v7e-m+dp/hard\libcr_c.a(fseek.o)
                0x00002614                fseek
 .text.ftell    0x00002714       0x48 c:/nxp/mcuxpressoide_11.0.1_2563/ide/plugins/com.nxp.mcuxpresso.tools.win32_11.0.1.201907311258/tools/bin/../lib/gcc/arm-none-eabi/8.2.1/../../../../arm-none-eabi/lib/thumb/v7e-m+dp/hard\libcr_c.a(ftell.o)
                0x00002714                ftell
 .text._initio  0x0000275c       0x78 c:/nxp/mcuxpressoide_11.0.1_2563/ide/plugins/com.nxp.mcuxpresso.tools.win32_11.0.1.201907311258/tools/bin/../lib/gcc/arm-none-eabi/8.2.1/../../../../arm-none-eabi/lib/thumb/v7e-m+dp/hard\libcr_c.a(initio.o)
                0x0000275c                _initio
 .text.setvbuf  0x000027d4       0x40 c:/nxp/mcuxpressoide_11.0.1_2563/ide/plugins/com.nxp.mcuxpresso.tools.win32_11.0.1.201907311258/tools/bin/../lib/gcc/arm-none-eabi/8.2.1/../../../../arm-none-eabi/lib/thumb/v7e-m+dp/hard\libcr_c.a(setvbuf.o)
                0x000027d4                setvbuf
 .text._sbrk    0x00002814       0x3c c:/nxp/mcuxpressoide_11.0.1_2563/ide/plugins/com.nxp.mcuxpresso.tools.win32_11.0.1.201907311258/tools/bin/../lib/gcc/arm-none-eabi/8.2.1/../../../../arm-none-eabi/lib/thumb/v7e-m+dp/hard\libcr_c.a(_cr_sbrk.o)
                0x00002814                _sbrk
 .text.fflush   0x00002850       0x44 c:/nxp/mcuxpressoide_11.0.1_2563/ide/plugins/com.nxp.mcuxpresso.tools.win32_11.0.1.201907311258/tools/bin/../lib/gcc/arm-none-eabi/8.2.1/../../../../arm-none-eabi/lib/thumb/v7e-m+dp/hard\libcr_c.a(fflush.o)
                0x00002850                fflush
 .text.__check_heap_overflow
                0x00002894       0x18 c:/nxp/mcuxpressoide_11.0.1_2563/ide/plugins/com.nxp.mcuxpresso.tools.win32_11.0.1.201907311258/tools/bin/../lib/gcc/arm-none-eabi/8.2.1/../../../../arm-none-eabi/lib/thumb/v7e-m+dp/hard\libcr_c.a(_cr_check_heap.o)
                0x00002894                __check_heap_overflow
 .text.DMA0_DMA16_IRQHandler
                0x000028ac        0x8 ./startup/startup_mimxrt1062.o
                0x000028ac                DMA0_DMA16_IRQHandler
 .text.DMA1_DMA17_IRQHandler
                0x000028b4        0x8 ./startup/startup_mimxrt1062.o
                0x000028b4                DMA1_DMA17_IRQHandler
 .text.DMA2_DMA18_IRQHandler
                0x000028bc        0x8 ./startup/startup_mimxrt1062.o
                0x000028bc                DMA2_DMA18_IRQHandler
 .text.DMA3_DMA19_IRQHandler
                0x000028c4        0x8 ./startup/startup_mimxrt1062.o
                0x000028c4                DMA3_DMA19_IRQHandler
 .text.DMA4_DMA20_IRQHandler
                0x000028cc        0x8 ./startup/startup_mimxrt1062.o
                0x000028cc                DMA4_DMA20_IRQHandler
 .text.DMA5_DMA21_IRQHandler
                0x000028d4        0x8 ./startup/startup_mimxrt1062.o
                0x000028d4                DMA5_DMA21_IRQHandler
 .text.DMA6_DMA22_IRQHandler
                0x000028dc        0x8 ./startup/startup_mimxrt1062.o
                0x000028dc                DMA6_DMA22_IRQHandler
 .text.DMA7_DMA23_IRQHandler
                0x000028e4        0x8 ./startup/startup_mimxrt1062.o
                0x000028e4                DMA7_DMA23_IRQHandler
 .text.DMA8_DMA24_IRQHandler
                0x000028ec        0x8 ./startup/startup_mimxrt1062.o
                0x000028ec                DMA8_DMA24_IRQHandler
 .text.DMA9_DMA25_IRQHandler
                0x000028f4        0x8 ./startup/startup_mimxrt1062.o
                0x000028f4                DMA9_DMA25_IRQHandler
 .text.DMA10_DMA26_IRQHandler
                0x000028fc        0x8 ./startup/startup_mimxrt1062.o
                0x000028fc                DMA10_DMA26_IRQHandler
 .text.DMA11_DMA27_IRQHandler
                0x00002904        0x8 ./startup/startup_mimxrt1062.o
                0x00002904                DMA11_DMA27_IRQHandler
 .text.DMA12_DMA28_IRQHandler
                0x0000290c        0x8 ./startup/startup_mimxrt1062.o
                0x0000290c                DMA12_DMA28_IRQHandler
 .text.DMA13_DMA29_IRQHandler
                0x00002914        0x8 ./startup/startup_mimxrt1062.o
                0x00002914                DMA13_DMA29_IRQHandler
 .text.DMA14_DMA30_IRQHandler
                0x0000291c        0x8 ./startup/startup_mimxrt1062.o
                0x0000291c                DMA14_DMA30_IRQHandler
 .text.DMA15_DMA31_IRQHandler
                0x00002924        0x8 ./startup/startup_mimxrt1062.o
                0x00002924                DMA15_DMA31_IRQHandler
 .text.DMA_ERROR_IRQHandler
                0x0000292c        0x8 ./startup/startup_mimxrt1062.o
                0x0000292c                DMA_ERROR_IRQHandler
 .text.CTI0_ERROR_IRQHandler
                0x00002934        0x8 ./startup/startup_mimxrt1062.o
                0x00002934                CTI0_ERROR_IRQHandler
 .text.CTI1_ERROR_IRQHandler
                0x0000293c        0x8 ./startup/startup_mimxrt1062.o
                0x0000293c                CTI1_ERROR_IRQHandler
 .text.CORE_IRQHandler
                0x00002944        0x8 ./startup/startup_mimxrt1062.o
                0x00002944                CORE_IRQHandler
 .text.LPUART1_IRQHandler
                0x0000294c        0x8 ./startup/startup_mimxrt1062.o
                0x0000294c                LPUART1_IRQHandler
 .text.LPUART2_IRQHandler
                0x00002954        0x8 ./startup/startup_mimxrt1062.o
                0x00002954                LPUART2_IRQHandler
 .text.LPUART3_IRQHandler
                0x0000295c        0x8 ./startup/startup_mimxrt1062.o
                0x0000295c                LPUART3_IRQHandler
 .text.LPUART4_IRQHandler
                0x00002964        0x8 ./startup/startup_mimxrt1062.o
                0x00002964                LPUART4_IRQHandler
 .text.LPUART5_IRQHandler
                0x0000296c        0x8 ./startup/startup_mimxrt1062.o
                0x0000296c                LPUART5_IRQHandler
 .text.LPUART6_IRQHandler
                0x00002974        0x8 ./startup/startup_mimxrt1062.o
                0x00002974                LPUART6_IRQHandler
 .text.LPUART7_IRQHandler
                0x0000297c        0x8 ./startup/startup_mimxrt1062.o
                0x0000297c                LPUART7_IRQHandler
 .text.LPUART8_IRQHandler
                0x00002984        0x8 ./startup/startup_mimxrt1062.o
                0x00002984                LPUART8_IRQHandler
 .text.LPI2C1_IRQHandler
                0x0000298c        0x8 ./startup/startup_mimxrt1062.o
                0x0000298c                LPI2C1_IRQHandler
 .text.LPI2C2_IRQHandler
                0x00002994        0x8 ./startup/startup_mimxrt1062.o
                0x00002994                LPI2C2_IRQHandler
 .text.LPI2C3_IRQHandler
                0x0000299c        0x8 ./startup/startup_mimxrt1062.o
                0x0000299c                LPI2C3_IRQHandler
 .text.LPI2C4_IRQHandler
                0x000029a4        0x8 ./startup/startup_mimxrt1062.o
                0x000029a4                LPI2C4_IRQHandler
 .text.LPSPI1_IRQHandler
                0x000029ac        0x8 ./startup/startup_mimxrt1062.o
                0x000029ac                LPSPI1_IRQHandler
 .text.LPSPI2_IRQHandler
                0x000029b4        0x8 ./startup/startup_mimxrt1062.o
                0x000029b4                LPSPI2_IRQHandler
 .text.LPSPI3_IRQHandler
                0x000029bc        0x8 ./startup/startup_mimxrt1062.o
                0x000029bc                LPSPI3_IRQHandler
 .text.LPSPI4_IRQHandler
                0x000029c4        0x8 ./startup/startup_mimxrt1062.o
                0x000029c4                LPSPI4_IRQHandler
 .text.CAN1_IRQHandler
                0x000029cc        0x8 ./startup/startup_mimxrt1062.o
                0x000029cc                CAN1_IRQHandler
 .text.CAN2_IRQHandler
                0x000029d4        0x8 ./startup/startup_mimxrt1062.o
                0x000029d4                CAN2_IRQHandler
 .text.FLEXRAM_IRQHandler
                0x000029dc        0x8 ./startup/startup_mimxrt1062.o
                0x000029dc                FLEXRAM_IRQHandler
 .text.KPP_IRQHandler
                0x000029e4        0x8 ./startup/startup_mimxrt1062.o
                0x000029e4                KPP_IRQHandler
 .text.TSC_DIG_IRQHandler
                0x000029ec        0x8 ./startup/startup_mimxrt1062.o
                0x000029ec                TSC_DIG_IRQHandler
 .text.GPR_IRQ_IRQHandler
                0x000029f4        0x8 ./startup/startup_mimxrt1062.o
                0x000029f4                GPR_IRQ_IRQHandler
 .text.LCDIF_IRQHandler
                0x000029fc        0x8 ./startup/startup_mimxrt1062.o
                0x000029fc                LCDIF_IRQHandler
 .text.CSI_IRQHandler
                0x00002a04        0x8 ./startup/startup_mimxrt1062.o
                0x00002a04                CSI_IRQHandler
 .text.PXP_IRQHandler
                0x00002a0c        0x8 ./startup/startup_mimxrt1062.o
                0x00002a0c                PXP_IRQHandler
 .text.WDOG2_IRQHandler
                0x00002a14        0x8 ./startup/startup_mimxrt1062.o
                0x00002a14                WDOG2_IRQHandler
 .text.SNVS_HP_WRAPPER_IRQHandler
                0x00002a1c        0x8 ./startup/startup_mimxrt1062.o
                0x00002a1c                SNVS_HP_WRAPPER_IRQHandler
 .text.SNVS_HP_WRAPPER_TZ_IRQHandler
                0x00002a24        0x8 ./startup/startup_mimxrt1062.o
                0x00002a24                SNVS_HP_WRAPPER_TZ_IRQHandler
 .text.SNVS_LP_WRAPPER_IRQHandler
                0x00002a2c        0x8 ./startup/startup_mimxrt1062.o
                0x00002a2c                SNVS_LP_WRAPPER_IRQHandler
 .text.CSU_IRQHandler
                0x00002a34        0x8 ./startup/startup_mimxrt1062.o
                0x00002a34                CSU_IRQHandler
 .text.DCP_IRQHandler
                0x00002a3c        0x8 ./startup/startup_mimxrt1062.o
                0x00002a3c                DCP_IRQHandler
 .text.DCP_VMI_IRQHandler
                0x00002a44        0x8 ./startup/startup_mimxrt1062.o
                0x00002a44                DCP_VMI_IRQHandler
 .text.Reserved68_IRQHandler
                0x00002a4c        0x8 ./startup/startup_mimxrt1062.o
                0x00002a4c                Reserved68_IRQHandler
 .text.TRNG_IRQHandler
                0x00002a54        0x8 ./startup/startup_mimxrt1062.o
                0x00002a54                TRNG_IRQHandler
 .text.SJC_IRQHandler
                0x00002a5c        0x8 ./startup/startup_mimxrt1062.o
                0x00002a5c                SJC_IRQHandler
 .text.BEE_IRQHandler
                0x00002a64        0x8 ./startup/startup_mimxrt1062.o
                0x00002a64                BEE_IRQHandler
 .text.SAI1_IRQHandler
                0x00002a6c        0x8 ./startup/startup_mimxrt1062.o
                0x00002a6c                SAI1_IRQHandler
 .text.SAI2_IRQHandler
                0x00002a74        0x8 ./startup/startup_mimxrt1062.o
                0x00002a74                SAI2_IRQHandler
 .text.SAI3_RX_IRQHandler
                0x00002a7c        0x8 ./startup/startup_mimxrt1062.o
                0x00002a7c                SAI3_RX_IRQHandler
 .text.SAI3_TX_IRQHandler
                0x00002a84        0x8 ./startup/startup_mimxrt1062.o
                0x00002a84                SAI3_TX_IRQHandler
 .text.SPDIF_IRQHandler
                0x00002a8c        0x8 ./startup/startup_mimxrt1062.o
                0x00002a8c                SPDIF_IRQHandler
 .text.PMU_EVENT_IRQHandler
                0x00002a94        0x8 ./startup/startup_mimxrt1062.o
                0x00002a94                PMU_EVENT_IRQHandler
 .text.Reserved78_IRQHandler
                0x00002a9c        0x8 ./startup/startup_mimxrt1062.o
                0x00002a9c                Reserved78_IRQHandler
 .text.TEMP_LOW_HIGH_IRQHandler
                0x00002aa4        0x8 ./startup/startup_mimxrt1062.o
                0x00002aa4                TEMP_LOW_HIGH_IRQHandler
 .text.TEMP_PANIC_IRQHandler
                0x00002aac        0x8 ./startup/startup_mimxrt1062.o
                0x00002aac                TEMP_PANIC_IRQHandler
 .text.USB_PHY1_IRQHandler
                0x00002ab4        0x8 ./startup/startup_mimxrt1062.o
                0x00002ab4                USB_PHY1_IRQHandler
 .text.USB_PHY2_IRQHandler
                0x00002abc        0x8 ./startup/startup_mimxrt1062.o
                0x00002abc                USB_PHY2_IRQHandler
 .text.ADC1_IRQHandler
                0x00002ac4        0x8 ./startup/startup_mimxrt1062.o
                0x00002ac4                ADC1_IRQHandler
 .text.ADC2_IRQHandler
                0x00002acc        0x8 ./startup/startup_mimxrt1062.o
                0x00002acc                ADC2_IRQHandler
 .text.DCDC_IRQHandler
                0x00002ad4        0x8 ./startup/startup_mimxrt1062.o
                0x00002ad4                DCDC_IRQHandler
 .text.Reserved86_IRQHandler
                0x00002adc        0x8 ./startup/startup_mimxrt1062.o
                0x00002adc                Reserved86_IRQHandler
 .text.Reserved87_IRQHandler
                0x00002ae4        0x8 ./startup/startup_mimxrt1062.o
                0x00002ae4                Reserved87_IRQHandler
 .text.GPIO1_INT0_IRQHandler
                0x00002aec        0x8 ./startup/startup_mimxrt1062.o
                0x00002aec                GPIO1_INT0_IRQHandler
 .text.GPIO1_INT1_IRQHandler
                0x00002af4        0x8 ./startup/startup_mimxrt1062.o
                0x00002af4                GPIO1_INT1_IRQHandler
 .text.GPIO1_INT2_IRQHandler
                0x00002afc        0x8 ./startup/startup_mimxrt1062.o
                0x00002afc                GPIO1_INT2_IRQHandler
 .text.GPIO1_INT3_IRQHandler
                0x00002b04        0x8 ./startup/startup_mimxrt1062.o
                0x00002b04                GPIO1_INT3_IRQHandler
 .text.GPIO1_INT4_IRQHandler
                0x00002b0c        0x8 ./startup/startup_mimxrt1062.o
                0x00002b0c                GPIO1_INT4_IRQHandler
 .text.GPIO1_INT5_IRQHandler
                0x00002b14        0x8 ./startup/startup_mimxrt1062.o
                0x00002b14                GPIO1_INT5_IRQHandler
 .text.GPIO1_INT6_IRQHandler
                0x00002b1c        0x8 ./startup/startup_mimxrt1062.o
                0x00002b1c                GPIO1_INT6_IRQHandler
 .text.GPIO1_INT7_IRQHandler
                0x00002b24        0x8 ./startup/startup_mimxrt1062.o
                0x00002b24                GPIO1_INT7_IRQHandler
 .text.GPIO1_Combined_0_15_IRQHandler
                0x00002b2c        0x8 ./startup/startup_mimxrt1062.o
                0x00002b2c                GPIO1_Combined_0_15_IRQHandler
 .text.GPIO1_Combined_16_31_IRQHandler
                0x00002b34        0x8 ./startup/startup_mimxrt1062.o
                0x00002b34                GPIO1_Combined_16_31_IRQHandler
 .text.GPIO2_Combined_0_15_IRQHandler
                0x00002b3c        0x8 ./startup/startup_mimxrt1062.o
                0x00002b3c                GPIO2_Combined_0_15_IRQHandler
 .text.GPIO2_Combined_16_31_IRQHandler
                0x00002b44        0x8 ./startup/startup_mimxrt1062.o
                0x00002b44                GPIO2_Combined_16_31_IRQHandler
 .text.GPIO3_Combined_0_15_IRQHandler
                0x00002b4c        0x8 ./startup/startup_mimxrt1062.o
                0x00002b4c                GPIO3_Combined_0_15_IRQHandler
 .text.GPIO3_Combined_16_31_IRQHandler
                0x00002b54        0x8 ./startup/startup_mimxrt1062.o
                0x00002b54                GPIO3_Combined_16_31_IRQHandler
 .text.GPIO4_Combined_0_15_IRQHandler
                0x00002b5c        0x8 ./startup/startup_mimxrt1062.o
                0x00002b5c                GPIO4_Combined_0_15_IRQHandler
 .text.GPIO4_Combined_16_31_IRQHandler
                0x00002b64        0x8 ./startup/startup_mimxrt1062.o
                0x00002b64                GPIO4_Combined_16_31_IRQHandler
 .text.GPIO5_Combined_0_15_IRQHandler
                0x00002b6c        0x8 ./startup/startup_mimxrt1062.o
                0x00002b6c                GPIO5_Combined_0_15_IRQHandler
 .text.GPIO5_Combined_16_31_IRQHandler
                0x00002b74        0x8 ./startup/startup_mimxrt1062.o
                0x00002b74                GPIO5_Combined_16_31_IRQHandler
 .text.FLEXIO1_IRQHandler
                0x00002b7c        0x8 ./startup/startup_mimxrt1062.o
                0x00002b7c                FLEXIO1_IRQHandler
 .text.FLEXIO2_IRQHandler
                0x00002b84        0x8 ./startup/startup_mimxrt1062.o
                0x00002b84                FLEXIO2_IRQHandler
 .text.WDOG1_IRQHandler
                0x00002b8c        0x8 ./startup/startup_mimxrt1062.o
                0x00002b8c                WDOG1_IRQHandler
 .text.RTWDOG_IRQHandler
                0x00002b94        0x8 ./startup/startup_mimxrt1062.o
                0x00002b94                RTWDOG_IRQHandler
 .text.EWM_IRQHandler
                0x00002b9c        0x8 ./startup/startup_mimxrt1062.o
                0x00002b9c                EWM_IRQHandler
 .text.CCM_1_IRQHandler
                0x00002ba4        0x8 ./startup/startup_mimxrt1062.o
                0x00002ba4                CCM_1_IRQHandler
 .text.CCM_2_IRQHandler
                0x00002bac        0x8 ./startup/startup_mimxrt1062.o
                0x00002bac                CCM_2_IRQHandler
 .text.GPC_IRQHandler
                0x00002bb4        0x8 ./startup/startup_mimxrt1062.o
                0x00002bb4                GPC_IRQHandler
 .text.SRC_IRQHandler
                0x00002bbc        0x8 ./startup/startup_mimxrt1062.o
                0x00002bbc                SRC_IRQHandler
 .text.Reserved115_IRQHandler
                0x00002bc4        0x8 ./startup/startup_mimxrt1062.o
                0x00002bc4                Reserved115_IRQHandler
 .text.GPT1_IRQHandler
                0x00002bcc        0x8 ./startup/startup_mimxrt1062.o
                0x00002bcc                GPT1_IRQHandler
 .text.GPT2_IRQHandler
                0x00002bd4        0x8 ./startup/startup_mimxrt1062.o
                0x00002bd4                GPT2_IRQHandler
 .text.PWM1_0_IRQHandler
                0x00002bdc        0x8 ./startup/startup_mimxrt1062.o
                0x00002bdc                PWM1_0_IRQHandler
 .text.PWM1_1_IRQHandler
                0x00002be4        0x8 ./startup/startup_mimxrt1062.o
                0x00002be4                PWM1_1_IRQHandler
 .text.PWM1_2_IRQHandler
                0x00002bec        0x8 ./startup/startup_mimxrt1062.o
                0x00002bec                PWM1_2_IRQHandler
 .text.PWM1_3_IRQHandler
                0x00002bf4        0x8 ./startup/startup_mimxrt1062.o
                0x00002bf4                PWM1_3_IRQHandler
 .text.PWM1_FAULT_IRQHandler
                0x00002bfc        0x8 ./startup/startup_mimxrt1062.o
                0x00002bfc                PWM1_FAULT_IRQHandler
 .text.FLEXSPI2_IRQHandler
                0x00002c04        0x8 ./startup/startup_mimxrt1062.o
                0x00002c04                FLEXSPI2_IRQHandler
 .text.FLEXSPI_IRQHandler
                0x00002c0c        0x8 ./startup/startup_mimxrt1062.o
                0x00002c0c                FLEXSPI_IRQHandler
 .text.SEMC_IRQHandler
                0x00002c14        0x8 ./startup/startup_mimxrt1062.o
                0x00002c14                SEMC_IRQHandler
 .text.USDHC1_IRQHandler
                0x00002c1c        0x8 ./startup/startup_mimxrt1062.o
                0x00002c1c                USDHC1_IRQHandler
 .text.USDHC2_IRQHandler
                0x00002c24        0x8 ./startup/startup_mimxrt1062.o
                0x00002c24                USDHC2_IRQHandler
 .text.USB_OTG2_IRQHandler
                0x00002c2c        0x8 ./startup/startup_mimxrt1062.o
                0x00002c2c                USB_OTG2_IRQHandler
 .text.USB_OTG1_IRQHandler
                0x00002c34        0x8 ./startup/startup_mimxrt1062.o
                0x00002c34                USB_OTG1_IRQHandler
 .text.ENET_IRQHandler
                0x00002c3c        0x8 ./startup/startup_mimxrt1062.o
                0x00002c3c                ENET_IRQHandler
 .text.ENET_1588_Timer_IRQHandler
                0x00002c44        0x8 ./startup/startup_mimxrt1062.o
                0x00002c44                ENET_1588_Timer_IRQHandler
 .text.XBAR1_IRQ_0_1_IRQHandler
                0x00002c4c        0x8 ./startup/startup_mimxrt1062.o
                0x00002c4c                XBAR1_IRQ_0_1_IRQHandler
 .text.XBAR1_IRQ_2_3_IRQHandler
                0x00002c54        0x8 ./startup/startup_mimxrt1062.o
                0x00002c54                XBAR1_IRQ_2_3_IRQHandler
 .text.ADC_ETC_IRQ0_IRQHandler
                0x00002c5c        0x8 ./startup/startup_mimxrt1062.o
                0x00002c5c                ADC_ETC_IRQ0_IRQHandler
 .text.ADC_ETC_IRQ1_IRQHandler
                0x00002c64        0x8 ./startup/startup_mimxrt1062.o
                0x00002c64                ADC_ETC_IRQ1_IRQHandler
 .text.ADC_ETC_IRQ2_IRQHandler
                0x00002c6c        0x8 ./startup/startup_mimxrt1062.o
                0x00002c6c                ADC_ETC_IRQ2_IRQHandler
 .text.ADC_ETC_ERROR_IRQ_IRQHandler
                0x00002c74        0x8 ./startup/startup_mimxrt1062.o
                0x00002c74                ADC_ETC_ERROR_IRQ_IRQHandler
 .text.PIT_IRQHandler
                0x00002c7c        0x8 ./startup/startup_mimxrt1062.o
                0x00002c7c                PIT_IRQHandler
 .text.ACMP1_IRQHandler
                0x00002c84        0x8 ./startup/startup_mimxrt1062.o
                0x00002c84                ACMP1_IRQHandler
 .text.ACMP2_IRQHandler
                0x00002c8c        0x8 ./startup/startup_mimxrt1062.o
                0x00002c8c                ACMP2_IRQHandler
 .text.ACMP3_IRQHandler
                0x00002c94        0x8 ./startup/startup_mimxrt1062.o
                0x00002c94                ACMP3_IRQHandler
 .text.ACMP4_IRQHandler
                0x00002c9c        0x8 ./startup/startup_mimxrt1062.o
                0x00002c9c                ACMP4_IRQHandler
 .text.Reserved143_IRQHandler
                0x00002ca4        0x8 ./startup/startup_mimxrt1062.o
                0x00002ca4                Reserved143_IRQHandler
 .text.Reserved144_IRQHandler
                0x00002cac        0x8 ./startup/startup_mimxrt1062.o
                0x00002cac                Reserved144_IRQHandler
 .text.ENC1_IRQHandler
                0x00002cb4        0x8 ./startup/startup_mimxrt1062.o
                0x00002cb4                ENC1_IRQHandler
 .text.ENC2_IRQHandler
                0x00002cbc        0x8 ./startup/startup_mimxrt1062.o
                0x00002cbc                ENC2_IRQHandler
 .text.ENC3_IRQHandler
                0x00002cc4        0x8 ./startup/startup_mimxrt1062.o
                0x00002cc4                ENC3_IRQHandler
 .text.ENC4_IRQHandler
                0x00002ccc        0x8 ./startup/startup_mimxrt1062.o
                0x00002ccc                ENC4_IRQHandler
 .text.TMR1_IRQHandler
                0x00002cd4        0x8 ./startup/startup_mimxrt1062.o
                0x00002cd4                TMR1_IRQHandler
 .text.TMR2_IRQHandler
                0x00002cdc        0x8 ./startup/startup_mimxrt1062.o
                0x00002cdc                TMR2_IRQHandler
 .text.TMR3_IRQHandler
                0x00002ce4        0x8 ./startup/startup_mimxrt1062.o
                0x00002ce4                TMR3_IRQHandler
 .text.TMR4_IRQHandler
                0x00002cec        0x8 ./startup/startup_mimxrt1062.o
                0x00002cec                TMR4_IRQHandler
 .text.PWM2_0_IRQHandler
                0x00002cf4        0x8 ./startup/startup_mimxrt1062.o
                0x00002cf4                PWM2_0_IRQHandler
 .text.PWM2_1_IRQHandler
                0x00002cfc        0x8 ./startup/startup_mimxrt1062.o
                0x00002cfc                PWM2_1_IRQHandler
 .text.PWM2_2_IRQHandler
                0x00002d04        0x8 ./startup/startup_mimxrt1062.o
                0x00002d04                PWM2_2_IRQHandler
 .text.PWM2_3_IRQHandler
                0x00002d0c        0x8 ./startup/startup_mimxrt1062.o
                0x00002d0c                PWM2_3_IRQHandler
 .text.PWM2_FAULT_IRQHandler
                0x00002d14        0x8 ./startup/startup_mimxrt1062.o
                0x00002d14                PWM2_FAULT_IRQHandler
 .text.PWM3_0_IRQHandler
                0x00002d1c        0x8 ./startup/startup_mimxrt1062.o
                0x00002d1c                PWM3_0_IRQHandler
 .text.PWM3_1_IRQHandler
                0x00002d24        0x8 ./startup/startup_mimxrt1062.o
                0x00002d24                PWM3_1_IRQHandler
 .text.PWM3_2_IRQHandler
                0x00002d2c        0x8 ./startup/startup_mimxrt1062.o
                0x00002d2c                PWM3_2_IRQHandler
 .text.PWM3_3_IRQHandler
                0x00002d34        0x8 ./startup/startup_mimxrt1062.o
                0x00002d34                PWM3_3_IRQHandler
 .text.PWM3_FAULT_IRQHandler
                0x00002d3c        0x8 ./startup/startup_mimxrt1062.o
                0x00002d3c                PWM3_FAULT_IRQHandler
 .text.PWM4_0_IRQHandler
                0x00002d44        0x8 ./startup/startup_mimxrt1062.o
                0x00002d44                PWM4_0_IRQHandler
 .text.PWM4_1_IRQHandler
                0x00002d4c        0x8 ./startup/startup_mimxrt1062.o
                0x00002d4c                PWM4_1_IRQHandler
 .text.PWM4_2_IRQHandler
                0x00002d54        0x8 ./startup/startup_mimxrt1062.o
                0x00002d54                PWM4_2_IRQHandler
 .text.PWM4_3_IRQHandler
                0x00002d5c        0x8 ./startup/startup_mimxrt1062.o
                0x00002d5c                PWM4_3_IRQHandler
 .text.PWM4_FAULT_IRQHandler
                0x00002d64        0x8 ./startup/startup_mimxrt1062.o
                0x00002d64                PWM4_FAULT_IRQHandler
 .text.ENET2_IRQHandler
                0x00002d6c        0x8 ./startup/startup_mimxrt1062.o
                0x00002d6c                ENET2_IRQHandler
 .text.ENET2_1588_Timer_IRQHandler
                0x00002d74        0x8 ./startup/startup_mimxrt1062.o
                0x00002d74                ENET2_1588_Timer_IRQHandler
 .text.CAN3_IRQHandler
                0x00002d7c        0x8 ./startup/startup_mimxrt1062.o
                0x00002d7c                CAN3_IRQHandler
 .text.Reserved171_IRQHandler
                0x00002d84        0x8 ./startup/startup_mimxrt1062.o
                0x00002d84                Reserved171_IRQHandler
 .text.FLEXIO3_IRQHandler
                0x00002d8c        0x8 ./startup/startup_mimxrt1062.o
                0x00002d8c                FLEXIO3_IRQHandler
 .text.GPIO6_7_8_9_IRQHandler
                0x00002d94        0x8 ./startup/startup_mimxrt1062.o
                0x00002d94                GPIO6_7_8_9_IRQHandler
 .text.HardFault_Handler
                0x00002d9c       0x2c ./source/semihost_hardfault.o
                0x00002d9c                HardFault_Handler
 .text.CLOCK_IsPllBypassed
                0x00002dc8       0x32 ./drivers/fsl_clock.o
 .text.CLOCK_IsPllEnabled
                0x00002dfa       0x3c ./drivers/fsl_clock.o
 .text.CLOCK_GetPllBypassRefClk
                0x00002e36       0x34 ./drivers/fsl_clock.o
 .text.CLOCK_EnableClock
                0x00002e6a       0x1e ./drivers/fsl_gpio.o
 .text.GPIO_SetPinInterruptConfig
                0x00002e88       0x22 ./drivers/fsl_gpio.o
 .text.CLOCK_EnableClock
                0x00002eaa       0x1e ./drivers/fsl_lpuart.o
 .text.LPUART_SoftwareReset
                0x00002ec8       0x2c ./drivers/fsl_lpuart.o
 .text.SystemInitHook
                0x00002ef4        0xe ./device/system_MIMXRT1062.o
                0x00002ef4                SystemInitHook
 .text.HAL_UartGetStatus
                0x00002f02       0x22 ./component/uart/lpuart_adapter.o
 .text.BOARD_InitDebugConsole
                0x00002f24       0x22 ./board/board.o
                0x00002f24                BOARD_InitDebugConsole
 .text.CLOCK_DisableClock
                0x00002f46       0x1e ./board/clock_config.o
 .text.CLOCK_SetPllBypass
                0x00002f64       0x4e ./board/clock_config.o
 .text.IOMUXC_SetSaiMClkClockSource
                0x00002fb2       0x6c ./board/clock_config.o
 .text.CLOCK_EnableClock
                0x0000301e       0x1e ./board/pin_mux.o
 .text.IOMUXC_SetPinMux
                0x0000303c       0x3a ./board/pin_mux.o
 .text.__main   0x00003076        0xe c:/nxp/mcuxpressoide_11.0.1_2563/ide/plugins/com.nxp.mcuxpresso.tools.win32_11.0.1.201907311258/tools/bin/../lib/gcc/arm-none-eabi/8.2.1/../../../../arm-none-eabi/lib/thumb/v7e-m+dp/hard\libcr_nohost_nf.a(_cr__main.o)
                0x00003076                __main
 .text.__sys_appexit
                0x00003084        0x2 c:/nxp/mcuxpressoide_11.0.1_2563/ide/plugins/com.nxp.mcuxpresso.tools.win32_11.0.1.201907311258/tools/bin/../lib/gcc/arm-none-eabi/8.2.1/../../../../arm-none-eabi/lib/thumb/v7e-m+dp/hard\libcr_nohost_nf.a(__sys_appexit.o)
                0x00003084                __sys_appexit
                0x00003084                __exit
 .text.memset   0x00003086        0x4 c:/nxp/mcuxpressoide_11.0.1_2563/ide/plugins/com.nxp.mcuxpresso.tools.win32_11.0.1.201907311258/tools/bin/../lib/gcc/arm-none-eabi/8.2.1/../../../../arm-none-eabi/lib/thumb/v7e-m+dp/hard\libcr_c.a(memset.o)
                0x00003086                memset
 .text._deferredlazyseek
                0x0000308a       0x40 c:/nxp/mcuxpressoide_11.0.1_2563/ide/plugins/com.nxp.mcuxpresso.tools.win32_11.0.1.201907311258/tools/bin/../lib/gcc/arm-none-eabi/8.2.1/../../../../arm-none-eabi/lib/thumb/v7e-m+dp/hard\libcr_c.a(_deferredlazyseek.o)
                0x0000308a                _deferredlazyseek
 .text.__flsbuf
                0x000030ca      0x140 c:/nxp/mcuxpressoide_11.0.1_2563/ide/plugins/com.nxp.mcuxpresso.tools.win32_11.0.1.201907311258/tools/bin/../lib/gcc/arm-none-eabi/8.2.1/../../../../arm-none-eabi/lib/thumb/v7e-m+dp/hard\libcr_c.a(_deferredlazyseek.o)
                0x000030ca                __flsbuf
 .text._fflush  0x0000320a       0x52 c:/nxp/mcuxpressoide_11.0.1_2563/ide/plugins/com.nxp.mcuxpresso.tools.win32_11.0.1.201907311258/tools/bin/../lib/gcc/arm-none-eabi/8.2.1/../../../../arm-none-eabi/lib/thumb/v7e-m+dp/hard\libcr_c.a(_fflush.o)
                0x0000320a                _fflush
 .text.free     0x0000325c       0x30 c:/nxp/mcuxpressoide_11.0.1_2563/ide/plugins/com.nxp.mcuxpresso.tools.win32_11.0.1.201907311258/tools/bin/../lib/gcc/arm-none-eabi/8.2.1/../../../../arm-none-eabi/lib/thumb/v7e-m+dp/hard\libcr_c.a(alloc.o)
                0x0000325c                free
 .text.fputs    0x0000328c       0x2c c:/nxp/mcuxpressoide_11.0.1_2563/ide/plugins/com.nxp.mcuxpresso.tools.win32_11.0.1.201907311258/tools/bin/../lib/gcc/arm-none-eabi/8.2.1/../../../../arm-none-eabi/lib/thumb/v7e-m+dp/hard\libcr_c.a(fputs.o)
                0x0000328c                fputs
 .text.strlen   0x000032b8       0x4c c:/nxp/mcuxpressoide_11.0.1_2563/ide/plugins/com.nxp.mcuxpresso.tools.win32_11.0.1.201907311258/tools/bin/../lib/gcc/arm-none-eabi/8.2.1/../../../../arm-none-eabi/lib/thumb/v7e-m+dp/hard\libcr_c.a(strlen.o)
                0x000032b8                strlen
 .text._fdopen  0x00003304       0x68 c:/nxp/mcuxpressoide_11.0.1_2563/ide/plugins/com.nxp.mcuxpresso.tools.win32_11.0.1.201907311258/tools/bin/../lib/gcc/arm-none-eabi/8.2.1/../../../../arm-none-eabi/lib/thumb/v7e-m+dp/hard\libcr_c.a(_fdopen.o)
                0x00003304                _fdopen
 .text.fclose   0x0000336c       0x58 c:/nxp/mcuxpressoide_11.0.1_2563/ide/plugins/com.nxp.mcuxpresso.tools.win32_11.0.1.201907311258/tools/bin/../lib/gcc/arm-none-eabi/8.2.1/../../../../arm-none-eabi/lib/thumb/v7e-m+dp/hard\libcr_c.a(fclose.o)
                0x0000336c                fclose
 .text.remove   0x000033c4       0x14 c:/nxp/mcuxpressoide_11.0.1_2563/ide/plugins/com.nxp.mcuxpresso.tools.win32_11.0.1.201907311258/tools/bin/../lib/gcc/arm-none-eabi/8.2.1/../../../../arm-none-eabi/lib/thumb/v7e-m+dp/hard\libcr_c.a(remove.o)
                0x000033c4                remove
 .text._do_fflush
                0x000033d8       0x40 c:/nxp/mcuxpressoide_11.0.1_2563/ide/plugins/com.nxp.mcuxpresso.tools.win32_11.0.1.201907311258/tools/bin/../lib/gcc/arm-none-eabi/8.2.1/../../../../arm-none-eabi/lib/thumb/v7e-m+dp/hard\libcr_c.a(_do_fflush.o)
                0x000033d8                _do_fflush
 .text.__aeabi_division_uldivmod
                0x00003418      0x174 c:/nxp/mcuxpressoide_11.0.1_2563/ide/plugins/com.nxp.mcuxpresso.tools.win32_11.0.1.201907311258/tools/bin/../lib/gcc/arm-none-eabi/8.2.1/thumb/v7e-m+dp/hard\libcr_eabihelpers.a(division_64.o)
                0x00003418                __aeabi_uldivmod
                0x0000341c                __bhs_ldivmod1
 .text.__aeabi_division_idiv0
                0x0000358c        0x2 c:/nxp/mcuxpressoide_11.0.1_2563/ide/plugins/com.nxp.mcuxpresso.tools.win32_11.0.1.201907311258/tools/bin/../lib/gcc/arm-none-eabi/8.2.1/thumb/v7e-m+dp/hard\libcr_eabihelpers.a(division_idiv0.o)
                0x0000358c                __aeabi_idiv0
 .text.__aeabi_memset_lowlevel
                0x0000358e       0x32 c:/nxp/mcuxpressoide_11.0.1_2563/ide/plugins/com.nxp.mcuxpresso.tools.win32_11.0.1.201907311258/tools/bin/../lib/gcc/arm-none-eabi/8.2.1/thumb/v7e-m+dp/hard\libcr_eabihelpers.a(memcpy.o)
                0x0000358e                __aeabi_lowlevel_memset
 .text.__sys_close
                0x000035c0        0x6 c:/nxp/mcuxpressoide_11.0.1_2563/ide/plugins/com.nxp.mcuxpresso.tools.win32_11.0.1.201907311258/tools/bin/../lib/gcc/arm-none-eabi/8.2.1/../../../../arm-none-eabi/lib/thumb/v7e-m+dp/hard\libcr_nohost_nf.a(__sys_close.o)
                0x000035c0                __sys_close
 .text.__sys_flen
                0x000035c6        0x6 c:/nxp/mcuxpressoide_11.0.1_2563/ide/plugins/com.nxp.mcuxpresso.tools.win32_11.0.1.201907311258/tools/bin/../lib/gcc/arm-none-eabi/8.2.1/../../../../arm-none-eabi/lib/thumb/v7e-m+dp/hard\libcr_nohost_nf.a(__sys_flen.o)
                0x000035c6                __sys_flen
 .text.__sys_istty
                0x000035cc        0x6 c:/nxp/mcuxpressoide_11.0.1_2563/ide/plugins/com.nxp.mcuxpresso.tools.win32_11.0.1.201907311258/tools/bin/../lib/gcc/arm-none-eabi/8.2.1/../../../../arm-none-eabi/lib/thumb/v7e-m+dp/hard\libcr_nohost_nf.a(__sys_istty.o)
                0x000035cc                __sys_istty
 .text.__sys_remove
                0x000035d2        0x6 c:/nxp/mcuxpressoide_11.0.1_2563/ide/plugins/com.nxp.mcuxpresso.tools.win32_11.0.1.201907311258/tools/bin/../lib/gcc/arm-none-eabi/8.2.1/../../../../arm-none-eabi/lib/thumb/v7e-m+dp/hard\libcr_nohost_nf.a(__sys_remove.o)
                0x000035d2                __sys_remove
 .text.__sys_seek
                0x000035d8        0x6 c:/nxp/mcuxpressoide_11.0.1_2563/ide/plugins/com.nxp.mcuxpresso.tools.win32_11.0.1.201907311258/tools/bin/../lib/gcc/arm-none-eabi/8.2.1/../../../../arm-none-eabi/lib/thumb/v7e-m+dp/hard\libcr_nohost_nf.a(__sys_seek.o)
                0x000035d8                __sys_seek
 .text.__sys_tmpnam
                0x000035de        0x6 c:/nxp/mcuxpressoide_11.0.1_2563/ide/plugins/com.nxp.mcuxpresso.tools.win32_11.0.1.201907311258/tools/bin/../lib/gcc/arm-none-eabi/8.2.1/../../../../arm-none-eabi/lib/thumb/v7e-m+dp/hard\libcr_nohost_nf.a(__sys_tmpnam.o)
                0x000035de                __sys_tmpnam
 .text.__sys_write
                0x000035e4        0x4 c:/nxp/mcuxpressoide_11.0.1_2563/ide/plugins/com.nxp.mcuxpresso.tools.win32_11.0.1.201907311258/tools/bin/../lib/gcc/arm-none-eabi/8.2.1/../../../../arm-none-eabi/lib/thumb/v7e-m+dp/hard\libcr_nohost_nf.a(__sys_write.o)
                0x000035e4                __sys_write
 *(SORT_BY_ALIGNMENT(.rodata) SORT_BY_ALIGNMENT(.rodata.*) SORT_BY_ALIGNMENT(.constdata) SORT_BY_ALIGNMENT(.constdata.*))
 .rodata        0x000035e8      0x21f ./utilities/fsl_debug_console.o
 *fill*         0x00003807        0x1 ff
 .rodata        0x00003808       0xc7 ./drivers/fsl_clock.o
 *fill*         0x000038cf        0x1 ff
 .rodata        0x000038d0       0x91 ./drivers/fsl_gpio.o
 *fill*         0x00003961        0x3 ff
 .rodata.s_gpioBases
                0x00003964       0x28 ./drivers/fsl_gpio.o
 .rodata.s_gpioClock
                0x0000398c        0xc ./drivers/fsl_gpio.o
 .rodata        0x00003998      0x6b2 ./drivers/fsl_lpuart.o
 *fill*         0x0000404a        0x2 ff
 .rodata.s_lpuartBases
                0x0000404c       0x24 ./drivers/fsl_lpuart.o
 .rodata.s_lpuartClock
                0x00004070       0x12 ./drivers/fsl_lpuart.o
 *fill*         0x00004082        0x2 ff
 .rodata.s_LpuartAdapterBase
                0x00004084       0x24 ./component/uart/lpuart_adapter.o
 .rodata        0x000040a8      0x274 ./component/uart/lpuart_adapter.o
 .rodata        0x0000431c      0x525 ./component/serial_manager/serial_manager.o
 *fill*         0x00004841        0x3 ff
 .rodata        0x00004844      0x244 ./component/serial_manager/serial_port_uart.o
 .rodata        0x00004a88       0xa1 ./board/clock_config.o
 *fill*         0x00004b29        0x3 ff
 .rodata.armPllConfig_BOARD_BootClockRUN
                0x00004b2c        0x8 ./board/clock_config.o
                0x00004b2c                armPllConfig_BOARD_BootClockRUN
 .rodata.sysPllConfig_BOARD_BootClockRUN
                0x00004b34       0x14 ./board/clock_config.o
                0x00004b34                sysPllConfig_BOARD_BootClockRUN
 .rodata        0x00004b48       0x2f ./board/pin_mux.o
 *fill*         0x00004b77        0x1 ff
 .rodata.__num_Ciob_streams
                0x00004b78        0x4 c:/nxp/mcuxpressoide_11.0.1_2563/ide/plugins/com.nxp.mcuxpresso.tools.win32_11.0.1.201907311258/tools/bin/../lib/gcc/arm-none-eabi/8.2.1/../../../../arm-none-eabi/lib/thumb/v7e-m+dp/hard\libcr_nohost_nf.a(__ciob.o)
                0x00004b78                __num_Ciob_streams
 .rodata.__assertion_failed.str1.1
                0x00004b7c       0x15 c:/nxp/mcuxpressoide_11.0.1_2563/ide/plugins/com.nxp.mcuxpresso.tools.win32_11.0.1.201907311258/tools/bin/../lib/gcc/arm-none-eabi/8.2.1/../../../../arm-none-eabi/lib/thumb/v7e-m+dp/hard\libcr_nohost_nf.a(_cr_assert.o)
 .rodata._Csys_alloc.str1.1
                0x00004b91       0x18 c:/nxp/mcuxpressoide_11.0.1_2563/ide/plugins/com.nxp.mcuxpresso.tools.win32_11.0.1.201907311258/tools/bin/../lib/gcc/arm-none-eabi/8.2.1/../../../../arm-none-eabi/lib/thumb/v7e-m+dp/hard\libcr_c.a(alloc.o)
 .rodata._initio.str1.1
                0x00004ba9        0x4 c:/nxp/mcuxpressoide_11.0.1_2563/ide/plugins/com.nxp.mcuxpresso.tools.win32_11.0.1.201907311258/tools/bin/../lib/gcc/arm-none-eabi/8.2.1/../../../../arm-none-eabi/lib/thumb/v7e-m+dp/hard\libcr_c.a(initio.o)
                0x00004bb0                . = ALIGN (0x4)
 *fill*         0x00004bad        0x3 ff

.glue_7         0x00004bb0        0x0 load address 0x60006c10
 .glue_7        0x00004bb0        0x0 linker stubs

.glue_7t        0x00004bb0        0x0 load address 0x60006c10
 .glue_7t       0x00004bb0        0x0 linker stubs

.vfp11_veneer   0x00004bb0        0x0 load address 0x60006c10
 .vfp11_veneer  0x00004bb0        0x0 linker stubs

.v4_bx          0x00004bb0        0x0 load address 0x60006c10
 .v4_bx         0x00004bb0        0x0 linker stubs

.iplt           0x00004bb0        0x0 load address 0x60006c10
 .iplt          0x00004bb0        0x0 ./utilities/fsl_debug_console.o

.rel.dyn        0x00004bb0        0x0 load address 0x60006c10
 .rel.iplt      0x00004bb0        0x0 ./utilities/fsl_debug_console.o

.ARM.extab      0x00004bb0        0x0 load address 0x60006c10
 *(SORT_BY_ALIGNMENT(.ARM.extab*) SORT_BY_ALIGNMENT(.gnu.linkonce.armextab.*))
                0x00004bb0                __exidx_start = .

.ARM.exidx      0x00004bb0        0x0 load address 0x60006c10
 *(SORT_BY_ALIGNMENT(.ARM.exidx*) SORT_BY_ALIGNMENT(.gnu.linkonce.armexidx.*))
                0x00004bb0                __exidx_end = .
                0x00004bb0                _etext = .

.data_RAM       0x00004bb0        0x0 load address 0x60006c10
 FILL mask 0xff
                [!provide]                PROVIDE (__start_data_RAM = .)
 *(SORT_BY_ALIGNMENT(.ramfunc.$RAM))
 *(SORT_BY_ALIGNMENT(.ramfunc.$SRAM_ITC))
 *(SORT_BY_ALIGNMENT(.data.$RAM))
 *(SORT_BY_ALIGNMENT(.data.$SRAM_ITC))
 *(SORT_BY_ALIGNMENT(.data.$RAM.*))
 *(SORT_BY_ALIGNMENT(.data.$SRAM_ITC.*))
                0x00004bb0                . = ALIGN (0x4)
                [!provide]                PROVIDE (__end_data_RAM = .)

.data_RAM3      0x20200000        0x0 load address 0x60006c10
 FILL mask 0xff
                [!provide]                PROVIDE (__start_data_RAM3 = .)
 *(SORT_BY_ALIGNMENT(.ramfunc.$RAM3))
 *(SORT_BY_ALIGNMENT(.ramfunc.$SRAM_OC))
 *(SORT_BY_ALIGNMENT(.data.$RAM3))
 *(SORT_BY_ALIGNMENT(.data.$SRAM_OC))
 *(SORT_BY_ALIGNMENT(.data.$RAM3.*))
 *(SORT_BY_ALIGNMENT(.data.$SRAM_OC.*))
                0x20200000                . = ALIGN (0x4)
                [!provide]                PROVIDE (__end_data_RAM3 = .)

.uninit_RESERVED
                0x20000000        0x0
                0x20000000                . = ALIGN (0x4)
 *(SORT_BY_ALIGNMENT(.bss.$RESERVED*))
                0x20000000                . = ALIGN (0x4)
                0x20000000                _end_uninit_RESERVED = .

.data           0x20000000        0x4 load address 0x60006c10
 FILL mask 0xff
                0x20000000                _data = .
 *(SORT_BY_ALIGNMENT(vtable))
 *(SORT_BY_ALIGNMENT(.ramfunc*))
 *(SORT_BY_ALIGNMENT(CodeQuickAccess))
 *(SORT_BY_ALIGNMENT(DataQuickAccess))
 *(SORT_BY_ALIGNMENT(RamFunction))
 *(SORT_BY_ALIGNMENT(NonCacheable.init))
 *(SORT_BY_ALIGNMENT(.data*))
 .data.SystemCoreClock
                0x20000000        0x4 ./device/system_MIMXRT1062.o
                0x20000000                SystemCoreClock
                0x20000004                . = ALIGN (0x4)
                0x20000004                _edata = .

.igot.plt       0x20000004        0x0 load address 0x60006c14
 .igot.plt      0x20000004        0x0 ./utilities/fsl_debug_console.o

.bss_RAM        0x00004bb0        0x0
                0x00004bb0                . = ALIGN (0x4)
                [!provide]                PROVIDE (__start_bss_RAM = .)
 *(SORT_BY_ALIGNMENT(.bss.$RAM))
 *(SORT_BY_ALIGNMENT(.bss.$SRAM_ITC))
 *(SORT_BY_ALIGNMENT(.bss.$RAM.*))
 *(SORT_BY_ALIGNMENT(.bss.$SRAM_ITC.*))
                0x00004bb0                . = ALIGN ((. != 0x0)?0x4:0x1)
                [!provide]                PROVIDE (__end_bss_RAM = .)

.bss_RAM3       0x20200000        0x0
                0x20200000                . = ALIGN (0x4)
                [!provide]                PROVIDE (__start_bss_RAM3 = .)
 *(SORT_BY_ALIGNMENT(.bss.$RAM3))
 *(SORT_BY_ALIGNMENT(.bss.$SRAM_OC))
 *(SORT_BY_ALIGNMENT(.bss.$RAM3.*))
 *(SORT_BY_ALIGNMENT(.bss.$SRAM_OC.*))
                0x20200000                . = ALIGN ((. != 0x0)?0x4:0x1)
                [!provide]                PROVIDE (__end_bss_RAM3 = .)

.bss            0x20000004      0x114
                0x20000004                . = ALIGN (0x4)
                0x20000004                _bss = .
 *(SORT_BY_ALIGNMENT(NonCacheable))
 *(SORT_BY_ALIGNMENT(.bss*))
 .bss.s_debugConsoleState
                0x20000004       0x1c ./utilities/fsl_debug_console.o
 .bss.g_serialHandle
                0x20000020        0x4 ./utilities/fsl_debug_console.o
                0x20000020                g_serialHandle
 .bss.g_xtalFreq
                0x20000024        0x4 ./drivers/fsl_clock.o
                0x20000024                g_xtalFreq
 .bss.g_rtcXtalFreq
                0x20000028        0x4 ./drivers/fsl_clock.o
                0x20000028                g_rtcXtalFreq
 .bss.s_lpuartHandle
                0x2000002c       0x24 ./drivers/fsl_lpuart.o
 .bss.s_lpuartIsr
                0x20000050        0x4 ./drivers/fsl_lpuart.o
 .bss.__Ciob    0x20000054       0xb4 c:/nxp/mcuxpressoide_11.0.1_2563/ide/plugins/com.nxp.mcuxpresso.tools.win32_11.0.1.201907311258/tools/bin/../lib/gcc/arm-none-eabi/8.2.1/../../../../arm-none-eabi/lib/thumb/v7e-m+dp/hard\libcr_nohost_nf.a(__ciob.o)
                0x20000054                __Ciob
 .bss.__end_of_heap
                0x20000108        0x4 c:/nxp/mcuxpressoide_11.0.1_2563/ide/plugins/com.nxp.mcuxpresso.tools.win32_11.0.1.201907311258/tools/bin/../lib/gcc/arm-none-eabi/8.2.1/../../../../arm-none-eabi/lib/thumb/v7e-m+dp/hard\libcr_c.a(__init_alloc.o)
                0x20000108                __end_of_heap
 .bss.__heaps   0x2000010c        0x4 c:/nxp/mcuxpressoide_11.0.1_2563/ide/plugins/com.nxp.mcuxpresso.tools.win32_11.0.1.201907311258/tools/bin/../lib/gcc/arm-none-eabi/8.2.1/../../../../arm-none-eabi/lib/thumb/v7e-m+dp/hard\libcr_c.a(__init_alloc.o)
                0x2000010c                __heaps
 .bss.errno     0x20000110        0x4 c:/nxp/mcuxpressoide_11.0.1_2563/ide/plugins/com.nxp.mcuxpresso.tools.win32_11.0.1.201907311258/tools/bin/../lib/gcc/arm-none-eabi/8.2.1/../../../../arm-none-eabi/lib/thumb/v7e-m+dp/hard\libcr_c.a(errno.o)
                0x20000110                errno
 .bss.g_pinSet  0x20000114        0x1 ./source/led_blinky.o
                0x20000114                g_pinSet
 *(SORT_BY_ALIGNMENT(COMMON))
                0x20000118                . = ALIGN (0x4)
 *fill*         0x20000115        0x3 
                0x20000118                _ebss = .
                [!provide]                PROVIDE (end = .)

.noinit_RAM     0x00004bb0        0x0
                0x00004bb0                . = ALIGN (0x4)
 *(SORT_BY_ALIGNMENT(.noinit.$RAM))
 *(SORT_BY_ALIGNMENT(.noinit.$SRAM_ITC))
 *(SORT_BY_ALIGNMENT(.noinit.$RAM.*))
 *(SORT_BY_ALIGNMENT(.noinit.$SRAM_ITC.*))
                0x00004bb0                . = ALIGN (0x4)

.noinit_RAM3    0x20200000        0x0
                0x20200000                . = ALIGN (0x4)
 *(SORT_BY_ALIGNMENT(.noinit.$RAM3))
 *(SORT_BY_ALIGNMENT(.noinit.$SRAM_OC))
 *(SORT_BY_ALIGNMENT(.noinit.$RAM3.*))
 *(SORT_BY_ALIGNMENT(.noinit.$SRAM_OC.*))
                0x20200000                . = ALIGN (0x4)

.noinit         0x20000118        0x0
                0x20000118                . = ALIGN (0x4)
                0x20000118                _noinit = .
 *(SORT_BY_ALIGNMENT(.noinit*))
                0x20000118                . = ALIGN (0x4)
                0x20000118                _end_noinit = .
                0x00001000                _HeapSize = 0x1000

.heap           0x20000118     0x1000
                0x20000118                _pvHeapStart = .
                0x20001118                . = (. + _HeapSize)
 *fill*         0x20000118     0x1000 
                0x20001118                . = ALIGN (0x4)
                0x20001118                _pvHeapLimit = .
                0x00001000                _StackSize = 0x1000

.stack          0x20001118     0x1000
                0x20001118                _vStackBase = .
                0x20002118                . = (. + _StackSize)
 *fill*         0x20001118     0x1000 
                0x20002118                . = ALIGN (0x4)
                0x20002118                _vStackTop = .
                0x60002060                _image_start = LOADADDR (.text)
                0x60006c14                _image_end = (LOADADDR (.data) + SIZEOF (.data))
                0x00004bb4                _image_size = (_image_end - _image_start)
                0x00004cc8                _itcm_size = (((((SIZEOF (.text) + SIZEOF (.ARM.extab)) + SIZEOF (.ARM.exidx)) + SIZEOF (.data)) + SIZEOF (.bss)) + SIZEOF (.noinit_RAM))
                0x00000000                _itcm_start = ORIGIN (SRAM_ITC)
                0x00004cc8                _itcm_end = (_itcm_start + _itcm_size)
                0x60002060                _itcm_loadstart = LOADADDR (.text)
                0x00000001                _itcm_block_count = ((_itcm_size + 0x7ffe) >> 0xf)
                0xaaaaaaab                _flexram_bank_config = (0xaaaaaaaa | ((0x1 << (_itcm_block_count * 0x2)) - 0x1))
OUTPUT(evkmimxrt1060_iled_blinky_teensy_test.axf elf32-littlearm)

.debug_info     0x00000000     0xd68c
 .debug_info    0x00000000      0xa18 ./utilities/fsl_debug_console.o
 .debug_info    0x00000a18     0x1dc9 ./startup/startup_mimxrt1062.o
 .debug_info    0x000027e1      0x696 ./source/led_blinky.o
 .debug_info    0x00002e77       0x3c ./source/semihost_hardfault.o
 .debug_info    0x00002eb3     0x207c ./drivers/fsl_clock.o
 .debug_info    0x00004f2f      0xcd9 ./drivers/fsl_gpio.o
 .debug_info    0x00005c08     0x215f ./drivers/fsl_lpuart.o
 .debug_info    0x00007d67      0xd2a ./device/system_MIMXRT1062.o
 .debug_info    0x00008a91      0x9e4 ./component/uart/lpuart_adapter.o
 .debug_info    0x00009475      0x76c ./component/serial_manager/serial_manager.o
 .debug_info    0x00009be1      0x503 ./component/serial_manager/serial_port_uart.o
 .debug_info    0x0000a0e4     0x1169 ./board/board.o
 .debug_info    0x0000b24d     0x18dc ./board/clock_config.o
 .debug_info    0x0000cb29      0xb63 ./board/pin_mux.o

.debug_abbrev   0x00000000     0x1c37
 .debug_abbrev  0x00000000      0x1f8 ./utilities/fsl_debug_console.o
 .debug_abbrev  0x000001f8      0x1f9 ./startup/startup_mimxrt1062.o
 .debug_abbrev  0x000003f1      0x1a8 ./source/led_blinky.o
 .debug_abbrev  0x00000599       0x31 ./source/semihost_hardfault.o
 .debug_abbrev  0x000005ca      0x3c1 ./drivers/fsl_clock.o
 .debug_abbrev  0x0000098b      0x255 ./drivers/fsl_gpio.o
 .debug_abbrev  0x00000be0      0x348 ./drivers/fsl_lpuart.o
 .debug_abbrev  0x00000f28      0x19a ./device/system_MIMXRT1062.o
 .debug_abbrev  0x000010c2      0x1b0 ./component/uart/lpuart_adapter.o
 .debug_abbrev  0x00001272      0x17d ./component/serial_manager/serial_manager.o
 .debug_abbrev  0x000013ef      0x160 ./component/serial_manager/serial_port_uart.o
 .debug_abbrev  0x0000154f      0x2e4 ./board/board.o
 .debug_abbrev  0x00001833      0x218 ./board/clock_config.o
 .debug_abbrev  0x00001a4b      0x1ec ./board/pin_mux.o

.debug_aranges  0x00000000      0xbd8
 .debug_aranges
                0x00000000       0x80 ./utilities/fsl_debug_console.o
 .debug_aranges
                0x00000080      0x560 ./startup/startup_mimxrt1062.o
 .debug_aranges
                0x000005e0       0x28 ./source/led_blinky.o
 .debug_aranges
                0x00000608       0x20 ./source/semihost_hardfault.o
 .debug_aranges
                0x00000628      0x178 ./drivers/fsl_clock.o
 .debug_aranges
                0x000007a0       0x50 ./drivers/fsl_gpio.o
 .debug_aranges
                0x000007f0      0x160 ./drivers/fsl_lpuart.o
 .debug_aranges
                0x00000950       0x40 ./device/system_MIMXRT1062.o
 .debug_aranges
                0x00000990       0x40 ./component/uart/lpuart_adapter.o
 .debug_aranges
                0x000009d0       0x88 ./component/serial_manager/serial_manager.o
 .debug_aranges
                0x00000a58       0x38 ./component/serial_manager/serial_port_uart.o
 .debug_aranges
                0x00000a90       0x90 ./board/board.o
 .debug_aranges
                0x00000b20       0x78 ./board/clock_config.o
 .debug_aranges
                0x00000b98       0x40 ./board/pin_mux.o

.debug_ranges   0x00000000      0xaf8
 .debug_ranges  0x00000000       0x70 ./utilities/fsl_debug_console.o
 .debug_ranges  0x00000070      0x550 ./startup/startup_mimxrt1062.o
 .debug_ranges  0x000005c0       0x18 ./source/led_blinky.o
 .debug_ranges  0x000005d8       0x10 ./source/semihost_hardfault.o
 .debug_ranges  0x000005e8      0x168 ./drivers/fsl_clock.o
 .debug_ranges  0x00000750       0x40 ./drivers/fsl_gpio.o
 .debug_ranges  0x00000790      0x150 ./drivers/fsl_lpuart.o
 .debug_ranges  0x000008e0       0x30 ./device/system_MIMXRT1062.o
 .debug_ranges  0x00000910       0x30 ./component/uart/lpuart_adapter.o
 .debug_ranges  0x00000940       0x78 ./component/serial_manager/serial_manager.o
 .debug_ranges  0x000009b8       0x28 ./component/serial_manager/serial_port_uart.o
 .debug_ranges  0x000009e0       0x80 ./board/board.o
 .debug_ranges  0x00000a60       0x68 ./board/clock_config.o
 .debug_ranges  0x00000ac8       0x30 ./board/pin_mux.o

.debug_macro    0x00000000     0x2c6b
 .debug_macro   0x00000000      0x17b ./utilities/fsl_debug_console.o
 .debug_macro   0x0000017b       0x16 ./utilities/fsl_debug_console.o
 .debug_macro   0x00000191       0x10 ./utilities/fsl_debug_console.o
 .debug_macro   0x000001a1       0x28 ./utilities/fsl_debug_console.o
 .debug_macro   0x000001c9       0x5d ./utilities/fsl_debug_console.o
 .debug_macro   0x00000226       0x34 ./utilities/fsl_debug_console.o
 .debug_macro   0x0000025a       0x63 ./startup/startup_mimxrt1062.o
 .debug_macro   0x000002bd       0x66 ./startup/startup_mimxrt1062.o
 .debug_macro   0x00000323      0x145 ./source/led_blinky.o
 .debug_macro   0x00000468       0x1c ./source/led_blinky.o
 .debug_macro   0x00000484       0x11 ./source/semihost_hardfault.o
 .debug_macro   0x00000495      0x103 ./drivers/fsl_clock.o
 .debug_macro   0x00000598      0x113 ./drivers/fsl_gpio.o
 .debug_macro   0x000006ab      0x113 ./drivers/fsl_lpuart.o
 .debug_macro   0x000007be       0xa7 ./device/system_MIMXRT1062.o
 .debug_macro   0x00000865      0x10f ./component/uart/lpuart_adapter.o
 .debug_macro   0x00000974       0x10 ./component/uart/lpuart_adapter.o
 .debug_macro   0x00000984       0x22 ./component/uart/lpuart_adapter.o
 .debug_macro   0x000009a6      0x136 ./component/serial_manager/serial_manager.o
 .debug_macro   0x00000adc      0x127 ./component/serial_manager/serial_port_uart.o
 .debug_macro   0x00000c03       0x22 ./component/serial_manager/serial_port_uart.o
 .debug_macro   0x00000c25      0x151 ./board/board.o
 .debug_macro   0x00000d76      0x13c ./board/board.o
 .debug_macro   0x00000eb2     0x1b8c ./board/board.o
 .debug_macro   0x00002a3e      0x115 ./board/clock_config.o
 .debug_macro   0x00002b53      0x118 ./board/pin_mux.o

.debug_line     0x00000000     0x62f2
 .debug_line    0x00000000      0x636 ./utilities/fsl_debug_console.o
 .debug_line    0x00000636     0x1146 ./startup/startup_mimxrt1062.o
 .debug_line    0x0000177c      0x32a ./source/led_blinky.o
 .debug_line    0x00001aa6       0x5a ./source/semihost_hardfault.o
 .debug_line    0x00001b00      0xeda ./drivers/fsl_clock.o
 .debug_line    0x000029da      0x472 ./drivers/fsl_gpio.o
 .debug_line    0x00002e4c     0x10b8 ./drivers/fsl_lpuart.o
 .debug_line    0x00003f04      0x511 ./device/system_MIMXRT1062.o
 .debug_line    0x00004415      0x3f6 ./component/uart/lpuart_adapter.o
 .debug_line    0x0000480b      0x5ca ./component/serial_manager/serial_manager.o
 .debug_line    0x00004dd5      0x403 ./component/serial_manager/serial_port_uart.o
 .debug_line    0x000051d8      0x756 ./board/board.o
 .debug_line    0x0000592e      0x648 ./board/clock_config.o
 .debug_line    0x00005f76      0x37c ./board/pin_mux.o

.debug_str      0x00000000   0x16a897
 .debug_str     0x00000000   0x14fa06 ./utilities/fsl_debug_console.o
                             0x14fb36 (size before relaxing)
 .debug_str     0x0014fa06     0x1b63 ./startup/startup_mimxrt1062.o
                               0x6207 (size before relaxing)
 .debug_str     0x00151569     0x223f ./source/led_blinky.o
                             0x150f7f (size before relaxing)
 .debug_str     0x001537a8       0x1f ./source/semihost_hardfault.o
                               0x2f0e (size before relaxing)
 .debug_str     0x001537c7     0x10d0 ./drivers/fsl_clock.o
                             0x14ff7e (size before relaxing)
 .debug_str     0x00154897      0x7e1 ./drivers/fsl_gpio.o
                             0x14f790 (size before relaxing)
 .debug_str     0x00155078     0x19f7 ./drivers/fsl_lpuart.o
                             0x1510ae (size before relaxing)
 .debug_str     0x00156a6f      0x204 ./device/system_MIMXRT1062.o
                             0x14d1f9 (size before relaxing)
 .debug_str     0x00156c73      0x337 ./component/uart/lpuart_adapter.o
                             0x14f5aa (size before relaxing)
 .debug_str     0x00156faa      0x388 ./component/serial_manager/serial_manager.o
                             0x14ed70 (size before relaxing)
 .debug_str     0x00157332       0xfc ./component/serial_manager/serial_port_uart.o
                             0x14ee1e (size before relaxing)
 .debug_str     0x0015742e    0x12fba ./board/board.o
                             0x163cf3 (size before relaxing)
 .debug_str     0x0016a3e8      0x449 ./board/clock_config.o
                             0x1635f9 (size before relaxing)
 .debug_str     0x0016a831       0x66 ./board/pin_mux.o
                             0x161b43 (size before relaxing)

.comment        0x00000000       0x75
 .comment       0x00000000       0x75 ./utilities/fsl_debug_console.o
                                 0x76 (size before relaxing)
 .comment       0x00000075       0x76 ./startup/startup_mimxrt1062.o
 .comment       0x00000075       0x76 ./source/led_blinky.o
 .comment       0x00000075       0x76 ./source/semihost_hardfault.o
 .comment       0x00000075       0x76 ./drivers/fsl_clock.o
 .comment       0x00000075       0x76 ./drivers/fsl_gpio.o
 .comment       0x00000075       0x76 ./drivers/fsl_lpuart.o
 .comment       0x00000075       0x76 ./device/system_MIMXRT1062.o
 .comment       0x00000075       0x76 ./component/uart/lpuart_adapter.o
 .comment       0x00000075       0x76 ./component/serial_manager/serial_manager.o
 .comment       0x00000075       0x76 ./component/serial_manager/serial_port_uart.o
 .comment       0x00000075       0x76 ./board/board.o
 .comment       0x00000075       0x76 ./board/clock_config.o
 .comment       0x00000075       0x76 ./board/pin_mux.o
 .comment       0x00000075       0x76 c:/nxp/mcuxpressoide_11.0.1_2563/ide/plugins/com.nxp.mcuxpresso.tools.win32_11.0.1.201907311258/tools/bin/../lib/gcc/arm-none-eabi/8.2.1/../../../../arm-none-eabi/lib/thumb/v7e-m+dp/hard\libcr_nohost_nf.a(_cr__main.o)
 .comment       0x00000075       0x76 c:/nxp/mcuxpressoide_11.0.1_2563/ide/plugins/com.nxp.mcuxpresso.tools.win32_11.0.1.201907311258/tools/bin/../lib/gcc/arm-none-eabi/8.2.1/../../../../arm-none-eabi/lib/thumb/v7e-m+dp/hard\libcr_nohost_nf.a(_cr_assert.o)
 .comment       0x00000075       0x76 c:/nxp/mcuxpressoide_11.0.1_2563/ide/plugins/com.nxp.mcuxpresso.tools.win32_11.0.1.201907311258/tools/bin/../lib/gcc/arm-none-eabi/8.2.1/../../../../arm-none-eabi/lib/thumb/v7e-m+dp/hard\libcr_nohost_nf.a(__ciob.o)
 .comment       0x00000075       0x76 c:/nxp/mcuxpressoide_11.0.1_2563/ide/plugins/com.nxp.mcuxpresso.tools.win32_11.0.1.201907311258/tools/bin/../lib/gcc/arm-none-eabi/8.2.1/../../../../arm-none-eabi/lib/thumb/v7e-m+dp/hard\libcr_nohost_nf.a(__sys_appexit.o)
 .comment       0x00000075       0x76 c:/nxp/mcuxpressoide_11.0.1_2563/ide/plugins/com.nxp.mcuxpresso.tools.win32_11.0.1.201907311258/tools/bin/../lib/gcc/arm-none-eabi/8.2.1/../../../../arm-none-eabi/lib/thumb/v7e-m+dp/hard\libcr_c.a(memset.o)
 .comment       0x00000075       0x76 c:/nxp/mcuxpressoide_11.0.1_2563/ide/plugins/com.nxp.mcuxpresso.tools.win32_11.0.1.201907311258/tools/bin/../lib/gcc/arm-none-eabi/8.2.1/../../../../arm-none-eabi/lib/thumb/v7e-m+dp/hard\libcr_c.a(_deferredlazyseek.o)
 .comment       0x00000075       0x76 c:/nxp/mcuxpressoide_11.0.1_2563/ide/plugins/com.nxp.mcuxpresso.tools.win32_11.0.1.201907311258/tools/bin/../lib/gcc/arm-none-eabi/8.2.1/../../../../arm-none-eabi/lib/thumb/v7e-m+dp/hard\libcr_c.a(_fflush.o)
 .comment       0x00000075       0x76 c:/nxp/mcuxpressoide_11.0.1_2563/ide/plugins/com.nxp.mcuxpresso.tools.win32_11.0.1.201907311258/tools/bin/../lib/gcc/arm-none-eabi/8.2.1/../../../../arm-none-eabi/lib/thumb/v7e-m+dp/hard\libcr_c.a(_writebuf.o)
 .comment       0x00000075       0x76 c:/nxp/mcuxpressoide_11.0.1_2563/ide/plugins/com.nxp.mcuxpresso.tools.win32_11.0.1.201907311258/tools/bin/../lib/gcc/arm-none-eabi/8.2.1/../../../../arm-none-eabi/lib/thumb/v7e-m+dp/hard\libcr_c.a(alloc.o)
 .comment       0x00000075       0x76 c:/nxp/mcuxpressoide_11.0.1_2563/ide/plugins/com.nxp.mcuxpresso.tools.win32_11.0.1.201907311258/tools/bin/../lib/gcc/arm-none-eabi/8.2.1/../../../../arm-none-eabi/lib/thumb/v7e-m+dp/hard\libcr_c.a(fputs.o)
 .comment       0x00000075       0x76 c:/nxp/mcuxpressoide_11.0.1_2563/ide/plugins/com.nxp.mcuxpresso.tools.win32_11.0.1.201907311258/tools/bin/../lib/gcc/arm-none-eabi/8.2.1/../../../../arm-none-eabi/lib/thumb/v7e-m+dp/hard\libcr_c.a(fseek.o)
 .comment       0x00000075       0x76 c:/nxp/mcuxpressoide_11.0.1_2563/ide/plugins/com.nxp.mcuxpresso.tools.win32_11.0.1.201907311258/tools/bin/../lib/gcc/arm-none-eabi/8.2.1/../../../../arm-none-eabi/lib/thumb/v7e-m+dp/hard\libcr_c.a(ftell.o)
 .comment       0x00000075       0x76 c:/nxp/mcuxpressoide_11.0.1_2563/ide/plugins/com.nxp.mcuxpresso.tools.win32_11.0.1.201907311258/tools/bin/../lib/gcc/arm-none-eabi/8.2.1/../../../../arm-none-eabi/lib/thumb/v7e-m+dp/hard\libcr_c.a(initio.o)
 .comment       0x00000075       0x76 c:/nxp/mcuxpressoide_11.0.1_2563/ide/plugins/com.nxp.mcuxpresso.tools.win32_11.0.1.201907311258/tools/bin/../lib/gcc/arm-none-eabi/8.2.1/../../../../arm-none-eabi/lib/thumb/v7e-m+dp/hard\libcr_c.a(setvbuf.o)
 .comment       0x00000075       0x76 c:/nxp/mcuxpressoide_11.0.1_2563/ide/plugins/com.nxp.mcuxpresso.tools.win32_11.0.1.201907311258/tools/bin/../lib/gcc/arm-none-eabi/8.2.1/../../../../arm-none-eabi/lib/thumb/v7e-m+dp/hard\libcr_c.a(strlen.o)
 .comment       0x00000075       0x76 c:/nxp/mcuxpressoide_11.0.1_2563/ide/plugins/com.nxp.mcuxpresso.tools.win32_11.0.1.201907311258/tools/bin/../lib/gcc/arm-none-eabi/8.2.1/../../../../arm-none-eabi/lib/thumb/v7e-m+dp/hard\libcr_c.a(__init_alloc.o)
 .comment       0x00000075       0x76 c:/nxp/mcuxpressoide_11.0.1_2563/ide/plugins/com.nxp.mcuxpresso.tools.win32_11.0.1.201907311258/tools/bin/../lib/gcc/arm-none-eabi/8.2.1/../../../../arm-none-eabi/lib/thumb/v7e-m+dp/hard\libcr_c.a(_cr_sbrk.o)
 .comment       0x00000075       0x76 c:/nxp/mcuxpressoide_11.0.1_2563/ide/plugins/com.nxp.mcuxpresso.tools.win32_11.0.1.201907311258/tools/bin/../lib/gcc/arm-none-eabi/8.2.1/../../../../arm-none-eabi/lib/thumb/v7e-m+dp/hard\libcr_c.a(_fdopen.o)
 .comment       0x00000075       0x76 c:/nxp/mcuxpressoide_11.0.1_2563/ide/plugins/com.nxp.mcuxpresso.tools.win32_11.0.1.201907311258/tools/bin/../lib/gcc/arm-none-eabi/8.2.1/../../../../arm-none-eabi/lib/thumb/v7e-m+dp/hard\libcr_c.a(errno.o)
 .comment       0x00000075       0x76 c:/nxp/mcuxpressoide_11.0.1_2563/ide/plugins/com.nxp.mcuxpresso.tools.win32_11.0.1.201907311258/tools/bin/../lib/gcc/arm-none-eabi/8.2.1/../../../../arm-none-eabi/lib/thumb/v7e-m+dp/hard\libcr_c.a(fclose.o)
 .comment       0x00000075       0x76 c:/nxp/mcuxpressoide_11.0.1_2563/ide/plugins/com.nxp.mcuxpresso.tools.win32_11.0.1.201907311258/tools/bin/../lib/gcc/arm-none-eabi/8.2.1/../../../../arm-none-eabi/lib/thumb/v7e-m+dp/hard\libcr_c.a(fflush.o)
 .comment       0x00000075       0x76 c:/nxp/mcuxpressoide_11.0.1_2563/ide/plugins/com.nxp.mcuxpresso.tools.win32_11.0.1.201907311258/tools/bin/../lib/gcc/arm-none-eabi/8.2.1/../../../../arm-none-eabi/lib/thumb/v7e-m+dp/hard\libcr_c.a(remove.o)
 .comment       0x00000075       0x76 c:/nxp/mcuxpressoide_11.0.1_2563/ide/plugins/com.nxp.mcuxpresso.tools.win32_11.0.1.201907311258/tools/bin/../lib/gcc/arm-none-eabi/8.2.1/../../../../arm-none-eabi/lib/thumb/v7e-m+dp/hard\libcr_c.a(_cr_check_heap.o)
 .comment       0x00000075       0x76 c:/nxp/mcuxpressoide_11.0.1_2563/ide/plugins/com.nxp.mcuxpresso.tools.win32_11.0.1.201907311258/tools/bin/../lib/gcc/arm-none-eabi/8.2.1/../../../../arm-none-eabi/lib/thumb/v7e-m+dp/hard\libcr_c.a(_do_fflush.o)
 .comment       0x00000075       0x76 c:/nxp/mcuxpressoide_11.0.1_2563/ide/plugins/com.nxp.mcuxpresso.tools.win32_11.0.1.201907311258/tools/bin/../lib/gcc/arm-none-eabi/8.2.1/../../../../arm-none-eabi/lib/thumb/v7e-m+dp/hard\libcr_nohost_nf.a(__sys_close.o)
 .comment       0x00000075       0x76 c:/nxp/mcuxpressoide_11.0.1_2563/ide/plugins/com.nxp.mcuxpresso.tools.win32_11.0.1.201907311258/tools/bin/../lib/gcc/arm-none-eabi/8.2.1/../../../../arm-none-eabi/lib/thumb/v7e-m+dp/hard\libcr_nohost_nf.a(__sys_flen.o)
 .comment       0x00000075       0x76 c:/nxp/mcuxpressoide_11.0.1_2563/ide/plugins/com.nxp.mcuxpresso.tools.win32_11.0.1.201907311258/tools/bin/../lib/gcc/arm-none-eabi/8.2.1/../../../../arm-none-eabi/lib/thumb/v7e-m+dp/hard\libcr_nohost_nf.a(__sys_istty.o)
 .comment       0x00000075       0x76 c:/nxp/mcuxpressoide_11.0.1_2563/ide/plugins/com.nxp.mcuxpresso.tools.win32_11.0.1.201907311258/tools/bin/../lib/gcc/arm-none-eabi/8.2.1/../../../../arm-none-eabi/lib/thumb/v7e-m+dp/hard\libcr_nohost_nf.a(__sys_remove.o)
 .comment       0x00000075       0x76 c:/nxp/mcuxpressoide_11.0.1_2563/ide/plugins/com.nxp.mcuxpresso.tools.win32_11.0.1.201907311258/tools/bin/../lib/gcc/arm-none-eabi/8.2.1/../../../../arm-none-eabi/lib/thumb/v7e-m+dp/hard\libcr_nohost_nf.a(__sys_seek.o)
 .comment       0x00000075       0x76 c:/nxp/mcuxpressoide_11.0.1_2563/ide/plugins/com.nxp.mcuxpresso.tools.win32_11.0.1.201907311258/tools/bin/../lib/gcc/arm-none-eabi/8.2.1/../../../../arm-none-eabi/lib/thumb/v7e-m+dp/hard\libcr_nohost_nf.a(__sys_tmpnam.o)
 .comment       0x00000075       0x76 c:/nxp/mcuxpressoide_11.0.1_2563/ide/plugins/com.nxp.mcuxpresso.tools.win32_11.0.1.201907311258/tools/bin/../lib/gcc/arm-none-eabi/8.2.1/../../../../arm-none-eabi/lib/thumb/v7e-m+dp/hard\libcr_nohost_nf.a(__sys_write.o)

.ARM.attributes
                0x00000000       0x35
 .ARM.attributes
                0x00000000       0x32 ./utilities/fsl_debug_console.o
 .ARM.attributes
                0x00000032       0x32 ./startup/startup_mimxrt1062.o
 .ARM.attributes
                0x00000064       0x32 ./source/led_blinky.o
 .ARM.attributes
                0x00000096       0x32 ./source/semihost_hardfault.o
 .ARM.attributes
                0x000000c8       0x32 ./drivers/fsl_clock.o
 .ARM.attributes
                0x000000fa       0x32 ./drivers/fsl_gpio.o
 .ARM.attributes
                0x0000012c       0x32 ./drivers/fsl_lpuart.o
 .ARM.attributes
                0x0000015e       0x32 ./device/system_MIMXRT1062.o
 .ARM.attributes
                0x00000190       0x32 ./component/uart/lpuart_adapter.o
 .ARM.attributes
                0x000001c2       0x32 ./component/serial_manager/serial_manager.o
 .ARM.attributes
                0x000001f4       0x32 ./component/serial_manager/serial_port_uart.o
 .ARM.attributes
                0x00000226       0x32 ./board/board.o
 .ARM.attributes
                0x00000258       0x32 ./board/clock_config.o
 .ARM.attributes
                0x0000028a       0x32 ./board/pin_mux.o
 .ARM.attributes
                0x000002bc       0x32 c:/nxp/mcuxpressoide_11.0.1_2563/ide/plugins/com.nxp.mcuxpresso.tools.win32_11.0.1.201907311258/tools/bin/../lib/gcc/arm-none-eabi/8.2.1/../../../../arm-none-eabi/lib/thumb/v7e-m+dp/hard\libcr_nohost_nf.a(_cr__main.o)
 .ARM.attributes
                0x000002ee       0x32 c:/nxp/mcuxpressoide_11.0.1_2563/ide/plugins/com.nxp.mcuxpresso.tools.win32_11.0.1.201907311258/tools/bin/../lib/gcc/arm-none-eabi/8.2.1/../../../../arm-none-eabi/lib/thumb/v7e-m+dp/hard\libcr_nohost_nf.a(_cr_assert.o)
 .ARM.attributes
                0x00000320       0x37 c:/nxp/mcuxpressoide_11.0.1_2563/ide/plugins/com.nxp.mcuxpresso.tools.win32_11.0.1.201907311258/tools/bin/../lib/gcc/arm-none-eabi/8.2.1/../../../../arm-none-eabi/lib/thumb/v7e-m+dp/hard\libcr_nohost_nf.a(__ciob.o)
 .ARM.attributes
                0x00000357       0x32 c:/nxp/mcuxpressoide_11.0.1_2563/ide/plugins/com.nxp.mcuxpresso.tools.win32_11.0.1.201907311258/tools/bin/../lib/gcc/arm-none-eabi/8.2.1/../../../../arm-none-eabi/lib/thumb/v7e-m+dp/hard\libcr_nohost_nf.a(__sys_appexit.o)
 .ARM.attributes
                0x00000389       0x32 c:/nxp/mcuxpressoide_11.0.1_2563/ide/plugins/com.nxp.mcuxpresso.tools.win32_11.0.1.201907311258/tools/bin/../lib/gcc/arm-none-eabi/8.2.1/../../../../arm-none-eabi/lib/thumb/v7e-m+dp/hard\libcr_c.a(memset.o)
 .ARM.attributes