fsl_clock.h:1107:24:CLOCK_GetOscFreq	4	static
fsl_clock.h:1206:24:CLOCK_GetRtcFreq	4	static
fsl_clock.h:1310:20:CLOCK_IsPllBypassed	16	static
fsl_clock.h:1324:20:CLOCK_IsPllEnabled	16	static
fsl_clock.h:1350:24:CLOCK_GetPllBypassRefClk	16	static
fsl_clock.c:71:17:CLOCK_GetPeriphClkFreq	16	static
fsl_clock.c:151:6:CLOCK_InitExternalClk	16	static
fsl_clock.c:175:6:CLOCK_DeinitExternalClk	4	static
fsl_clock.c:187:6:CLOCK_SwitchOsc	16	static
fsl_clock.c:198:6:CLOCK_InitRcOsc24M	4	static
fsl_clock.c:206:6:CLOCK_DeinitRcOsc24M	4	static
fsl_clock.c:216:10:CLOCK_GetAhbFreq	8	static
fsl_clock.c:226:10:CLOCK_GetSemcFreq	16	static
fsl_clock.c:260:10:CLOCK_GetIpgFreq	8	static
fsl_clock.c:270:10:CLOCK_GetPerClkFreq	16	static
fsl_clock.c:299:10:CLOCK_GetFreq	24	static
fsl_clock.c:398:6:CLOCK_EnableUsbhs0Clock	24	static
fsl_clock.c:423:6:CLOCK_EnableUsbhs1Clock	24	static
fsl_clock.c:446:6:CLOCK_EnableUsbhs0PhyPllClock	24	static
fsl_clock.c:470:6:CLOCK_DisableUsbhs0PhyPllClock	4	static
fsl_clock.c:483:6:CLOCK_InitArmPll	16	static
fsl_clock.c:504:6:CLOCK_DeinitArmPll	4	static
fsl_clock.c:516:6:CLOCK_InitSysPll	16	static
fsl_clock.c:546:6:CLOCK_DeinitSysPll	4	static
fsl_clock.c:558:6:CLOCK_InitUsb1Pll	16	static
fsl_clock.c:579:6:CLOCK_DeinitUsb1Pll	4	static
fsl_clock.c:591:6:CLOCK_InitUsb2Pll	16	static
fsl_clock.c:612:6:CLOCK_DeinitUsb2Pll	4	static
fsl_clock.c:624:6:CLOCK_InitAudioPll	24	static
fsl_clock.c:699:6:CLOCK_DeinitAudioPll	4	static
fsl_clock.c:711:6:CLOCK_InitVideoPll	24	static
fsl_clock.c:785:6:CLOCK_DeinitVideoPll	4	static
fsl_clock.c:797:6:CLOCK_InitEnetPll	24	static
fsl_clock.c:839:6:CLOCK_DeinitEnetPll	4	static
fsl_clock.c:852:10:CLOCK_GetPllFreq	64	static
fsl_clock.c:1055:6:CLOCK_InitSysPfd	24	static
fsl_clock.c:1077:6:CLOCK_DeinitSysPfd	16	static
fsl_clock.c:1092:6:CLOCK_InitUsb1Pfd	24	static
fsl_clock.c:1114:6:CLOCK_DeinitUsb1Pfd	16	static
fsl_clock.c:1127:10:CLOCK_GetSysPfdFreq	24	static
fsl_clock.c:1166:10:CLOCK_GetUsb1PfdFreq	24	static
fsl_clock.c:1206:6:CLOCK_EnableUsbhs1PhyPllClock	24	static
fsl_clock.c:1224:6:CLOCK_DisableUsbhs1PhyPllClock	4	static
fsl_clock.c:1238:28:SDK_DelayAtLeastUs	56	static
