fsl_lpspi.h:489:20:LPSPI_Enable	16	static
fsl_lpspi.h:535:24:LPSPI_GetRxFifoSize	16	static
fsl_lpspi.h:555:24:LPSPI_GetRxFifoCount	16	static
fsl_lpspi.h:573:20:LPSPI_ClearStatusFlags	16	static
fsl_lpspi.h:615:20:LPSPI_DisableInterrupts	16	static
fsl_lpspi.h:640:20:LPSPI_EnableDMA	16	static
fsl_lpspi.h:656:20:LPSPI_DisableDMA	16	static
fsl_lpspi.h:671:24:LPSPI_GetTxRegisterAddress	16	static
fsl_lpspi.h:686:24:LPSPI_GetRxRegisterAddress	16	static
fsl_lpspi.h:741:20:LPSPI_FlushFifo	16	static
fsl_lpspi.h:757:20:LPSPI_SetFifoWatermarks	24	static
fsl_lpspi.h:916:24:LPSPI_ReadData	16	static
fsl_lpspi_edma.c:84:17:LPSPI_GetInstance	24	static
fsl_lpspi_edma.c:102:13:LPSPI_SeparateEdmaReadData	24	static
fsl_lpspi_edma.c:176:6:LPSPI_MasterTransferCreateHandleEDMA	32	static
fsl_lpspi_edma.c:219:10:LPSPI_MasterTransferEDMA	120	static
fsl_lpspi_edma.c:582:13:EDMA_LpspiMasterCallback	40	static
fsl_lpspi_edma.c:631:6:LPSPI_MasterTransferAbortEDMA	16	static
fsl_lpspi_edma.c:653:10:LPSPI_MasterTransferGetCountEDMA	40	static
fsl_lpspi_edma.c:700:6:LPSPI_SlaveTransferCreateHandleEDMA	32	static
fsl_lpspi_edma.c:743:10:LPSPI_SlaveTransferEDMA	120	static
fsl_lpspi_edma.c:1075:13:EDMA_LpspiSlaveCallback	40	static
fsl_lpspi_edma.c:1124:6:LPSPI_SlaveTransferAbortEDMA	16	static
fsl_lpspi_edma.c:1146:10:LPSPI_SlaveTransferGetCountEDMA	40	static
