fsl_clock.h:1055:20:CLOCK_ControlGate	32	static
fsl_clock.h:1072:20:CLOCK_EnableClock	16	static
fsl_lpspi.h:489:20:LPSPI_Enable	16	static
fsl_lpspi.h:718:20:LPSPI_SetMasterSlaveMode	16	static
fsl_lpspi.h:729:20:LPSPI_IsMaster	16	static
fsl_lpspi_cmsis.c:115:16:LPSPI_CommonControl	72	static
fsl_lpspi_cmsis.c:347:13:LPSPI_SetTransferConfigFlags	24	static
fsl_lpspi_cmsis.c:433:27:LPSPIx_GetVersion	16	static
fsl_lpspi_cmsis.c:438:29:LPSPIx_GetCapabilities	4	static
fsl_lpspi_cmsis.c:839:6:KSDK_LPSPI_MasterInterruptCallback	32	static
fsl_lpspi_cmsis.c:865:6:KSDK_LPSPI_SlaveInterruptCallback	32	static
fsl_lpspi_cmsis.c:888:16:LPSPI_InterruptInitialize	16	static
fsl_lpspi_cmsis.c:899:16:LPSPI_InterruptUninitialize	16	static
fsl_lpspi_cmsis.c:905:16:LPSPI_InterruptPowerControl	16	static
fsl_lpspi_cmsis.c:941:16:LPSPI_InterruptSend	48	static
fsl_lpspi_cmsis.c:981:16:LPSPI_InterruptReceive	48	static
fsl_lpspi_cmsis.c:1021:16:LPSPI_InterruptTransfer	48	static
fsl_lpspi_cmsis.c:1063:17:LPSPI_InterruptGetCount	16	static
fsl_lpspi_cmsis.c:1075:16:LPSPI_InterruptControl	40	static
fsl_lpspi_cmsis.c:1176:16:LPSPI_InterruptGetStatus	24	static
fsl_lpspi_cmsis.c:1962:16:LPSPI4_InterruptInitialize	16	static
fsl_lpspi_cmsis.c:1968:16:LPSPI4_InterruptUninitialize	8	static
fsl_lpspi_cmsis.c:1974:16:LPSPI4_InterruptPowerControl	16	static
fsl_lpspi_cmsis.c:1979:16:LPSPI4_InterruptSend	16	static
fsl_lpspi_cmsis.c:1984:16:LPSPI4_InterruptReceive	16	static
fsl_lpspi_cmsis.c:1989:16:LPSPI4_InterruptTransfer	24	static
fsl_lpspi_cmsis.c:1994:17:LPSPI4_InterruptGetCount	8	static
fsl_lpspi_cmsis.c:1999:16:LPSPI4_InterruptControl	16	static
fsl_lpspi_cmsis.c:2004:23:LPSPI4_InterruptGetStatus	8	static
