Archive member included to satisfy reference by file (symbol)

c:/nxp/mcuxpressoide_11.0.1_2563/ide/plugins/com.nxp.mcuxpresso.tools.win32_11.0.1.201907311258/tools/bin/../lib/gcc/arm-none-eabi/8.2.1/../../../../arm-none-eabi/lib/thumb/v7e-m+dp/hard\libcr_nohost_nf.a(_cr__main.o)
                              ./startup/startup_mimxrt1062.o (__main)
c:/nxp/mcuxpressoide_11.0.1_2563/ide/plugins/com.nxp.mcuxpresso.tools.win32_11.0.1.201907311258/tools/bin/../lib/gcc/arm-none-eabi/8.2.1/../../../../arm-none-eabi/lib/thumb/v7e-m+dp/hard\libcr_nohost_nf.a(_cr_assert.o)
                              ./utilities/fsl_debug_console.o (__assertion_failed)
c:/nxp/mcuxpressoide_11.0.1_2563/ide/plugins/com.nxp.mcuxpresso.tools.win32_11.0.1.201907311258/tools/bin/../lib/gcc/arm-none-eabi/8.2.1/../../../../arm-none-eabi/lib/thumb/v7e-m+dp/hard\libcr_nohost_nf.a(__ciob.o)
                              c:/nxp/mcuxpressoide_11.0.1_2563/ide/plugins/com.nxp.mcuxpresso.tools.win32_11.0.1.201907311258/tools/bin/../lib/gcc/arm-none-eabi/8.2.1/../../../../arm-none-eabi/lib/thumb/v7e-m+dp/hard\libcr_nohost_nf.a(_cr_assert.o) (__Ciob)
c:/nxp/mcuxpressoide_11.0.1_2563/ide/plugins/com.nxp.mcuxpresso.tools.win32_11.0.1.201907311258/tools/bin/../lib/gcc/arm-none-eabi/8.2.1/../../../../arm-none-eabi/lib/thumb/v7e-m+dp/hard\libcr_nohost_nf.a(__sys_appexit.o)
                              c:/nxp/mcuxpressoide_11.0.1_2563/ide/plugins/com.nxp.mcuxpresso.tools.win32_11.0.1.201907311258/tools/bin/../lib/gcc/arm-none-eabi/8.2.1/../../../../arm-none-eabi/lib/thumb/v7e-m+dp/hard\libcr_nohost_nf.a(_cr_assert.o) (__sys_appexit)
c:/nxp/mcuxpressoide_11.0.1_2563/ide/plugins/com.nxp.mcuxpresso.tools.win32_11.0.1.201907311258/tools/bin/../lib/gcc/arm-none-eabi/8.2.1/../../../../arm-none-eabi/lib/thumb/v7e-m+dp/hard\libcr_c.a(memset.o)
                              ./utilities/fsl_debug_console.o (memset)
c:/nxp/mcuxpressoide_11.0.1_2563/ide/plugins/com.nxp.mcuxpresso.tools.win32_11.0.1.201907311258/tools/bin/../lib/gcc/arm-none-eabi/8.2.1/../../../../arm-none-eabi/lib/thumb/v7e-m+dp/hard\libcr_c.a(_deferredlazyseek.o)
                              c:/nxp/mcuxpressoide_11.0.1_2563/ide/plugins/com.nxp.mcuxpresso.tools.win32_11.0.1.201907311258/tools/bin/../lib/gcc/arm-none-eabi/8.2.1/../../../../arm-none-eabi/lib/thumb/v7e-m+dp/hard\libcr_nohost_nf.a(_cr_assert.o) (__flsbuf)
c:/nxp/mcuxpressoide_11.0.1_2563/ide/plugins/com.nxp.mcuxpresso.tools.win32_11.0.1.201907311258/tools/bin/../lib/gcc/arm-none-eabi/8.2.1/../../../../arm-none-eabi/lib/thumb/v7e-m+dp/hard\libcr_c.a(_fflush.o)
                              c:/nxp/mcuxpressoide_11.0.1_2563/ide/plugins/com.nxp.mcuxpresso.tools.win32_11.0.1.201907311258/tools/bin/../lib/gcc/arm-none-eabi/8.2.1/../../../../arm-none-eabi/lib/thumb/v7e-m+dp/hard\libcr_c.a(_deferredlazyseek.o) (_fflush)
c:/nxp/mcuxpressoide_11.0.1_2563/ide/plugins/com.nxp.mcuxpresso.tools.win32_11.0.1.201907311258/tools/bin/../lib/gcc/arm-none-eabi/8.2.1/../../../../arm-none-eabi/lib/thumb/v7e-m+dp/hard\libcr_c.a(_writebuf.o)
                              c:/nxp/mcuxpressoide_11.0.1_2563/ide/plugins/com.nxp.mcuxpresso.tools.win32_11.0.1.201907311258/tools/bin/../lib/gcc/arm-none-eabi/8.2.1/../../../../arm-none-eabi/lib/thumb/v7e-m+dp/hard\libcr_c.a(_deferredlazyseek.o) (_Cwritebuf)
c:/nxp/mcuxpressoide_11.0.1_2563/ide/plugins/com.nxp.mcuxpresso.tools.win32_11.0.1.201907311258/tools/bin/../lib/gcc/arm-none-eabi/8.2.1/../../../../arm-none-eabi/lib/thumb/v7e-m+dp/hard\libcr_c.a(alloc.o)
                              ./drivers/fsl_common.o (malloc)
c:/nxp/mcuxpressoide_11.0.1_2563/ide/plugins/com.nxp.mcuxpresso.tools.win32_11.0.1.201907311258/tools/bin/../lib/gcc/arm-none-eabi/8.2.1/../../../../arm-none-eabi/lib/thumb/v7e-m+dp/hard\libcr_c.a(fputs.o)
                              c:/nxp/mcuxpressoide_11.0.1_2563/ide/plugins/com.nxp.mcuxpresso.tools.win32_11.0.1.201907311258/tools/bin/../lib/gcc/arm-none-eabi/8.2.1/../../../../arm-none-eabi/lib/thumb/v7e-m+dp/hard\libcr_nohost_nf.a(_cr_assert.o) (fputs)
c:/nxp/mcuxpressoide_11.0.1_2563/ide/plugins/com.nxp.mcuxpresso.tools.win32_11.0.1.201907311258/tools/bin/../lib/gcc/arm-none-eabi/8.2.1/../../../../arm-none-eabi/lib/thumb/v7e-m+dp/hard\libcr_c.a(fseek.o)
                              c:/nxp/mcuxpressoide_11.0.1_2563/ide/plugins/com.nxp.mcuxpresso.tools.win32_11.0.1.201907311258/tools/bin/../lib/gcc/arm-none-eabi/8.2.1/../../../../arm-none-eabi/lib/thumb/v7e-m+dp/hard\libcr_c.a(_deferredlazyseek.o) (fseek)
c:/nxp/mcuxpressoide_11.0.1_2563/ide/plugins/com.nxp.mcuxpresso.tools.win32_11.0.1.201907311258/tools/bin/../lib/gcc/arm-none-eabi/8.2.1/../../../../arm-none-eabi/lib/thumb/v7e-m+dp/hard\libcr_c.a(ftell.o)
                              c:/nxp/mcuxpressoide_11.0.1_2563/ide/plugins/com.nxp.mcuxpresso.tools.win32_11.0.1.201907311258/tools/bin/../lib/gcc/arm-none-eabi/8.2.1/../../../../arm-none-eabi/lib/thumb/v7e-m+dp/hard\libcr_c.a(fseek.o) (ftell)
[...]
Memory Configuration

Name             Origin             Length             Attributes
SRAM_ITC         0x00000000         0x00080000         xrw
SRAM_DTC         0x20000000         0x00080000         xrw
SRAM_OC          0x20200000         0x00080000         xrw
Flash_00         0x60000000         0x001f0000         xr
*default*        0x00000000         0xffffffff

Linker script and memory map

LOAD ./xip/evkmimxrt1060_flexspi_nor_config.o
LOAD ./xip/evkmimxrt1060_sdram_ini_dcd.o
LOAD ./xip/fsl_flexspi_nor_boot.o
LOAD ./utilities/fsl_assert.o
LOAD ./utilities/fsl_debug_console.o
LOAD ./utilities/fsl_str.o
LOAD ./startup/startup_mimxrt1062.o
LOAD ./source/cmsis_lpspi_int_b2b_transfer_master.o
LOAD ./source/semihost_hardfault.o
LOAD ./drivers/ethernet_lib.o
LOAD ./drivers/fsl_clock.o
LOAD ./drivers/fsl_common.o
LOAD ./drivers/fsl_dmamux.o
LOAD ./drivers/fsl_edma.o
LOAD ./drivers/fsl_gpio.o
LOAD ./drivers/fsl_lpspi.o
LOAD ./drivers/fsl_lpspi_cmsis.o
LOAD ./drivers/fsl_lpspi_edma.o
LOAD ./drivers/fsl_lpuart.o
LOAD ./device/system_MIMXRT1062.o
LOAD ./component/uart/lpuart_adapter.o
LOAD ./component/serial_manager/serial_manager.o
LOAD ./component/serial_manager/serial_port_uart.o
LOAD ./component/lists/generic_list.o
LOAD ./board/board.o
LOAD ./board/clock_config.o
LOAD ./board/peripherals.o
LOAD ./board/pin_mux.o
START GROUP
LOAD c:/nxp/mcuxpressoide_11.0.1_2563/ide/plugins/com.nxp.mcuxpresso.tools.win32_11.0.1.201907311258/tools/bin/../lib/gcc/arm-none-eabi/8.2.1/../../../../arm-none-eabi/lib/thumb/v7e-m+dp/hard\libcr_nohost_nf.a
LOAD c:/nxp/mcuxpressoide_11.0.1_2563/ide/plugins/com.nxp.mcuxpresso.tools.win32_11.0.1.201907311258/tools/bin/../lib/gcc/arm-none-eabi/8.2.1/../../../../arm-none-eabi/lib/thumb/v7e-m+dp/hard\libcr_c.a
LOAD c:/nxp/mcuxpressoide_11.0.1_2563/ide/plugins/com.nxp.mcuxpresso.tools.win32_11.0.1.201907311258/tools/bin/../lib/gcc/arm-none-eabi/8.2.1/thumb/v7e-m+dp/hard\libcr_eabihelpers.a
LOAD c:/nxp/mcuxpressoide_11.0.1_2563/ide/plugins/com.nxp.mcuxpresso.tools.win32_11.0.1.201907311258/tools/bin/../lib/gcc/arm-none-eabi/8.2.1/thumb/v7e-m+dp/hard\libgcc.a
END GROUP
                0x00000000                __base_SRAM_ITC = 0x0
                0x00000000                __base_RAM = 0x0
                0x00080000                __top_SRAM_ITC = 0x80000
                0x00080000                __top_RAM = 0x80000
                0x20000000                __base_SRAM_DTC = 0x20000000
                0x20000000                __base_RAM2 = 0x20000000
                0x20080000                __top_SRAM_DTC = 0x20080000
                0x20080000                __top_RAM2 = 0x20080000
                0x20200000                __base_SRAM_OC = 0x20200000
                0x20200000                __base_RAM3 = 0x20200000
                0x20280000                __top_SRAM_OC = 0x20280000
                0x20280000                __top_RAM3 = 0x20280000
                0x60000000                __base_Flash_00 = 0x60000000
                0x60000000                __base_Flash = 0x60000000
                0x601f0000                __top_Flash_00 = 0x601f0000
                0x601f0000                __top_Flash = 0x601f0000

.boot_hdr       0x60000000     0x2000
 FILL mask 0xff
                0x60000000                __boot_hdr_start__ = ABSOLUTE (.)
 *(SORT_BY_ALIGNMENT(.boot_hdr.conf1))
 .boot_hdr.conf1
                0x60000000      0x200 ./startup/startup_mimxrt1062.o
                0x60000000                FlexSPI_NOR_Config
                0x00001000                . = 0x1000
 *fill*         0x60000200      0xe00 ff
 *(SORT_BY_ALIGNMENT(.boot_hdr.ivt1))
 .boot_hdr.ivt1
                0x60001000       0x20 ./startup/startup_mimxrt1062.o
                0x60001000                ImageVectorTable
                0x00001020                . = 0x1020
 *(SORT_BY_ALIGNMENT(.boot_hdr.boot_data1))
 .boot_hdr.boot_data1
                0x60001020        0xc ./startup/startup_mimxrt1062.o
                0x60001020                BootData
                0x00001030                . = 0x1030
 *fill*         0x6000102c        0x4 ff
 *(SORT_BY_ALIGNMENT(.boot_hdr.dcd_data))
                0x60001030                __boot_hdr_end__ = ABSOLUTE (.)
                0x00002000                . = 0x2000
 *fill*         0x60001030      0xfd0 ff

.teensy_boot    0x60002000       0x60
 FILL mask 0xff
                0x60002000                __teensy_vectors_start__ = ABSOLUTE (.)
 *(SORT_BY_ALIGNMENT(.teensy_boot.vectors))
 .teensy_boot.vectors
                0x60002000        0x8 ./startup/startup_mimxrt1062.o
                0x60002000                vector_table
 *(SORT_BY_ALIGNMENT(.teensy_boot.isr))
 .teensy_boot.isr
                0x60002008       0x34 ./startup/startup_mimxrt1062.o
                0x60002008                ResetISR_pre
 *(SORT_BY_ALIGNMENT(.teensy_boot.*))
 .teensy_boot.util
                0x6000203c       0x16 ./startup/startup_mimxrt1062.o
 *fill*         0x60002052        0x6 ff
 .teensy_boot.util.__stub
                0x60002058        0x8 linker stubs

.text           0x00000000     0xa1c4 load address 0x60002060
 FILL mask 0xff
                0x00000000                __vectors_start__ = ABSOLUTE (.)
 *(SORT_BY_ALIGNMENT(.isr_vector))
 .isr_vector    0x00000000      0x2b8 ./startup/startup_mimxrt1062.o
                0x00000000                g_pfnVectors
                0x00000000                __Vectors
                0x000002b8                . = ALIGN (0x4)
                0x000002b8                __section_table_start = .
                0x000002b8                __data_section_table = .
                0x000002b8        0x4 LONG 0x6000c224 LOADADDR (.data_RAM)
                0x000002bc        0x4 LONG 0xa1c4 ADDR (.data_RAM)
                0x000002c0        0x4 LONG 0x0 SIZEOF (.data_RAM)
                0x000002c4        0x4 LONG 0x6000c224 LOADADDR (.data)
                0x000002c8        0x4 LONG 0x20000000 ADDR (.data)
                0x000002cc        0x4 LONG 0x18 SIZEOF (.data)
                0x000002d0        0x4 LONG 0x6000c224 LOADADDR (.data_RAM3)
                0x000002d4        0x4 LONG 0x20200000 ADDR (.data_RAM3)
                0x000002d8        0x4 LONG 0x0 SIZEOF (.data_RAM3)
                0x000002dc                __data_section_table_end = .
                0x000002dc                __bss_section_table = .
                0x000002dc        0x4 LONG 0xa1c4 ADDR (.bss_RAM)
                0x000002e0        0x4 LONG 0x0 SIZEOF (.bss_RAM)
                0x000002e4        0x4 LONG 0x20000018 ADDR (.bss)
                0x000002e8        0x4 LONG 0x1f4 SIZEOF (.bss)
                0x000002ec        0x4 LONG 0x20200000 ADDR (.bss_RAM3)
                0x000002f0        0x4 LONG 0x0 SIZEOF (.bss_RAM3)
                0x000002f4                __bss_section_table_end = .
                0x000002f4                __section_table_end = .
 *(SORT_BY_ALIGNMENT(.after_vectors*))
 .after_vectors.reset
                0x000002f4       0x4c ./startup/startup_mimxrt1062.o
                0x000002f4                ResetISR
 .after_vectors.init_data
                0x00000340       0x1e ./startup/startup_mimxrt1062.o
                0x00000340                data_init
 .after_vectors.init_bss
                0x0000035e       0x12 ./startup/startup_mimxrt1062.o
                0x0000035e                bss_init
 .after_vectors
                0x00000370        0xc ./startup/startup_mimxrt1062.o
                0x00000370                NMI_Handler
                0x00000374                SVC_Handler
                0x00000376                PendSV_Handler
                0x00000378                SysTick_Handler
                0x0000037a                LCDIF_DriverIRQHandler
                0x0000037a                SAI3_RX_DriverIRQHandler
                0x0000037a                CCM_2_DriverIRQHandler
                0x0000037a                PIT_DriverIRQHandler
                0x0000037a                FLEXSPI2_DriverIRQHandler
                0x0000037a                Reserved87_DriverIRQHandler
                0x0000037a                FLEXRAM_DriverIRQHandler
                0x0000037a                SEMC_DriverIRQHandler
                0x0000037a                SPDIF_DriverIRQHandler
                0x0000037a                PMU_EVENT_DriverIRQHandler
                0x0000037a                PWM4_3_DriverIRQHandler
                0x0000037a                ENET2_DriverIRQHandler
                0x0000037a                KPP_DriverIRQHandler
                0x0000037a                PWM4_FAULT_DriverIRQHandler
                0x0000037a                USB_PHY1_DriverIRQHandler
                0x0000037a                GPIO3_Combined_0_15_DriverIRQHandler
                0x0000037a                CAN3_DriverIRQHandler
                0x0000037a                Reserved171_DriverIRQHandler
                0x0000037a                BEE_DriverIRQHandler
                0x0000037a                LPI2C3_DriverIRQHandler
                0x0000037a                GPR_IRQ_DriverIRQHandler
                0x0000037a                PWM2_FAULT_DriverIRQHandler
                0x0000037a                PWM3_1_DriverIRQHandler
                0x0000037a                TMR1_DriverIRQHandler
                0x0000037a                TRNG_DriverIRQHandler
                0x0000037a                PWM3_2_DriverIRQHandler
                0x0000037a                ENET_1588_Timer_DriverIRQHandler
                0x0000037a                FLEXIO2_DriverIRQHandler
                0x0000037a                GPIO2_Combined_16_31_DriverIRQHandler
                0x0000037a                Reserved143_DriverIRQHandler
                0x0000037a                PWM4_1_DriverIRQHandler
                0x0000037a                PWM3_3_DriverIRQHandler
                0x0000037a                IntDefaultHandler
                0x0000037a                SRC_DriverIRQHandler
                0x0000037a                GPIO1_INT4_DriverIRQHandler
                0x0000037a                Reserved144_DriverIRQHandler
                0x0000037a                USDHC1_DriverIRQHandler
                0x0000037a                ENC3_DriverIRQHandler
                0x0000037a                PWM3_FAULT_DriverIRQHandler
                0x0000037a                EWM_DriverIRQHandler
                0x0000037a                TSC_DIG_DriverIRQHandler
                0x0000037a                WDOG1_DriverIRQHandler
                0x0000037a                FLEXIO1_DriverIRQHandler
                0x0000037a                ENET_DriverIRQHandler
                0x0000037a                Reserved78_DriverIRQHandler
                0x0000037a                TMR4_DriverIRQHandler
                0x0000037a                ENC2_DriverIRQHandler
                0x0000037a                ADC_ETC_IRQ2_DriverIRQHandler
                0x0000037a                GPIO1_Combined_16_31_DriverIRQHandler
                0x0000037a                GPIO1_INT7_DriverIRQHandler
                0x0000037a                SAI1_DriverIRQHandler
                0x0000037a                DCDC_DriverIRQHandler
                0x0000037a                PWM4_0_DriverIRQHandler
                0x0000037a                ADC_ETC_ERROR_IRQ_DriverIRQHandler
                0x0000037a                ACMP2_DriverIRQHandler
                0x0000037a                GPIO5_Combined_0_15_DriverIRQHandler
                0x0000037a                GPIO1_INT0_DriverIRQHandler
                0x0000037a                GPIO1_INT2_DriverIRQHandler
                0x0000037a                RTWDOG_DriverIRQHandler
                0x0000037a                FLEXSPI_DriverIRQHandler
                0x0000037a                GPT2_DriverIRQHandler
                0x0000037a                USB_PHY2_DriverIRQHandler
                0x0000037a                PWM2_1_DriverIRQHandler
                0x0000037a                PWM1_1_DriverIRQHandler
                0x0000037a                PXP_DriverIRQHandler
                0x0000037a                ADC1_DriverIRQHandler
                0x0000037a                PWM1_0_DriverIRQHandler
                0x0000037a                SJC_DriverIRQHandler
                0x0000037a                ENC1_DriverIRQHandler
                0x0000037a                ENC4_DriverIRQHandler
                0x0000037a                CAN2_DriverIRQHandler
                0x0000037a                DCP_DriverIRQHandler
                0x0000037a                CTI0_ERROR_DriverIRQHandler
                0x0000037a                GPT1_DriverIRQHandler
                0x0000037a                ACMP3_DriverIRQHandler
                0x0000037a                CSU_DriverIRQHandler
                0x0000037a                GPIO1_INT5_DriverIRQHandler
                0x0000037a                TMR3_DriverIRQHandler
                0x0000037a                TMR2_DriverIRQHandler
                0x0000037a                CTI1_ERROR_DriverIRQHandler
                0x0000037a                GPIO1_Combined_0_15_DriverIRQHandler
                0x0000037a                USDHC2_DriverIRQHandler
                0x0000037a                PWM4_2_DriverIRQHandler
                0x0000037a                SAI2_DriverIRQHandler
                0x0000037a                CORE_DriverIRQHandler
                0x0000037a                ACMP4_DriverIRQHandler
                0x0000037a                CSI_DriverIRQHandler
                0x0000037a                PWM2_3_DriverIRQHandler
                0x0000037a                XBAR1_IRQ_2_3_DriverIRQHandler
                0x0000037a                SNVS_HP_WRAPPER_TZ_DriverIRQHandler
                0x0000037a                GPIO3_Combined_16_31_DriverIRQHandler
                0x0000037a                PWM1_FAULT_DriverIRQHandler
                0x0000037a                LPI2C1_DriverIRQHandler
                0x0000037a                ENET2_1588_Timer_DriverIRQHandler
                0x0000037a                PWM2_2_DriverIRQHandler
                0x0000037a                SNVS_HP_WRAPPER_DriverIRQHandler
                0x0000037a                XBAR1_IRQ_0_1_DriverIRQHandler
                0x0000037a                ADC_ETC_IRQ1_DriverIRQHandler
                0x0000037a                GPIO1_INT3_DriverIRQHandler
                0x0000037a                DCP_VMI_DriverIRQHandler
                0x0000037a                LPI2C4_DriverIRQHandler
                0x0000037a                GPC_DriverIRQHandler
                0x0000037a                GPIO2_Combined_0_15_DriverIRQHandler
                0x0000037a                PWM1_2_DriverIRQHandler
                0x0000037a                USB_OTG1_DriverIRQHandler
                0x0000037a                TEMP_LOW_HIGH_DriverIRQHandler
                0x0000037a                SAI3_TX_DriverIRQHandler
                0x0000037a                FLEXIO3_DriverIRQHandler
                0x0000037a                WDOG2_DriverIRQHandler
                0x0000037a                Reserved68_DriverIRQHandler
                0x0000037a                PWM3_0_DriverIRQHandler
                0x0000037a                GPIO4_Combined_0_15_DriverIRQHandler
                0x0000037a                GPIO4_Combined_16_31_DriverIRQHandler
                0x0000037a                GPIO6_7_8_9_DriverIRQHandler
                0x0000037a                GPIO5_Combined_16_31_DriverIRQHandler
                0x0000037a                CCM_1_DriverIRQHandler
                0x0000037a                ADC2_DriverIRQHandler
                0x0000037a                Reserved115_DriverIRQHandler
                0x0000037a                TEMP_PANIC_DriverIRQHandler
                0x0000037a                PWM1_3_DriverIRQHandler
                0x0000037a                ACMP1_DriverIRQHandler
                0x0000037a                LPI2C2_DriverIRQHandler
                0x0000037a                Reserved86_DriverIRQHandler
                0x0000037a                DMA_ERROR_DriverIRQHandler
                0x0000037a                ADC_ETC_IRQ0_DriverIRQHandler
                0x0000037a                CAN1_DriverIRQHandler
                0x0000037a                GPIO1_INT6_DriverIRQHandler
                0x0000037a                GPIO1_INT1_DriverIRQHandler
                0x0000037a                PWM2_0_DriverIRQHandler
                0x0000037a                SNVS_LP_WRAPPER_DriverIRQHandler
                0x0000037a                USB_OTG2_DriverIRQHandler
 *(SORT_BY_ALIGNMENT(.text*))
 *fill*         0x0000037c        0x4 ff
 .text.LPSPI_MasterSetDelayTimes
                0x00000380      0x20c ./drivers/fsl_lpspi.o
                0x00000380                LPSPI_MasterSetDelayTimes
 .text.DbgConsole_SendDataReliable
                0x0000058c       0x58 ./utilities/fsl_debug_console.o
                0x0000058c                DbgConsole_SendDataReliable
 .text.DbgConsole_Init
                0x000005e4      0x104 ./utilities/fsl_debug_console.o
                0x000005e4                DbgConsole_Init
 .text.DbgConsole_Printf
                0x000006e8       0x74 ./utilities/fsl_debug_console.o
                0x000006e8                DbgConsole_Printf
 .text.main     0x0000075c       0xc0 ./source/cmsis_lpspi_int_b2b_transfer_master.o
                0x0000075c                main
 .text.LPSPI4_GetFreq
                0x0000081c       0x14 ./drivers/ethernet_lib.o
                0x0000081c                LPSPI4_GetFreq
 .text.LPSPI_MasterSignalEvent_t
                0x00000830       0x48 ./drivers/ethernet_lib.o
                0x00000830                LPSPI_MasterSignalEvent_t
 .text.SPI_Write
                0x00000878       0xb8 ./drivers/ethernet_lib.o
                0x00000878                SPI_Write
 .text.SPI_Read
                0x00000930       0xbc ./drivers/ethernet_lib.o
                0x00000930                SPI_Read
 .text.W5100_Init
                0x000009ec      0x2cc ./drivers/ethernet_lib.o
                0x000009ec                W5100_Init
 .text.CLOCK_GetOscFreq
                0x00000cb8       0x30 ./drivers/fsl_clock.o
 .text.CLOCK_InitExternalClk
                0x00000ce8       0x6c ./drivers/fsl_clock.o
                0x00000ce8                CLOCK_InitExternalClk
 .text.CLOCK_SwitchOsc
                0x00000d54       0x34 ./drivers/fsl_clock.o
                0x00000d54                CLOCK_SwitchOsc
 .text.CLOCK_InitRcOsc24M
                0x00000d88       0x24 ./drivers/fsl_clock.o
                0x00000d88                CLOCK_InitRcOsc24M
 .text.CLOCK_InitArmPll
                0x00000dac       0x68 ./drivers/fsl_clock.o
                0x00000dac                CLOCK_InitArmPll
 .text.CLOCK_InitSysPll
                0x00000e14       0x9c ./drivers/fsl_clock.o
                0x00000e14                CLOCK_InitSysPll
 .text.CLOCK_DeinitUsb2Pll
                0x00000eb0       0x18 ./drivers/fsl_clock.o
                0x00000eb0                CLOCK_DeinitUsb2Pll
 .text.CLOCK_DeinitAudioPll
                0x00000ec8       0x1c ./drivers/fsl_clock.o
                0x00000ec8                CLOCK_DeinitAudioPll
 .text.CLOCK_DeinitVideoPll
                0x00000ee4       0x1c ./drivers/fsl_clock.o
                0x00000ee4                CLOCK_DeinitVideoPll
 .text.CLOCK_DeinitEnetPll
                0x00000f00       0x1c ./drivers/fsl_clock.o
                0x00000f00                CLOCK_DeinitEnetPll
 .text.CLOCK_GetPllFreq
                0x00000f1c      0x33c ./drivers/fsl_clock.o
                0x00000f1c                CLOCK_GetPllFreq
 .text.CLOCK_InitSysPfd
                0x00001258       0x64 ./drivers/fsl_clock.o
                0x00001258                CLOCK_InitSysPfd
 .text.EDMA_GetChannelStatusFlags
                0x000012bc       0x74 ./drivers/fsl_edma.o
                0x000012bc                EDMA_GetChannelStatusFlags
 .text.EDMA_HandleIRQ
                0x00001330      0x160 ./drivers/fsl_edma.o
                0x00001330                EDMA_HandleIRQ
 .text.DMA0_DMA16_DriverIRQHandler
                0x00001490       0x48 ./drivers/fsl_edma.o
                0x00001490                DMA0_DMA16_DriverIRQHandler
 .text.DMA1_DMA17_DriverIRQHandler
                0x000014d8       0x48 ./drivers/fsl_edma.o
                0x000014d8                DMA1_DMA17_DriverIRQHandler
 .text.DMA2_DMA18_DriverIRQHandler
                0x00001520       0x48 ./drivers/fsl_edma.o
                0x00001520                DMA2_DMA18_DriverIRQHandler
 .text.DMA3_DMA19_DriverIRQHandler
                0x00001568       0x48 ./drivers/fsl_edma.o
                0x00001568                DMA3_DMA19_DriverIRQHandler
 .text.DMA4_DMA20_DriverIRQHandler
                0x000015b0       0x48 ./drivers/fsl_edma.o
                0x000015b0                DMA4_DMA20_DriverIRQHandler
 .text.DMA5_DMA21_DriverIRQHandler
                0x000015f8       0x48 ./drivers/fsl_edma.o
                0x000015f8                DMA5_DMA21_DriverIRQHandler
 .text.DMA6_DMA22_DriverIRQHandler
                0x00001640       0x48 ./drivers/fsl_edma.o
                0x00001640                DMA6_DMA22_DriverIRQHandler
 .text.DMA7_DMA23_DriverIRQHandler
                0x00001688       0x48 ./drivers/fsl_edma.o
                0x00001688                DMA7_DMA23_DriverIRQHandler
 .text.DMA8_DMA24_DriverIRQHandler
                0x000016d0       0x48 ./drivers/fsl_edma.o
                0x000016d0                DMA8_DMA24_DriverIRQHandler
 .text.DMA9_DMA25_DriverIRQHandler
                0x00001718       0x48 ./drivers/fsl_edma.o
                0x00001718                DMA9_DMA25_DriverIRQHandler
 .text.DMA10_DMA26_DriverIRQHandler
                0x00001760       0x48 ./drivers/fsl_edma.o
                0x00001760                DMA10_DMA26_DriverIRQHandler
 .text.DMA11_DMA27_DriverIRQHandler
                0x000017a8       0x48 ./drivers/fsl_edma.o
                0x000017a8                DMA11_DMA27_DriverIRQHandler
 .text.DMA12_DMA28_DriverIRQHandler
                0x000017f0       0x48 ./drivers/fsl_edma.o
                0x000017f0                DMA12_DMA28_DriverIRQHandler
 .text.DMA13_DMA29_DriverIRQHandler
                0x00001838       0x48 ./drivers/fsl_edma.o
                0x00001838                DMA13_DMA29_DriverIRQHandler
 .text.DMA14_DMA30_DriverIRQHandler
                0x00001880       0x48 ./drivers/fsl_edma.o
                0x00001880                DMA14_DMA30_DriverIRQHandler
 .text.DMA15_DMA31_DriverIRQHandler
                0x000018c8       0x48 ./drivers/fsl_edma.o
                0x000018c8                DMA15_DMA31_DriverIRQHandler
 .text.CLOCK_ControlGate
                0x00001910       0x64 ./drivers/fsl_gpio.o
 .text.GPIO_GetInstance
                0x00001974       0x4c ./drivers/fsl_gpio.o
 .text.GPIO_PinInit
                0x000019c0       0xa4 ./drivers/fsl_gpio.o
                0x000019c0                GPIO_PinInit
 .text.GPIO_PinWrite
                0x00001a64       0x54 ./drivers/fsl_gpio.o
                0x00001a64                GPIO_PinWrite
 .text.GPIO_PinSetInterruptConfig
                0x00001ab8       0xfc ./drivers/fsl_gpio.o
                0x00001ab8                GPIO_PinSetInterruptConfig
 .text.__NVIC_EnableIRQ
                0x00001bb4       0x3c ./drivers/fsl_lpspi.o
 .text.CLOCK_ControlGate
                0x00001bf0       0x64 ./drivers/fsl_lpspi.o
 .text.LPSPI_GetInstance
                0x00001c54       0x50 ./drivers/fsl_lpspi.o
                0x00001c54                LPSPI_GetInstance
 .text.LPSPI_SetDummyData
                0x00001ca4       0x2c ./drivers/fsl_lpspi.o
                0x00001ca4                LPSPI_SetDummyData
 .text.LPSPI_MasterInit
                0x00001cd0      0x11c ./drivers/fsl_lpspi.o
                0x00001cd0                LPSPI_MasterInit
 .text.LPSPI_MasterGetDefaultConfig
                0x00001dec       0x98 ./drivers/fsl_lpspi.o
                0x00001dec                LPSPI_MasterGetDefaultConfig
 .text.LPSPI_SlaveInit
                0x00001e84       0xc0 ./drivers/fsl_lpspi.o
                0x00001e84                LPSPI_SlaveInit
 .text.LPSPI_SlaveGetDefaultConfig
                0x00001f44       0x5c ./drivers/fsl_lpspi.o
                0x00001f44                LPSPI_SlaveGetDefaultConfig
 .text.LPSPI_Deinit
                0x00001fa0       0x30 ./drivers/fsl_lpspi.o
                0x00001fa0                LPSPI_Deinit
 .text.LPSPI_MasterSetBaudRate
                0x00001fd0       0xf0 ./drivers/fsl_lpspi.o
                0x00001fd0                LPSPI_MasterSetBaudRate
 .text.LPSPI_MasterSetDelayScaler
                0x000020c0       0x70 ./drivers/fsl_lpspi.o
                0x000020c0                LPSPI_MasterSetDelayScaler
 .text.LPSPI_MasterTransferCreateHandle
                0x00002130       0x60 ./drivers/fsl_lpspi.o
                0x00002130                LPSPI_MasterTransferCreateHandle
 .text.LPSPI_CheckTransferArgument
                0x00002190       0x98 ./drivers/fsl_lpspi.o
                0x00002190                LPSPI_CheckTransferArgument
 .text.LPSPI_MasterTransferNonBlocking
                0x00002228      0x2e0 ./drivers/fsl_lpspi.o
                0x00002228                LPSPI_MasterTransferNonBlocking
 .text.LPSPI_MasterTransferFillUpTxFifo
                0x00002508      0x110 ./drivers/fsl_lpspi.o
 .text.LPSPI_MasterTransferComplete
                0x00002618       0x4c ./drivers/fsl_lpspi.o
 .text.LPSPI_MasterTransferAbort
                0x00002664       0x48 ./drivers/fsl_lpspi.o
                0x00002664                LPSPI_MasterTransferAbort
 .text.LPSPI_MasterTransferHandleIRQ
                0x000026ac      0x1a0 ./drivers/fsl_lpspi.o
                0x000026ac                LPSPI_MasterTransferHandleIRQ
 .text.LPSPI_SlaveTransferCreateHandle
                0x0000284c       0x60 ./drivers/fsl_lpspi.o
                0x0000284c                LPSPI_SlaveTransferCreateHandle
 .text.LPSPI_SlaveTransferNonBlocking
                0x000028ac      0x2d0 ./drivers/fsl_lpspi.o
                0x000028ac                LPSPI_SlaveTransferNonBlocking
 .text.LPSPI_SlaveTransferFillUpTxFifo
                0x00002b7c       0xa0 ./drivers/fsl_lpspi.o
 .text.LPSPI_SlaveTransferComplete
                0x00002c1c       0x68 ./drivers/fsl_lpspi.o
 .text.LPSPI_SlaveTransferAbort
                0x00002c84       0x44 ./drivers/fsl_lpspi.o
                0x00002c84                LPSPI_SlaveTransferAbort
 .text.LPSPI_SlaveTransferHandleIRQ
                0x00002cc8      0x250 ./drivers/fsl_lpspi.o
                0x00002cc8                LPSPI_SlaveTransferHandleIRQ
 .text.LPSPI_CombineWriteData
                0x00002f18      0x1bc ./drivers/fsl_lpspi.o
 .text.LPSPI_SeparateReadData
                0x000030d4      0x1a8 ./drivers/fsl_lpspi.o
 .text.LPSPI_CommonIRQHandler
                0x0000327c       0x3c ./drivers/fsl_lpspi.o
 .text.LPSPI1_DriverIRQHandler
                0x000032b8       0x30 ./drivers/fsl_lpspi.o
                0x000032b8                LPSPI1_DriverIRQHandler
 .text.LPSPI2_DriverIRQHandler
                0x000032e8       0x30 ./drivers/fsl_lpspi.o
                0x000032e8                LPSPI2_DriverIRQHandler
 .text.LPSPI3_DriverIRQHandler
                0x00003318       0x30 ./drivers/fsl_lpspi.o
                0x00003318                LPSPI3_DriverIRQHandler
 .text.LPSPI4_DriverIRQHandler
                0x00003348       0x30 ./drivers/fsl_lpspi.o
                0x00003348                LPSPI4_DriverIRQHandler
 .text.CLOCK_ControlGate
                0x00003378       0x64 ./drivers/fsl_lpspi_cmsis.o
 .text.LPSPIx_GetVersion
                0x000033dc       0x2c ./drivers/fsl_lpspi_cmsis.o
 .text.LPSPI_InterruptPowerControl
                0x00003408       0x98 ./drivers/fsl_lpspi_cmsis.o
 .text.LPSPI_InterruptControl
                0x000034a0      0x264 ./drivers/fsl_lpspi_cmsis.o
 .text.LPSPI4_InterruptInitialize
                0x00003704       0x24 ./drivers/fsl_lpspi_cmsis.o
 .text.LPSPI4_InterruptUninitialize
                0x00003728       0x18 ./drivers/fsl_lpspi_cmsis.o
 .text.LPSPI4_InterruptPowerControl
                0x00003740       0x24 ./drivers/fsl_lpspi_cmsis.o
 .text.LPSPI4_InterruptSend
                0x00003764       0x24 ./drivers/fsl_lpspi_cmsis.o
 .text.LPSPI4_InterruptReceive
                0x00003788       0x24 ./drivers/fsl_lpspi_cmsis.o
 .text.LPSPI4_InterruptTransfer
                0x000037ac       0x28 ./drivers/fsl_lpspi_cmsis.o
 .text.LPSPI4_InterruptGetCount
                0x000037d4       0x14 ./drivers/fsl_lpspi_cmsis.o
 .text.LPSPI4_InterruptControl
                0x000037e8       0x24 ./drivers/fsl_lpspi_cmsis.o
 .text.LPSPI4_InterruptGetStatus
                0x0000380c       0x14 ./drivers/fsl_lpspi_cmsis.o
 .text.CLOCK_ControlGate
                0x00003820       0x64 ./drivers/fsl_lpuart.o
 .text.LPUART_GetInstance
                0x00003884       0x4c ./drivers/fsl_lpuart.o
                0x00003884                LPUART_GetInstance
 .text.LPUART_Init
                0x000038d0      0x300 ./drivers/fsl_lpuart.o
                0x000038d0                LPUART_Init
 .text.LPUART_GetDefaultConfig
                0x00003bd0       0x88 ./drivers/fsl_lpuart.o
                0x00003bd0                LPUART_GetDefaultConfig
 .text.LPUART_WriteBlocking
                0x00003c58       0x58 ./drivers/fsl_lpuart.o
                0x00003c58                LPUART_WriteBlocking
 .text.LPUART1_DriverIRQHandler
                0x00003cb0       0x24 ./drivers/fsl_lpuart.o
                0x00003cb0                LPUART1_DriverIRQHandler
 .text.LPUART2_DriverIRQHandler
                0x00003cd4       0x24 ./drivers/fsl_lpuart.o
                0x00003cd4                LPUART2_DriverIRQHandler
 .text.LPUART3_DriverIRQHandler
                0x00003cf8       0x24 ./drivers/fsl_lpuart.o
                0x00003cf8                LPUART3_DriverIRQHandler
 .text.LPUART4_DriverIRQHandler
                0x00003d1c       0x24 ./drivers/fsl_lpuart.o
                0x00003d1c                LPUART4_DriverIRQHandler
 .text.LPUART5_DriverIRQHandler
                0x00003d40       0x24 ./drivers/fsl_lpuart.o
                0x00003d40                LPUART5_DriverIRQHandler
 .text.LPUART6_DriverIRQHandler
                0x00003d64       0x24 ./drivers/fsl_lpuart.o
                0x00003d64                LPUART6_DriverIRQHandler
 .text.LPUART7_DriverIRQHandler
                0x00003d88       0x24 ./drivers/fsl_lpuart.o
                0x00003d88                LPUART7_DriverIRQHandler
 .text.LPUART8_DriverIRQHandler
                0x00003dac       0x24 ./drivers/fsl_lpuart.o
                0x00003dac                LPUART8_DriverIRQHandler
 .text.SCB_EnableICache
                0x00003dd0       0x40 ./device/system_MIMXRT1062.o
 .text.SCB_EnableDCache
                0x00003e10       0x80 ./device/system_MIMXRT1062.o
 .text.SystemInit
                0x00003e90       0xf4 ./device/system_MIMXRT1062.o
                0x00003e90                SystemInit
 .text.HAL_UartInit
                0x00003f84      0x100 ./component/uart/lpuart_adapter.o
                0x00003f84                HAL_UartInit
 .text.HAL_UartSendBlocking
                0x00004084       0x64 ./component/uart/lpuart_adapter.o
                0x00004084                HAL_UartSendBlocking
 .text.SerialManager_Write
                0x000040e8       0x6c ./component/serial_manager/serial_manager.o
 .text.SerialManager_Init
                0x00004154       0x74 ./component/serial_manager/serial_manager.o
                0x00004154                SerialManager_Init
 .text.SerialManager_OpenWriteHandle
                0x000041c8       0x58 ./component/serial_manager/serial_manager.o
                0x000041c8                SerialManager_OpenWriteHandle
 .text.SerialManager_OpenReadHandle
                0x00004220       0x60 ./component/serial_manager/serial_manager.o
                0x00004220                SerialManager_OpenReadHandle
 .text.Serial_UartInit
                0x00004280       0x80 ./component/serial_manager/serial_port_uart.o
                0x00004280                Serial_UartInit
 .text.Serial_UartWrite
                0x00004300       0x58 ./component/serial_manager/serial_port_uart.o
                0x00004300                Serial_UartWrite
 .text.ARM_MPU_Enable
                0x00004358       0x3c ./board/board.o
 .text.ARM_MPU_Disable
                0x00004394       0x38 ./board/board.o
 .text.SCB_EnableICache
                0x000043cc       0x40 ./board/board.o
 .text.SCB_DisableICache
                0x0000440c       0x38 ./board/board.o
 .text.SCB_EnableDCache
                0x00004444       0x80 ./board/board.o
 .text.SCB_DisableDCache
                0x000044c4       0x68 ./board/board.o
 .text.CLOCK_GetMux
                0x0000452c       0x44 ./board/board.o
 .text.CLOCK_GetDiv
                0x00004570       0x44 ./board/board.o
 .text.CLOCK_GetOscFreq
                0x000045b4       0x30 ./board/board.o
 .text.BOARD_DebugConsoleSrcFreq
                0x000045e4       0x64 ./board/board.o
                0x000045e4                BOARD_DebugConsoleSrcFreq
 .text.BOARD_ConfigMPU
                0x00004648      0x100 ./board/board.o
                0x00004648                BOARD_ConfigMPU
 .text.CLOCK_SetMux
                0x00004748       0x9c ./board/clock_config.o
 .text.CLOCK_SetDiv
                0x000047e4       0x9c ./board/clock_config.o
 .text.CLOCK_ControlGate
                0x00004880       0x64 ./board/clock_config.o
 .text.CLOCK_SetXtalFreq
                0x000048e4       0x20 ./board/clock_config.o
 .text.CLOCK_SetRtcXtalFreq
                0x00004904       0x20 ./board/clock_config.o
 .text.IOMUXC_EnableMode
                0x00004924       0x48 ./board/clock_config.o
 .text.IOMUXC_MQSConfig
                0x0000496c       0x44 ./board/clock_config.o
 .text.BOARD_BootClockRUN
                0x000049b0      0x688 ./board/clock_config.o
                0x000049b0                BOARD_BootClockRUN
 .text.CLOCK_ControlGate
                0x00005038       0x64 ./board/pin_mux.o
 .text.BOARD_InitPins
                0x0000509c      0x234 ./board/pin_mux.o
                0x0000509c                BOARD_InitPins
 .text.__assertion_failed
                0x000052d0       0x4c c:/nxp/mcuxpressoide_11.0.1_2563/ide/plugins/com.nxp.mcuxpresso.tools.win32_11.0.1.201907311258/tools/bin/../lib/gcc/arm-none-eabi/8.2.1/../../../../arm-none-eabi/lib/thumb/v7e-m+dp/hard\libcr_nohost_nf.a(_cr_assert.o)
                0x000052d0                __assertion_failed
 .text._Cwritebuf
                0x0000531c       0x6c c:/nxp/mcuxpressoide_11.0.1_2563/ide/plugins/com.nxp.mcuxpresso.tools.win32_11.0.1.201907311258/tools/bin/../lib/gcc/arm-none-eabi/8.2.1/../../../../arm-none-eabi/lib/thumb/v7e-m+dp/hard\libcr_c.a(_writebuf.o)
                0x0000531c                _Cwritebuf
 .text.malloc   0x00005388       0xc8 c:/nxp/mcuxpressoide_11.0.1_2563/ide/plugins/com.nxp.mcuxpresso.tools.win32_11.0.1.201907311258/tools/bin/../lib/gcc/arm-none-eabi/8.2.1/../../../../arm-none-eabi/lib/thumb/v7e-m+dp/hard\libcr_c.a(alloc.o)
                0x00005388                malloc
 .text._Csys_alloc
                0x00005450       0x20 c:/nxp/mcuxpressoide_11.0.1_2563/ide/plugins/com.nxp.mcuxpresso.tools.win32_11.0.1.201907311258/tools/bin/../lib/gcc/arm-none-eabi/8.2.1/../../../../arm-none-eabi/lib/thumb/v7e-m+dp/hard\libcr_c.a(alloc.o)
                0x00005450                _Csys_alloc
 .text.fseek    0x00005470      0x100 c:/nxp/mcuxpressoide_11.0.1_2563/ide/plugins/com.nxp.mcuxpresso.tools.win32_11.0.1.201907311258/tools/bin/../lib/gcc/arm-none-eabi/8.2.1/../../../../arm-none-eabi/lib/thumb/v7e-m+dp/hard\libcr_c.a(fseek.o)
                0x00005470                fseek
 .text.ftell    0x00005570       0x48 c:/nxp/mcuxpressoide_11.0.1_2563/ide/plugins/com.nxp.mcuxpresso.tools.win32_11.0.1.201907311258/tools/bin/../lib/gcc/arm-none-eabi/8.2.1/../../../../arm-none-eabi/lib/thumb/v7e-m+dp/hard\libcr_c.a(ftell.o)
                0x00005570                ftell
 .text._initio  0x000055b8       0x78 c:/nxp/mcuxpressoide_11.0.1_2563/ide/plugins/com.nxp.mcuxpresso.tools.win32_11.0.1.201907311258/tools/bin/../lib/gcc/arm-none-eabi/8.2.1/../../../../arm-none-eabi/lib/thumb/v7e-m+dp/hard\libcr_c.a(initio.o)
                0x000055b8                _initio
 .text.setvbuf  0x00005630       0x40 c:/nxp/mcuxpressoide_11.0.1_2563/ide/plugins/com.nxp.mcuxpresso.tools.win32_11.0.1.201907311258/tools/bin/../lib/gcc/arm-none-eabi/8.2.1/../../../../arm-none-eabi/lib/thumb/v7e-m+dp/hard\libcr_c.a(setvbuf.o)
                0x00005630                setvbuf
 .text._sbrk    0x00005670       0x3c c:/nxp/mcuxpressoide_11.0.1_2563/ide/plugins/com.nxp.mcuxpresso.tools.win32_11.0.1.201907311258/tools/bin/../lib/gcc/arm-none-eabi/8.2.1/../../../../arm-none-eabi/lib/thumb/v7e-m+dp/hard\libcr_c.a(_cr_sbrk.o)
                0x00005670                _sbrk
 .text.fflush   0x000056ac       0x44 c:/nxp/mcuxpressoide_11.0.1_2563/ide/plugins/com.nxp.mcuxpresso.tools.win32_11.0.1.201907311258/tools/bin/../lib/gcc/arm-none-eabi/8.2.1/../../../../arm-none-eabi/lib/thumb/v7e-m+dp/hard\libcr_c.a(fflush.o)
                0x000056ac                fflush
 .text.__check_heap_overflow
                0x000056f0       0x18 c:/nxp/mcuxpressoide_11.0.1_2563/ide/plugins/com.nxp.mcuxpresso.tools.win32_11.0.1.201907311258/tools/bin/../lib/gcc/arm-none-eabi/8.2.1/../../../../arm-none-eabi/lib/thumb/v7e-m+dp/hard\libcr_c.a(_cr_check_heap.o)
                0x000056f0                __check_heap_overflow
 .text.DbgConsole_PrintCallback
                0x00005708       0x64 ./utilities/fsl_debug_console.o
 .text.ConvertRadixNumToString
                0x0000576c      0x114 ./utilities/fsl_str.o
 .text.StrFormatPrintf
                0x00005880      0x30c ./utilities/fsl_str.o
                0x00005880                StrFormatPrintf
 .text.DMA0_DMA16_IRQHandler
                0x00005b8c        0x8 ./startup/startup_mimxrt1062.o
                0x00005b8c                DMA0_DMA16_IRQHandler
 .text.DMA1_DMA17_IRQHandler
                0x00005b94        0x8 ./startup/startup_mimxrt1062.o
                0x00005b94                DMA1_DMA17_IRQHandler
 .text.DMA2_DMA18_IRQHandler
                0x00005b9c        0x8 ./startup/startup_mimxrt1062.o
                0x00005b9c                DMA2_DMA18_IRQHandler
 .text.DMA3_DMA19_IRQHandler
                0x00005ba4        0x8 ./startup/startup_mimxrt1062.o
                0x00005ba4                DMA3_DMA19_IRQHandler
 .text.DMA4_DMA20_IRQHandler
                0x00005bac        0x8 ./startup/startup_mimxrt1062.o
                0x00005bac                DMA4_DMA20_IRQHandler
 .text.DMA5_DMA21_IRQHandler
                0x00005bb4        0x8 ./startup/startup_mimxrt1062.o
                0x00005bb4                DMA5_DMA21_IRQHandler
 .text.DMA6_DMA22_IRQHandler
                0x00005bbc        0x8 ./startup/startup_mimxrt1062.o
                0x00005bbc                DMA6_DMA22_IRQHandler
 .text.DMA7_DMA23_IRQHandler
                0x00005bc4        0x8 ./startup/startup_mimxrt1062.o
                0x00005bc4                DMA7_DMA23_IRQHandler
 .text.DMA8_DMA24_IRQHandler
                0x00005bcc        0x8 ./startup/startup_mimxrt1062.o
                0x00005bcc                DMA8_DMA24_IRQHandler
 .text.DMA9_DMA25_IRQHandler
                0x00005bd4        0x8 ./startup/startup_mimxrt1062.o
                0x00005bd4                DMA9_DMA25_IRQHandler
 .text.DMA10_DMA26_IRQHandler
                0x00005bdc        0x8 ./startup/startup_mimxrt1062.o
                0x00005bdc                DMA10_DMA26_IRQHandler
 .text.DMA11_DMA27_IRQHandler
                0x00005be4        0x8 ./startup/startup_mimxrt1062.o
                0x00005be4                DMA11_DMA27_IRQHandler
 .text.DMA12_DMA28_IRQHandler
                0x00005bec        0x8 ./startup/startup_mimxrt1062.o
                0x00005bec                DMA12_DMA28_IRQHandler
 .text.DMA13_DMA29_IRQHandler
                0x00005bf4        0x8 ./startup/startup_mimxrt1062.o
                0x00005bf4                DMA13_DMA29_IRQHandler
 .text.DMA14_DMA30_IRQHandler
                0x00005bfc        0x8 ./startup/startup_mimxrt1062.o
                0x00005bfc                DMA14_DMA30_IRQHandler
 .text.DMA15_DMA31_IRQHandler
                0x00005c04        0x8 ./startup/startup_mimxrt1062.o
                0x00005c04                DMA15_DMA31_IRQHandler
 .text.DMA_ERROR_IRQHandler
                0x00005c0c        0x8 ./startup/startup_mimxrt1062.o
                0x00005c0c                DMA_ERROR_IRQHandler
 .text.CTI0_ERROR_IRQHandler
                0x00005c14        0x8 ./startup/startup_mimxrt1062.o
                0x00005c14                CTI0_ERROR_IRQHandler
 .text.CTI1_ERROR_IRQHandler
                0x00005c1c        0x8 ./startup/startup_mimxrt1062.o
                0x00005c1c                CTI1_ERROR_IRQHandler
 .text.CORE_IRQHandler
                0x00005c24        0x8 ./startup/startup_mimxrt1062.o
                0x00005c24                CORE_IRQHandler
 .text.LPUART1_IRQHandler
                0x00005c2c        0x8 ./startup/startup_mimxrt1062.o
                0x00005c2c                LPUART1_IRQHandler
 .text.LPUART2_IRQHandler
                0x00005c34        0x8 ./startup/startup_mimxrt1062.o
                0x00005c34                LPUART2_IRQHandler
 .text.LPUART3_IRQHandler
                0x00005c3c        0x8 ./startup/startup_mimxrt1062.o
                0x00005c3c                LPUART3_IRQHandler
 .text.LPUART4_IRQHandler
                0x00005c44        0x8 ./startup/startup_mimxrt1062.o
                0x00005c44                LPUART4_IRQHandler
 .text.LPUART5_IRQHandler
                0x00005c4c        0x8 ./startup/startup_mimxrt1062.o
                0x00005c4c                LPUART5_IRQHandler
 .text.LPUART6_IRQHandler
                0x00005c54        0x8 ./startup/startup_mimxrt1062.o
                0x00005c54                LPUART6_IRQHandler
 .text.LPUART7_IRQHandler
                0x00005c5c        0x8 ./startup/startup_mimxrt1062.o
                0x00005c5c                LPUART7_IRQHandler
 .text.LPUART8_IRQHandler
                0x00005c64        0x8 ./startup/startup_mimxrt1062.o
                0x00005c64                LPUART8_IRQHandler
 .text.LPI2C1_IRQHandler
                0x00005c6c        0x8 ./startup/startup_mimxrt1062.o
                0x00005c6c                LPI2C1_IRQHandler
 .text.LPI2C2_IRQHandler
                0x00005c74        0x8 ./startup/startup_mimxrt1062.o
                0x00005c74                LPI2C2_IRQHandler
 .text.LPI2C3_IRQHandler
                0x00005c7c        0x8 ./startup/startup_mimxrt1062.o
                0x00005c7c                LPI2C3_IRQHandler
 .text.LPI2C4_IRQHandler
                0x00005c84        0x8 ./startup/startup_mimxrt1062.o
                0x00005c84                LPI2C4_IRQHandler
 .text.LPSPI1_IRQHandler
                0x00005c8c        0x8 ./startup/startup_mimxrt1062.o
                0x00005c8c                LPSPI1_IRQHandler
 .text.LPSPI2_IRQHandler
                0x00005c94        0x8 ./startup/startup_mimxrt1062.o
                0x00005c94                LPSPI2_IRQHandler
 .text.LPSPI3_IRQHandler
                0x00005c9c        0x8 ./startup/startup_mimxrt1062.o
                0x00005c9c                LPSPI3_IRQHandler
 .text.LPSPI4_IRQHandler
                0x00005ca4        0x8 ./startup/startup_mimxrt1062.o
                0x00005ca4                LPSPI4_IRQHandler
 .text.CAN1_IRQHandler
                0x00005cac        0x8 ./startup/startup_mimxrt1062.o
                0x00005cac                CAN1_IRQHandler
 .text.CAN2_IRQHandler
                0x00005cb4        0x8 ./startup/startup_mimxrt1062.o
                0x00005cb4                CAN2_IRQHandler
 .text.FLEXRAM_IRQHandler
                0x00005cbc        0x8 ./startup/startup_mimxrt1062.o
                0x00005cbc                FLEXRAM_IRQHandler
 .text.KPP_IRQHandler
                0x00005cc4        0x8 ./startup/startup_mimxrt1062.o
                0x00005cc4                KPP_IRQHandler
 .text.TSC_DIG_IRQHandler
                0x00005ccc        0x8 ./startup/startup_mimxrt1062.o
                0x00005ccc                TSC_DIG_IRQHandler
 .text.GPR_IRQ_IRQHandler
                0x00005cd4        0x8 ./startup/startup_mimxrt1062.o
                0x00005cd4                GPR_IRQ_IRQHandler
 .text.LCDIF_IRQHandler
                0x00005cdc        0x8 ./startup/startup_mimxrt1062.o
                0x00005cdc                LCDIF_IRQHandler
 .text.CSI_IRQHandler
                0x00005ce4        0x8 ./startup/startup_mimxrt1062.o
                0x00005ce4                CSI_IRQHandler
 .text.PXP_IRQHandler
                0x00005cec        0x8 ./startup/startup_mimxrt1062.o
                0x00005cec                PXP_IRQHandler
 .text.WDOG2_IRQHandler
                0x00005cf4        0x8 ./startup/startup_mimxrt1062.o
                0x00005cf4                WDOG2_IRQHandler
 .text.SNVS_HP_WRAPPER_IRQHandler
                0x00005cfc        0x8 ./startup/startup_mimxrt1062.o
                0x00005cfc                SNVS_HP_WRAPPER_IRQHandler
 .text.SNVS_HP_WRAPPER_TZ_IRQHandler
                0x00005d04        0x8 ./startup/startup_mimxrt1062.o
                0x00005d04                SNVS_HP_WRAPPER_TZ_IRQHandler
 .text.SNVS_LP_WRAPPER_IRQHandler
                0x00005d0c        0x8 ./startup/startup_mimxrt1062.o
                0x00005d0c                SNVS_LP_WRAPPER_IRQHandler
 .text.CSU_IRQHandler
                0x00005d14        0x8 ./startup/startup_mimxrt1062.o
                0x00005d14                CSU_IRQHandler
 .text.DCP_IRQHandler
                0x00005d1c        0x8 ./startup/startup_mimxrt1062.o
                0x00005d1c                DCP_IRQHandler
 .text.DCP_VMI_IRQHandler
                0x00005d24        0x8 ./startup/startup_mimxrt1062.o
                0x00005d24                DCP_VMI_IRQHandler
 .text.Reserved68_IRQHandler
                0x00005d2c        0x8 ./startup/startup_mimxrt1062.o
                0x00005d2c                Reserved68_IRQHandler
 .text.TRNG_IRQHandler
                0x00005d34        0x8 ./startup/startup_mimxrt1062.o
                0x00005d34                TRNG_IRQHandler
 .text.SJC_IRQHandler
                0x00005d3c        0x8 ./startup/startup_mimxrt1062.o
                0x00005d3c                SJC_IRQHandler
 .text.BEE_IRQHandler
                0x00005d44        0x8 ./startup/startup_mimxrt1062.o
                0x00005d44                BEE_IRQHandler
 .text.SAI1_IRQHandler
                0x00005d4c        0x8 ./startup/startup_mimxrt1062.o
                0x00005d4c                SAI1_IRQHandler
 .text.SAI2_IRQHandler
                0x00005d54        0x8 ./startup/startup_mimxrt1062.o
                0x00005d54                SAI2_IRQHandler
 .text.SAI3_RX_IRQHandler
                0x00005d5c        0x8 ./startup/startup_mimxrt1062.o
                0x00005d5c                SAI3_RX_IRQHandler
 .text.SAI3_TX_IRQHandler
                0x00005d64        0x8 ./startup/startup_mimxrt1062.o
                0x00005d64                SAI3_TX_IRQHandler
 .text.SPDIF_IRQHandler
                0x00005d6c        0x8 ./startup/startup_mimxrt1062.o
                0x00005d6c                SPDIF_IRQHandler
 .text.PMU_EVENT_IRQHandler
                0x00005d74        0x8 ./startup/startup_mimxrt1062.o
                0x00005d74                PMU_EVENT_IRQHandler
 .text.Reserved78_IRQHandler
                0x00005d7c        0x8 ./startup/startup_mimxrt1062.o
                0x00005d7c                Reserved78_IRQHandler
 .text.TEMP_LOW_HIGH_IRQHandler
                0x00005d84        0x8 ./startup/startup_mimxrt1062.o
                0x00005d84                TEMP_LOW_HIGH_IRQHandler
 .text.TEMP_PANIC_IRQHandler
                0x00005d8c        0x8 ./startup/startup_mimxrt1062.o
                0x00005d8c                TEMP_PANIC_IRQHandler
 .text.USB_PHY1_IRQHandler
                0x00005d94        0x8 ./startup/startup_mimxrt1062.o
                0x00005d94                USB_PHY1_IRQHandler
 .text.USB_PHY2_IRQHandler
                0x00005d9c        0x8 ./startup/startup_mimxrt1062.o
                0x00005d9c                USB_PHY2_IRQHandler
 .text.ADC1_IRQHandler
                0x00005da4        0x8 ./startup/startup_mimxrt1062.o
                0x00005da4                ADC1_IRQHandler
 .text.ADC2_IRQHandler
                0x00005dac        0x8 ./startup/startup_mimxrt1062.o
                0x00005dac                ADC2_IRQHandler
 .text.DCDC_IRQHandler
                0x00005db4        0x8 ./startup/startup_mimxrt1062.o
                0x00005db4                DCDC_IRQHandler
 .text.Reserved86_IRQHandler
                0x00005dbc        0x8 ./startup/startup_mimxrt1062.o
                0x00005dbc                Reserved86_IRQHandler
 .text.Reserved87_IRQHandler
                0x00005dc4        0x8 ./startup/startup_mimxrt1062.o
                0x00005dc4                Reserved87_IRQHandler
 .text.GPIO1_INT0_IRQHandler
                0x00005dcc        0x8 ./startup/startup_mimxrt1062.o
                0x00005dcc                GPIO1_INT0_IRQHandler
 .text.GPIO1_INT1_IRQHandler
                0x00005dd4        0x8 ./startup/startup_mimxrt1062.o
                0x00005dd4                GPIO1_INT1_IRQHandler
 .text.GPIO1_INT2_IRQHandler
                0x00005ddc        0x8 ./startup/startup_mimxrt1062.o
                0x00005ddc                GPIO1_INT2_IRQHandler
 .text.GPIO1_INT3_IRQHandler
                0x00005de4        0x8 ./startup/startup_mimxrt1062.o
                0x00005de4                GPIO1_INT3_IRQHandler
 .text.GPIO1_INT4_IRQHandler
                0x00005dec        0x8 ./startup/startup_mimxrt1062.o
                0x00005dec                GPIO1_INT4_IRQHandler
 .text.GPIO1_INT5_IRQHandler
                0x00005df4        0x8 ./startup/startup_mimxrt1062.o
                0x00005df4                GPIO1_INT5_IRQHandler
 .text.GPIO1_INT6_IRQHandler
                0x00005dfc        0x8 ./startup/startup_mimxrt1062.o
                0x00005dfc                GPIO1_INT6_IRQHandler
 .text.GPIO1_INT7_IRQHandler
                0x00005e04        0x8 ./startup/startup_mimxrt1062.o
                0x00005e04                GPIO1_INT7_IRQHandler
 .text.GPIO1_Combined_0_15_IRQHandler
                0x00005e0c        0x8 ./startup/startup_mimxrt1062.o
                0x00005e0c                GPIO1_Combined_0_15_IRQHandler
 .text.GPIO1_Combined_16_31_IRQHandler
                0x00005e14        0x8 ./startup/startup_mimxrt1062.o
                0x00005e14                GPIO1_Combined_16_31_IRQHandler
 .text.GPIO2_Combined_0_15_IRQHandler
                0x00005e1c        0x8 ./startup/startup_mimxrt1062.o
                0x00005e1c                GPIO2_Combined_0_15_IRQHandler
 .text.GPIO2_Combined_16_31_IRQHandler
                0x00005e24        0x8 ./startup/startup_mimxrt1062.o
                0x00005e24                GPIO2_Combined_16_31_IRQHandler
 .text.GPIO3_Combined_0_15_IRQHandler
                0x00005e2c        0x8 ./startup/startup_mimxrt1062.o
                0x00005e2c                GPIO3_Combined_0_15_IRQHandler
 .text.GPIO3_Combined_16_31_IRQHandler
                0x00005e34        0x8 ./startup/startup_mimxrt1062.o
                0x00005e34                GPIO3_Combined_16_31_IRQHandler
 .text.GPIO4_Combined_0_15_IRQHandler
                0x00005e3c        0x8 ./startup/startup_mimxrt1062.o
                0x00005e3c                GPIO4_Combined_0_15_IRQHandler
 .text.GPIO4_Combined_16_31_IRQHandler
                0x00005e44        0x8 ./startup/startup_mimxrt1062.o
                0x00005e44                GPIO4_Combined_16_31_IRQHandler
 .text.GPIO5_Combined_0_15_IRQHandler
                0x00005e4c        0x8 ./startup/startup_mimxrt1062.o
                0x00005e4c                GPIO5_Combined_0_15_IRQHandler
 .text.GPIO5_Combined_16_31_IRQHandler
                0x00005e54        0x8 ./startup/startup_mimxrt1062.o
                0x00005e54                GPIO5_Combined_16_31_IRQHandler
 .text.FLEXIO1_IRQHandler
                0x00005e5c        0x8 ./startup/startup_mimxrt1062.o
                0x00005e5c                FLEXIO1_IRQHandler
 .text.FLEXIO2_IRQHandler
                0x00005e64        0x8 ./startup/startup_mimxrt1062.o
                0x00005e64                FLEXIO2_IRQHandler
 .text.WDOG1_IRQHandler
                0x00005e6c        0x8 ./startup/startup_mimxrt1062.o
                0x00005e6c                WDOG1_IRQHandler
 .text.RTWDOG_IRQHandler
                0x00005e74        0x8 ./startup/startup_mimxrt1062.o
                0x00005e74                RTWDOG_IRQHandler
 .text.EWM_IRQHandler
                0x00005e7c        0x8 ./startup/startup_mimxrt1062.o
                0x00005e7c                EWM_IRQHandler
 .text.CCM_1_IRQHandler
                0x00005e84        0x8 ./startup/startup_mimxrt1062.o
                0x00005e84                CCM_1_IRQHandler
 .text.CCM_2_IRQHandler
                0x00005e8c        0x8 ./startup/startup_mimxrt1062.o
                0x00005e8c                CCM_2_IRQHandler
 .text.GPC_IRQHandler
                0x00005e94        0x8 ./startup/startup_mimxrt1062.o
                0x00005e94                GPC_IRQHandler
 .text.SRC_IRQHandler
                0x00005e9c        0x8 ./startup/startup_mimxrt1062.o
                0x00005e9c                SRC_IRQHandler
 .text.Reserved115_IRQHandler
                0x00005ea4        0x8 ./startup/startup_mimxrt1062.o
                0x00005ea4                Reserved115_IRQHandler
 .text.GPT1_IRQHandler
                0x00005eac        0x8 ./startup/startup_mimxrt1062.o
                0x00005eac                GPT1_IRQHandler
 .text.GPT2_IRQHandler
                0x00005eb4        0x8 ./startup/startup_mimxrt1062.o
                0x00005eb4                GPT2_IRQHandler
 .text.PWM1_0_IRQHandler
                0x00005ebc        0x8 ./startup/startup_mimxrt1062.o
                0x00005ebc                PWM1_0_IRQHandler
 .text.PWM1_1_IRQHandler
                0x00005ec4        0x8 ./startup/startup_mimxrt1062.o
                0x00005ec4                PWM1_1_IRQHandler
 .text.PWM1_2_IRQHandler
                0x00005ecc        0x8 ./startup/startup_mimxrt1062.o
                0x00005ecc                PWM1_2_IRQHandler
 .text.PWM1_3_IRQHandler
                0x00005ed4        0x8 ./startup/startup_mimxrt1062.o
                0x00005ed4                PWM1_3_IRQHandler
 .text.PWM1_FAULT_IRQHandler
                0x00005edc        0x8 ./startup/startup_mimxrt1062.o
                0x00005edc                PWM1_FAULT_IRQHandler
 .text.FLEXSPI2_IRQHandler
                0x00005ee4        0x8 ./startup/startup_mimxrt1062.o
                0x00005ee4                FLEXSPI2_IRQHandler
 .text.FLEXSPI_IRQHandler
                0x00005eec        0x8 ./startup/startup_mimxrt1062.o
                0x00005eec                FLEXSPI_IRQHandler
 .text.SEMC_IRQHandler
                0x00005ef4        0x8 ./startup/startup_mimxrt1062.o
                0x00005ef4                SEMC_IRQHandler
 .text.USDHC1_IRQHandler
                0x00005efc        0x8 ./startup/startup_mimxrt1062.o
                0x00005efc                USDHC1_IRQHandler
 .text.USDHC2_IRQHandler
                0x00005f04        0x8 ./startup/startup_mimxrt1062.o
                0x00005f04                USDHC2_IRQHandler
 .text.USB_OTG2_IRQHandler
                0x00005f0c        0x8 ./startup/startup_mimxrt1062.o
                0x00005f0c                USB_OTG2_IRQHandler
 .text.USB_OTG1_IRQHandler
                0x00005f14        0x8 ./startup/startup_mimxrt1062.o
                0x00005f14                USB_OTG1_IRQHandler
 .text.ENET_IRQHandler
                0x00005f1c        0x8 ./startup/startup_mimxrt1062.o
                0x00005f1c                ENET_IRQHandler
 .text.ENET_1588_Timer_IRQHandler
                0x00005f24        0x8 ./startup/startup_mimxrt1062.o
                0x00005f24                ENET_1588_Timer_IRQHandler
 .text.XBAR1_IRQ_0_1_IRQHandler
                0x00005f2c        0x8 ./startup/startup_mimxrt1062.o
                0x00005f2c                XBAR1_IRQ_0_1_IRQHandler
 .text.XBAR1_IRQ_2_3_IRQHandler
                0x00005f34        0x8 ./startup/startup_mimxrt1062.o
                0x00005f34                XBAR1_IRQ_2_3_IRQHandler
 .text.ADC_ETC_IRQ0_IRQHandler
                0x00005f3c        0x8 ./startup/startup_mimxrt1062.o
                0x00005f3c                ADC_ETC_IRQ0_IRQHandler
 .text.ADC_ETC_IRQ1_IRQHandler
                0x00005f44        0x8 ./startup/startup_mimxrt1062.o
                0x00005f44                ADC_ETC_IRQ1_IRQHandler
 .text.ADC_ETC_IRQ2_IRQHandler
                0x00005f4c        0x8 ./startup/startup_mimxrt1062.o
                0x00005f4c                ADC_ETC_IRQ2_IRQHandler
 .text.ADC_ETC_ERROR_IRQ_IRQHandler
                0x00005f54        0x8 ./startup/startup_mimxrt1062.o
                0x00005f54                ADC_ETC_ERROR_IRQ_IRQHandler
 .text.PIT_IRQHandler
                0x00005f5c        0x8 ./startup/startup_mimxrt1062.o
                0x00005f5c                PIT_IRQHandler
 .text.ACMP1_IRQHandler
                0x00005f64        0x8 ./startup/startup_mimxrt1062.o
                0x00005f64                ACMP1_IRQHandler
 .text.ACMP2_IRQHandler
                0x00005f6c        0x8 ./startup/startup_mimxrt1062.o
                0x00005f6c                ACMP2_IRQHandler
 .text.ACMP3_IRQHandler
                0x00005f74        0x8 ./startup/startup_mimxrt1062.o
                0x00005f74                ACMP3_IRQHandler
 .text.ACMP4_IRQHandler
                0x00005f7c        0x8 ./startup/startup_mimxrt1062.o
                0x00005f7c                ACMP4_IRQHandler
 .text.Reserved143_IRQHandler
                0x00005f84        0x8 ./startup/startup_mimxrt1062.o
                0x00005f84                Reserved143_IRQHandler
 .text.Reserved144_IRQHandler
                0x00005f8c        0x8 ./startup/startup_mimxrt1062.o
                0x00005f8c                Reserved144_IRQHandler
 .text.ENC1_IRQHandler
                0x00005f94        0x8 ./startup/startup_mimxrt1062.o
                0x00005f94                ENC1_IRQHandler
 .text.ENC2_IRQHandler
                0x00005f9c        0x8 ./startup/startup_mimxrt1062.o
                0x00005f9c                ENC2_IRQHandler
 .text.ENC3_IRQHandler
                0x00005fa4        0x8 ./startup/startup_mimxrt1062.o
                0x00005fa4                ENC3_IRQHandler
 .text.ENC4_IRQHandler
                0x00005fac        0x8 ./startup/startup_mimxrt1062.o
                0x00005fac                ENC4_IRQHandler
 .text.TMR1_IRQHandler
                0x00005fb4        0x8 ./startup/startup_mimxrt1062.o
                0x00005fb4                TMR1_IRQHandler
 .text.TMR2_IRQHandler
                0x00005fbc        0x8 ./startup/startup_mimxrt1062.o
                0x00005fbc                TMR2_IRQHandler
 .text.TMR3_IRQHandler
                0x00005fc4        0x8 ./startup/startup_mimxrt1062.o
                0x00005fc4                TMR3_IRQHandler
 .text.TMR4_IRQHandler
                0x00005fcc        0x8 ./startup/startup_mimxrt1062.o
                0x00005fcc                TMR4_IRQHandler
 .text.PWM2_0_IRQHandler
                0x00005fd4        0x8 ./startup/startup_mimxrt1062.o
                0x00005fd4                PWM2_0_IRQHandler
 .text.PWM2_1_IRQHandler
                0x00005fdc        0x8 ./startup/startup_mimxrt1062.o
                0x00005fdc                PWM2_1_IRQHandler
 .text.PWM2_2_IRQHandler
                0x00005fe4        0x8 ./startup/startup_mimxrt1062.o
                0x00005fe4                PWM2_2_IRQHandler
 .text.PWM2_3_IRQHandler
                0x00005fec        0x8 ./startup/startup_mimxrt1062.o
                0x00005fec                PWM2_3_IRQHandler
 .text.PWM2_FAULT_IRQHandler
                0x00005ff4        0x8 ./startup/startup_mimxrt1062.o
                0x00005ff4                PWM2_FAULT_IRQHandler
 .text.PWM3_0_IRQHandler
                0x00005ffc        0x8 ./startup/startup_mimxrt1062.o
                0x00005ffc                PWM3_0_IRQHandler
 .text.PWM3_1_IRQHandler
                0x00006004        0x8 ./startup/startup_mimxrt1062.o
                0x00006004                PWM3_1_IRQHandler
 .text.PWM3_2_IRQHandler
                0x0000600c        0x8 ./startup/startup_mimxrt1062.o
                0x0000600c                PWM3_2_IRQHandler
 .text.PWM3_3_IRQHandler
                0x00006014        0x8 ./startup/startup_mimxrt1062.o
                0x00006014                PWM3_3_IRQHandler
 .text.PWM3_FAULT_IRQHandler
                0x0000601c        0x8 ./startup/startup_mimxrt1062.o
                0x0000601c                PWM3_FAULT_IRQHandler
 .text.PWM4_0_IRQHandler
                0x00006024        0x8 ./startup/startup_mimxrt1062.o
                0x00006024                PWM4_0_IRQHandler
 .text.PWM4_1_IRQHandler
                0x0000602c        0x8 ./startup/startup_mimxrt1062.o
                0x0000602c                PWM4_1_IRQHandler
 .text.PWM4_2_IRQHandler
                0x00006034        0x8 ./startup/startup_mimxrt1062.o
                0x00006034                PWM4_2_IRQHandler
 .text.PWM4_3_IRQHandler
                0x0000603c        0x8 ./startup/startup_mimxrt1062.o
                0x0000603c                PWM4_3_IRQHandler
 .text.PWM4_FAULT_IRQHandler
                0x00006044        0x8 ./startup/startup_mimxrt1062.o
                0x00006044                PWM4_FAULT_IRQHandler
 .text.ENET2_IRQHandler
                0x0000604c        0x8 ./startup/startup_mimxrt1062.o
                0x0000604c                ENET2_IRQHandler
 .text.ENET2_1588_Timer_IRQHandler
                0x00006054        0x8 ./startup/startup_mimxrt1062.o
                0x00006054                ENET2_1588_Timer_IRQHandler
 .text.CAN3_IRQHandler
                0x0000605c        0x8 ./startup/startup_mimxrt1062.o
                0x0000605c                CAN3_IRQHandler
 .text.Reserved171_IRQHandler
                0x00006064        0x8 ./startup/startup_mimxrt1062.o
                0x00006064                Reserved171_IRQHandler
 .text.FLEXIO3_IRQHandler
                0x0000606c        0x8 ./startup/startup_mimxrt1062.o
                0x0000606c                FLEXIO3_IRQHandler
 .text.GPIO6_7_8_9_IRQHandler
                0x00006074        0x8 ./startup/startup_mimxrt1062.o
                0x00006074                GPIO6_7_8_9_IRQHandler
 .text.HardFault_Handler
                0x0000607c       0x2c ./source/semihost_hardfault.o
                0x0000607c                HardFault_Handler
 .text._delay_ms
                0x000060a8       0x30 ./drivers/ethernet_lib.o
                0x000060a8                _delay_ms
 .text.CLOCK_IsPllBypassed
                0x000060d8       0x32 ./drivers/fsl_clock.o
 .text.CLOCK_IsPllEnabled
                0x0000610a       0x3c ./drivers/fsl_clock.o
 .text.CLOCK_GetPllBypassRefClk
                0x00006146       0x34 ./drivers/fsl_clock.o
 .text.CLOCK_EnableClock
                0x0000617a       0x1e ./drivers/fsl_gpio.o
 .text.GPIO_SetPinInterruptConfig
                0x00006198       0x22 ./drivers/fsl_gpio.o
 .text.CLOCK_EnableClock
                0x000061ba       0x1e ./drivers/fsl_lpspi.o
 .text.CLOCK_DisableClock
                0x000061d8       0x1e ./drivers/fsl_lpspi.o
 .text.EnableIRQ
                0x000061f6       0x2c ./drivers/fsl_lpspi.o
 .text.LPSPI_Enable
                0x00006222       0x38 ./drivers/fsl_lpspi.o
 .text.LPSPI_GetStatusFlags
                0x0000625a       0x18 ./drivers/fsl_lpspi.o
 .text.LPSPI_GetRxFifoSize
                0x00006272       0x22 ./drivers/fsl_lpspi.o
 .text.LPSPI_GetTxFifoCount
                0x00006294       0x1c ./drivers/fsl_lpspi.o
 .text.LPSPI_GetRxFifoCount
                0x000062b0       0x1e ./drivers/fsl_lpspi.o
 .text.LPSPI_ClearStatusFlags
                0x000062ce       0x1c ./drivers/fsl_lpspi.o
 .text.LPSPI_EnableInterrupts
                0x000062ea       0x22 ./drivers/fsl_lpspi.o
 .text.LPSPI_DisableInterrupts
                0x0000630c       0x24 ./drivers/fsl_lpspi.o
 .text.LPSPI_SetMasterSlaveMode
                0x00006330       0x2c ./drivers/fsl_lpspi.o
 .text.LPSPI_IsMaster
                0x0000635c       0x26 ./drivers/fsl_lpspi.o
 .text.LPSPI_FlushFifo
                0x00006382       0x30 ./drivers/fsl_lpspi.o
 .text.LPSPI_SetFifoWatermarks
                0x000063b2       0x2c ./drivers/fsl_lpspi.o
 .text.LPSPI_WriteData
                0x000063de       0x1c ./drivers/fsl_lpspi.o
 .text.LPSPI_ReadData
                0x000063fa       0x18 ./drivers/fsl_lpspi.o
 .text.LPSPI_Reset
                0x00006412       0x32 ./drivers/fsl_lpspi.o
                0x00006412                LPSPI_Reset
 .text.LPSPI_SetOnePcsPolarity
                0x00006444       0x44 ./drivers/fsl_lpspi.o
 .text.CLOCK_EnableClock
                0x00006488       0x1e ./drivers/fsl_lpspi_cmsis.o
 .text.LPSPI_Enable
                0x000064a6       0x38 ./drivers/fsl_lpspi_cmsis.o
 .text.LPSPI_SetMasterSlaveMode
                0x000064de       0x2c ./drivers/fsl_lpspi_cmsis.o
 .text.LPSPI_IsMaster
                0x0000650a       0x26 ./drivers/fsl_lpspi_cmsis.o
 .text.LPSPI_CommonControl
                0x00006530      0x2ea ./drivers/fsl_lpspi_cmsis.o
 .text.LPSPI_SetTransferConfigFlags
                0x0000681a       0xa2 ./drivers/fsl_lpspi_cmsis.o
 .text.LPSPIx_GetCapabilities
                0x000068bc       0x14 ./drivers/fsl_lpspi_cmsis.o
 .text.KSDK_LPSPI_MasterInterruptCallback
                0x000068d0       0x4a ./drivers/fsl_lpspi_cmsis.o
                0x000068d0                KSDK_LPSPI_MasterInterruptCallback
 .text.KSDK_LPSPI_SlaveInterruptCallback
                0x0000691a       0x48 ./drivers/fsl_lpspi_cmsis.o
                0x0000691a                KSDK_LPSPI_SlaveInterruptCallback
 .text.LPSPI_InterruptInitialize
                0x00006962       0x30 ./drivers/fsl_lpspi_cmsis.o
 .text.LPSPI_InterruptUninitialize
                0x00006992       0x1c ./drivers/fsl_lpspi_cmsis.o
 .text.LPSPI_InterruptSend
                0x000069ae       0xc6 ./drivers/fsl_lpspi_cmsis.o
 .text.LPSPI_InterruptReceive
                0x00006a74       0xc6 ./drivers/fsl_lpspi_cmsis.o
 .text.LPSPI_InterruptTransfer
                0x00006b3a       0xc8 ./drivers/fsl_lpspi_cmsis.o
 .text.LPSPI_InterruptGetCount
                0x00006c02       0x40 ./drivers/fsl_lpspi_cmsis.o
 .text.LPSPI_InterruptGetStatus
                0x00006c42       0xb2 ./drivers/fsl_lpspi_cmsis.o
                0x00006c42                LPSPI_InterruptGetStatus
 .text.CLOCK_EnableClock
                0x00006cf4       0x1e ./drivers/fsl_lpuart.o
 .text.LPUART_SoftwareReset
                0x00006d12       0x2c ./drivers/fsl_lpuart.o
 .text.SystemInitHook
                0x00006d3e        0xe ./device/system_MIMXRT1062.o
                0x00006d3e                SystemInitHook
 .text.HAL_UartGetStatus
                0x00006d4c       0x22 ./component/uart/lpuart_adapter.o
 .text.SerialManager_StartWriting
                0x00006d6e       0x4a ./component/serial_manager/serial_manager.o
 .text.SerialManager_WriteBlocking
                0x00006db8       0x20 ./component/serial_manager/serial_manager.o
                0x00006db8                SerialManager_WriteBlocking
 .text.BOARD_InitDebugConsole
                0x00006dd8       0x22 ./board/board.o
                0x00006dd8                BOARD_InitDebugConsole
 .text.CLOCK_DisableClock
                0x00006dfa       0x1e ./board/clock_config.o
 .text.CLOCK_SetPllBypass
                0x00006e18       0x4e ./board/clock_config.o
 .text.IOMUXC_SetSaiMClkClockSource
                0x00006e66       0x6c ./board/clock_config.o
 .text.CLOCK_EnableClock
                0x00006ed2       0x1e ./board/pin_mux.o
 .text.IOMUXC_SetPinMux
                0x00006ef0       0x3a ./board/pin_mux.o
 .text.IOMUXC_SetPinConfig
                0x00006f2a       0x26 ./board/pin_mux.o
 .text.LPSPI4_InitPins
                0x00006f50        0xe ./board/pin_mux.o
                0x00006f50                LPSPI4_InitPins
 .text.LPSPI4_DeinitPins
                0x00006f5e        0xe ./board/pin_mux.o
                0x00006f5e                LPSPI4_DeinitPins
 .text.__main   0x00006f6c        0xe c:/nxp/mcuxpressoide_11.0.1_2563/ide/plugins/com.nxp.mcuxpresso.tools.win32_11.0.1.201907311258/tools/bin/../lib/gcc/arm-none-eabi/8.2.1/../../../../arm-none-eabi/lib/thumb/v7e-m+dp/hard\libcr_nohost_nf.a(_cr__main.o)
                0x00006f6c                __main
 .text.__sys_appexit
                0x00006f7a        0x2 c:/nxp/mcuxpressoide_11.0.1_2563/ide/plugins/com.nxp.mcuxpresso.tools.win32_11.0.1.201907311258/tools/bin/../lib/gcc/arm-none-eabi/8.2.1/../../../../arm-none-eabi/lib/thumb/v7e-m+dp/hard\libcr_nohost_nf.a(__sys_appexit.o)
                0x00006f7a                __sys_appexit
                0x00006f7a                __exit
 .text.memset   0x00006f7c        0x4 c:/nxp/mcuxpressoide_11.0.1_2563/ide/plugins/com.nxp.mcuxpresso.tools.win32_11.0.1.201907311258/tools/bin/../lib/gcc/arm-none-eabi/8.2.1/../../../../arm-none-eabi/lib/thumb/v7e-m+dp/hard\libcr_c.a(memset.o)
                0x00006f7c                memset
 .text._deferredlazyseek
                0x00006f80       0x40 c:/nxp/mcuxpressoide_11.0.1_2563/ide/plugins/com.nxp.mcuxpresso.tools.win32_11.0.1.201907311258/tools/bin/../lib/gcc/arm-none-eabi/8.2.1/../../../../arm-none-eabi/lib/thumb/v7e-m+dp/hard\libcr_c.a(_deferredlazyseek.o)
                0x00006f80                _deferredlazyseek
 .text.__flsbuf
                0x00006fc0      0x140 c:/nxp/mcuxpressoide_11.0.1_2563/ide/plugins/com.nxp.mcuxpresso.tools.win32_11.0.1.201907311258/tools/bin/../lib/gcc/arm-none-eabi/8.2.1/../../../../arm-none-eabi/lib/thumb/v7e-m+dp/hard\libcr_c.a(_deferredlazyseek.o)
                0x00006fc0                __flsbuf
 .text._fflush  0x00007100       0x52 c:/nxp/mcuxpressoide_11.0.1_2563/ide/plugins/com.nxp.mcuxpresso.tools.win32_11.0.1.201907311258/tools/bin/../lib/gcc/arm-none-eabi/8.2.1/../../../../arm-none-eabi/lib/thumb/v7e-m+dp/hard\libcr_c.a(_fflush.o)
                0x00007100                _fflush
 .text.free     0x00007152       0x30 c:/nxp/mcuxpressoide_11.0.1_2563/ide/plugins/com.nxp.mcuxpresso.tools.win32_11.0.1.201907311258/tools/bin/../lib/gcc/arm-none-eabi/8.2.1/../../../../arm-none-eabi/lib/thumb/v7e-m+dp/hard\libcr_c.a(alloc.o)
                0x00007152                free
 .text.fputs    0x00007182       0x2c c:/nxp/mcuxpressoide_11.0.1_2563/ide/plugins/com.nxp.mcuxpresso.tools.win32_11.0.1.201907311258/tools/bin/../lib/gcc/arm-none-eabi/8.2.1/../../../../arm-none-eabi/lib/thumb/v7e-m+dp/hard\libcr_c.a(fputs.o)
                0x00007182                fputs
 .text.strlen   0x000071ae       0x4c c:/nxp/mcuxpressoide_11.0.1_2563/ide/plugins/com.nxp.mcuxpresso.tools.win32_11.0.1.201907311258/tools/bin/../lib/gcc/arm-none-eabi/8.2.1/../../../../arm-none-eabi/lib/thumb/v7e-m+dp/hard\libcr_c.a(strlen.o)
                0x000071ae                strlen
 .text._fdopen  0x000071fa       0x68 c:/nxp/mcuxpressoide_11.0.1_2563/ide/plugins/com.nxp.mcuxpresso.tools.win32_11.0.1.201907311258/tools/bin/../lib/gcc/arm-none-eabi/8.2.1/../../../../arm-none-eabi/lib/thumb/v7e-m+dp/hard\libcr_c.a(_fdopen.o)
                0x000071fa                _fdopen
 .text.fclose   0x00007262       0x58 c:/nxp/mcuxpressoide_11.0.1_2563/ide/plugins/com.nxp.mcuxpresso.tools.win32_11.0.1.201907311258/tools/bin/../lib/gcc/arm-none-eabi/8.2.1/../../../../arm-none-eabi/lib/thumb/v7e-m+dp/hard\libcr_c.a(fclose.o)
                0x00007262                fclose
 .text.remove   0x000072ba       0x14 c:/nxp/mcuxpressoide_11.0.1_2563/ide/plugins/com.nxp.mcuxpresso.tools.win32_11.0.1.201907311258/tools/bin/../lib/gcc/arm-none-eabi/8.2.1/../../../../arm-none-eabi/lib/thumb/v7e-m+dp/hard\libcr_c.a(remove.o)
                0x000072ba                remove
 .text._do_fflush
                0x000072ce       0x40 c:/nxp/mcuxpressoide_11.0.1_2563/ide/plugins/com.nxp.mcuxpresso.tools.win32_11.0.1.201907311258/tools/bin/../lib/gcc/arm-none-eabi/8.2.1/../../../../arm-none-eabi/lib/thumb/v7e-m+dp/hard\libcr_c.a(_do_fflush.o)
                0x000072ce                _do_fflush
 .text.__aeabi_division_uldivmod
                0x0000730e      0x174 c:/nxp/mcuxpressoide_11.0.1_2563/ide/plugins/com.nxp.mcuxpresso.tools.win32_11.0.1.201907311258/tools/bin/../lib/gcc/arm-none-eabi/8.2.1/thumb/v7e-m+dp/hard\libcr_eabihelpers.a(division_64.o)
                0x0000730e                __aeabi_uldivmod
                0x00007312                __bhs_ldivmod1
 .text.__aeabi_division_idiv0
                0x00007482        0x2 c:/nxp/mcuxpressoide_11.0.1_2563/ide/plugins/com.nxp.mcuxpresso.tools.win32_11.0.1.201907311258/tools/bin/../lib/gcc/arm-none-eabi/8.2.1/thumb/v7e-m+dp/hard\libcr_eabihelpers.a(division_idiv0.o)
                0x00007482                __aeabi_idiv0
 .text.__aeabi_memset_lowlevel
                0x00007484       0x32 c:/nxp/mcuxpressoide_11.0.1_2563/ide/plugins/com.nxp.mcuxpresso.tools.win32_11.0.1.201907311258/tools/bin/../lib/gcc/arm-none-eabi/8.2.1/thumb/v7e-m+dp/hard\libcr_eabihelpers.a(memcpy.o)
                0x00007484                __aeabi_lowlevel_memset
 .text.__sys_close
                0x000074b6        0x6 c:/nxp/mcuxpressoide_11.0.1_2563/ide/plugins/com.nxp.mcuxpresso.tools.win32_11.0.1.201907311258/tools/bin/../lib/gcc/arm-none-eabi/8.2.1/../../../../arm-none-eabi/lib/thumb/v7e-m+dp/hard\libcr_nohost_nf.a(__sys_close.o)
                0x000074b6                __sys_close
 .text.__sys_flen
                0x000074bc        0x6 c:/nxp/mcuxpressoide_11.0.1_2563/ide/plugins/com.nxp.mcuxpresso.tools.win32_11.0.1.201907311258/tools/bin/../lib/gcc/arm-none-eabi/8.2.1/../../../../arm-none-eabi/lib/thumb/v7e-m+dp/hard\libcr_nohost_nf.a(__sys_flen.o)
                0x000074bc                __sys_flen
 .text.__sys_istty
                0x000074c2        0x6 c:/nxp/mcuxpressoide_11.0.1_2563/ide/plugins/com.nxp.mcuxpresso.tools.win32_11.0.1.201907311258/tools/bin/../lib/gcc/arm-none-eabi/8.2.1/../../../../arm-none-eabi/lib/thumb/v7e-m+dp/hard\libcr_nohost_nf.a(__sys_istty.o)
                0x000074c2                __sys_istty
 .text.__sys_remove
                0x000074c8        0x6 c:/nxp/mcuxpressoide_11.0.1_2563/ide/plugins/com.nxp.mcuxpresso.tools.win32_11.0.1.201907311258/tools/bin/../lib/gcc/arm-none-eabi/8.2.1/../../../../arm-none-eabi/lib/thumb/v7e-m+dp/hard\libcr_nohost_nf.a(__sys_remove.o)
                0x000074c8                __sys_remove
 .text.__sys_seek
                0x000074ce        0x6 c:/nxp/mcuxpressoide_11.0.1_2563/ide/plugins/com.nxp.mcuxpresso.tools.win32_11.0.1.201907311258/tools/bin/../lib/gcc/arm-none-eabi/8.2.1/../../../../arm-none-eabi/lib/thumb/v7e-m+dp/hard\libcr_nohost_nf.a(__sys_seek.o)
                0x000074ce                __sys_seek
 .text.__sys_tmpnam
                0x000074d4        0x6 c:/nxp/mcuxpressoide_11.0.1_2563/ide/plugins/com.nxp.mcuxpresso.tools.win32_11.0.1.201907311258/tools/bin/../lib/gcc/arm-none-eabi/8.2.1/../../../../arm-none-eabi/lib/thumb/v7e-m+dp/hard\libcr_nohost_nf.a(__sys_tmpnam.o)
                0x000074d4                __sys_tmpnam
 .text.__sys_write
                0x000074da        0x4 c:/nxp/mcuxpressoide_11.0.1_2563/ide/plugins/com.nxp.mcuxpresso.tools.win32_11.0.1.201907311258/tools/bin/../lib/gcc/arm-none-eabi/8.2.1/../../../../arm-none-eabi/lib/thumb/v7e-m+dp/hard\libcr_nohost_nf.a(__sys_write.o)
                0x000074da                __sys_write
 *(SORT_BY_ALIGNMENT(.rodata) SORT_BY_ALIGNMENT(.rodata.*) SORT_BY_ALIGNMENT(.constdata) SORT_BY_ALIGNMENT(.constdata.*))
 *fill*         0x000074de        0x2 ff
 .rodata        0x000074e0      0x21f ./utilities/fsl_debug_console.o
 *fill*         0x000076ff        0x1 ff
 .rodata        0x00007700      0x1c2 ./source/cmsis_lpspi_int_b2b_transfer_master.o
 *fill*         0x000078c2        0x2 ff
 .rodata        0x000078c4      0x164 ./drivers/ethernet_lib.o
 .rodata        0x00007a28       0xc7 ./drivers/fsl_clock.o
 *fill*         0x00007aef        0x1 ff
 .rodata        0x00007af0      0xdb8 ./drivers/fsl_edma.o
 .rodata        0x000088a8       0x91 ./drivers/fsl_gpio.o
 *fill*         0x00008939        0x3 ff
 .rodata.s_gpioBases
                0x0000893c       0x28 ./drivers/fsl_gpio.o
 .rodata.s_gpioClock
                0x00008964        0xc ./drivers/fsl_gpio.o
 .rodata        0x00008970      0x593 ./drivers/fsl_lpspi.o
 *fill*         0x00008f03        0x1 ff
 .rodata.s_baudratePrescaler
                0x00008f04        0x8 ./drivers/fsl_lpspi.o
 .rodata.s_lpspiBases
                0x00008f0c       0x14 ./drivers/fsl_lpspi.o
 .rodata.s_lpspiIRQ
                0x00008f20        0xa ./drivers/fsl_lpspi.o
 *fill*         0x00008f2a        0x2 ff
 .rodata.s_lpspiClocks
                0x00008f2c        0xa ./drivers/fsl_lpspi.o
 *fill*         0x00008f36        0x2 ff
 .rodata        0x00008f38       0x29 ./drivers/fsl_lpspi_cmsis.o
 *fill*         0x00008f61        0x3 ff
 .rodata.s_lpspiClock
                0x00008f64        0xa ./drivers/fsl_lpspi_cmsis.o
 *fill*         0x00008f6e        0x2 ff
 .rodata.s_lpspiDriverVersion
                0x00008f70        0x4 ./drivers/fsl_lpspi_cmsis.o
 .rodata.LPSPI4_Resource
                0x00008f74        0xc ./drivers/fsl_lpspi_cmsis.o
                0x00008f74                LPSPI4_Resource
 .rodata.Driver_SPI4
                0x00008f80       0x2c ./drivers/fsl_lpspi_cmsis.o
                0x00008f80                Driver_SPI4
 .rodata        0x00008fac      0x6b2 ./drivers/fsl_lpuart.o
 *fill*         0x0000965e        0x2 ff
 .rodata.s_lpuartBases
                0x00009660       0x24 ./drivers/fsl_lpuart.o
 .rodata.s_lpuartClock
                0x00009684       0x12 ./drivers/fsl_lpuart.o
 *fill*         0x00009696        0x2 ff
 .rodata.s_LpuartAdapterBase
                0x00009698       0x24 ./component/uart/lpuart_adapter.o
 .rodata        0x000096bc      0x274 ./component/uart/lpuart_adapter.o
 .rodata        0x00009930      0x525 ./component/serial_manager/serial_manager.o
 *fill*         0x00009e55        0x3 ff
 .rodata        0x00009e58      0x244 ./component/serial_manager/serial_port_uart.o
 .rodata        0x0000a09c       0xa1 ./board/clock_config.o
 *fill*         0x0000a13d        0x3 ff
 .rodata.armPllConfig_BOARD_BootClockRUN
                0x0000a140        0x8 ./board/clock_config.o
                0x0000a140                armPllConfig_BOARD_BootClockRUN
 .rodata.sysPllConfig_BOARD_BootClockRUN
                0x0000a148       0x14 ./board/clock_config.o
                0x0000a148                sysPllConfig_BOARD_BootClockRUN
 .rodata        0x0000a15c       0x2f ./board/pin_mux.o
 *fill*         0x0000a18b        0x1 ff
 .rodata.__num_Ciob_streams
                0x0000a18c        0x4 c:/nxp/mcuxpressoide_11.0.1_2563/ide/plugins/com.nxp.mcuxpresso.tools.win32_11.0.1.201907311258/tools/bin/../lib/gcc/arm-none-eabi/8.2.1/../../../../arm-none-eabi/lib/thumb/v7e-m+dp/hard\libcr_nohost_nf.a(__ciob.o)
                0x0000a18c                __num_Ciob_streams
 .rodata.__assertion_failed.str1.1
                0x0000a190       0x15 c:/nxp/mcuxpressoide_11.0.1_2563/ide/plugins/com.nxp.mcuxpresso.tools.win32_11.0.1.201907311258/tools/bin/../lib/gcc/arm-none-eabi/8.2.1/../../../../arm-none-eabi/lib/thumb/v7e-m+dp/hard\libcr_nohost_nf.a(_cr_assert.o)
 .rodata._Csys_alloc.str1.1
                0x0000a1a5       0x18 c:/nxp/mcuxpressoide_11.0.1_2563/ide/plugins/com.nxp.mcuxpresso.tools.win32_11.0.1.201907311258/tools/bin/../lib/gcc/arm-none-eabi/8.2.1/../../../../arm-none-eabi/lib/thumb/v7e-m+dp/hard\libcr_c.a(alloc.o)
 .rodata._initio.str1.1
                0x0000a1bd        0x4 c:/nxp/mcuxpressoide_11.0.1_2563/ide/plugins/com.nxp.mcuxpresso.tools.win32_11.0.1.201907311258/tools/bin/../lib/gcc/arm-none-eabi/8.2.1/../../../../arm-none-eabi/lib/thumb/v7e-m+dp/hard\libcr_c.a(initio.o)
                0x0000a1c4                . = ALIGN (0x4)
 *fill*         0x0000a1c1        0x3 ff

.glue_7         0x0000a1c4        0x0 load address 0x6000c224
 .glue_7        0x0000a1c4        0x0 linker stubs

.glue_7t        0x0000a1c4        0x0 load address 0x6000c224
 .glue_7t       0x0000a1c4        0x0 linker stubs

.vfp11_veneer   0x0000a1c4        0x0 load address 0x6000c224
 .vfp11_veneer  0x0000a1c4        0x0 linker stubs

.v4_bx          0x0000a1c4        0x0 load address 0x6000c224
 .v4_bx         0x0000a1c4        0x0 linker stubs

.iplt           0x0000a1c4        0x0 load address 0x6000c224
 .iplt          0x0000a1c4        0x0 ./utilities/fsl_debug_console.o

.rel.dyn        0x0000a1c4        0x0 load address 0x6000c224
 .rel.iplt      0x0000a1c4        0x0 ./utilities/fsl_debug_console.o

.ARM.extab      0x0000a1c4        0x0 load address 0x6000c224
 *(SORT_BY_ALIGNMENT(.ARM.extab*) SORT_BY_ALIGNMENT(.gnu.linkonce.armextab.*))
                0x0000a1c4                __exidx_start = .

.ARM.exidx      0x0000a1c4        0x0 load address 0x6000c224
 *(SORT_BY_ALIGNMENT(.ARM.exidx*) SORT_BY_ALIGNMENT(.gnu.linkonce.armexidx.*))
                0x0000a1c4                __exidx_end = .
                0x0000a1c4                _etext = .

.data_RAM       0x0000a1c4        0x0 load address 0x6000c224
 FILL mask 0xff
                [!provide]                PROVIDE (__start_data_RAM = .)
 *(SORT_BY_ALIGNMENT(.ramfunc.$RAM))
 *(SORT_BY_ALIGNMENT(.ramfunc.$SRAM_ITC))
 *(SORT_BY_ALIGNMENT(.data.$RAM))
 *(SORT_BY_ALIGNMENT(.data.$SRAM_ITC))
 *(SORT_BY_ALIGNMENT(.data.$RAM.*))
 *(SORT_BY_ALIGNMENT(.data.$SRAM_ITC.*))
                0x0000a1c4                . = ALIGN (0x4)
                [!provide]                PROVIDE (__end_data_RAM = .)

.data_RAM3      0x20200000        0x0 load address 0x6000c224
 FILL mask 0xff
                [!provide]                PROVIDE (__start_data_RAM3 = .)
 *(SORT_BY_ALIGNMENT(.ramfunc.$RAM3))
 *(SORT_BY_ALIGNMENT(.ramfunc.$SRAM_OC))
 *(SORT_BY_ALIGNMENT(.data.$RAM3))
 *(SORT_BY_ALIGNMENT(.data.$SRAM_OC))
 *(SORT_BY_ALIGNMENT(.data.$RAM3.*))
 *(SORT_BY_ALIGNMENT(.data.$SRAM_OC.*))
                0x20200000                . = ALIGN (0x4)
                [!provide]                PROVIDE (__end_data_RAM3 = .)

.uninit_RESERVED
                0x20000000        0x0
                0x20000000                . = ALIGN (0x4)
 *(SORT_BY_ALIGNMENT(.bss.$RESERVED*))
                0x20000000                . = ALIGN (0x4)
                0x20000000                _end_uninit_RESERVED = .

.data           0x20000000       0x18 load address 0x6000c224
 FILL mask 0xff
                0x20000000                _data = .
 *(SORT_BY_ALIGNMENT(vtable))
 *(SORT_BY_ALIGNMENT(.ramfunc*))
 *(SORT_BY_ALIGNMENT(CodeQuickAccess))
 *(SORT_BY_ALIGNMENT(DataQuickAccess))
 *(SORT_BY_ALIGNMENT(RamFunction))
 *(SORT_BY_ALIGNMENT(NonCacheable.init))
 *(SORT_BY_ALIGNMENT(.data*))
 .data.LPSPI4_InterruptDriverState
                0x20000000       0x14 ./drivers/fsl_lpspi_cmsis.o
                0x20000000                LPSPI4_InterruptDriverState
 .data.SystemCoreClock
                0x20000014        0x4 ./device/system_MIMXRT1062.o
                0x20000014                SystemCoreClock
                0x20000018                . = ALIGN (0x4)
                0x20000018                _edata = .

.igot.plt       0x20000018        0x0 load address 0x6000c23c
 .igot.plt      0x20000018        0x0 ./utilities/fsl_debug_console.o

.bss_RAM        0x0000a1c4        0x0
                0x0000a1c4                . = ALIGN (0x4)
                [!provide]                PROVIDE (__start_bss_RAM = .)
 *(SORT_BY_ALIGNMENT(.bss.$RAM))
 *(SORT_BY_ALIGNMENT(.bss.$SRAM_ITC))
 *(SORT_BY_ALIGNMENT(.bss.$RAM.*))
 *(SORT_BY_ALIGNMENT(.bss.$SRAM_ITC.*))
                0x0000a1c4                . = ALIGN ((. != 0x0)?0x4:0x1)
                [!provide]                PROVIDE (__end_bss_RAM = .)

.bss_RAM3       0x20200000        0x0
                0x20200000                . = ALIGN (0x4)
                [!provide]                PROVIDE (__start_bss_RAM3 = .)
 *(SORT_BY_ALIGNMENT(.bss.$RAM3))
 *(SORT_BY_ALIGNMENT(.bss.$SRAM_OC))
 *(SORT_BY_ALIGNMENT(.bss.$RAM3.*))
 *(SORT_BY_ALIGNMENT(.bss.$SRAM_OC.*))
                0x20200000                . = ALIGN ((. != 0x0)?0x4:0x1)
                [!provide]                PROVIDE (__end_bss_RAM3 = .)

.bss            0x20000018      0x1f4
                0x20000018                . = ALIGN (0x4)
                0x20000018                _bss = .
 *(SORT_BY_ALIGNMENT(NonCacheable))
 *(SORT_BY_ALIGNMENT(.bss*))
 .bss.s_debugConsoleState
                0x20000018       0x1c ./utilities/fsl_debug_console.o
 .bss.g_serialHandle
                0x20000034        0x4 ./utilities/fsl_debug_console.o
                0x20000034                g_serialHandle
 .bss.masterRxData
                0x20000038        0x4 ./drivers/ethernet_lib.o
                0x20000038                masterRxData
 .bss.masterTxData
                0x2000003c        0x4 ./drivers/ethernet_lib.o
                0x2000003c                masterTxData
 .bss.g_xtalFreq
                0x20000040        0x4 ./drivers/fsl_clock.o
                0x20000040                g_xtalFreq
 .bss.g_rtcXtalFreq
                0x20000044        0x4 ./drivers/fsl_clock.o
                0x20000044                g_rtcXtalFreq
 .bss.s_EDMAHandle
                0x20000048       0x80 ./drivers/fsl_edma.o
 .bss.s_lpspiHandle
                0x200000c8       0x14 ./drivers/fsl_lpspi.o
 .bss.s_lpspiMasterIsr
                0x200000dc        0x4 ./drivers/fsl_lpspi.o
 .bss.s_lpspiSlaveIsr
                0x200000e0        0x4 ./drivers/fsl_lpspi.o
 .bss.g_lpspiDummyData
                0x200000e4        0x5 ./drivers/fsl_lpspi.o
                0x200000e4                g_lpspiDummyData
 *fill*         0x200000e9        0x3 
 .bss.LPSPI4_Handle
                0x200000ec       0x34 ./drivers/fsl_lpspi_cmsis.o
                0x200000ec                LPSPI4_Handle
 .bss.s_lpuartHandle
                0x20000120       0x24 ./drivers/fsl_lpuart.o
 .bss.s_lpuartIsr
                0x20000144        0x4 ./drivers/fsl_lpuart.o
 .bss.__Ciob    0x20000148       0xb4 c:/nxp/mcuxpressoide_11.0.1_2563/ide/plugins/com.nxp.mcuxpresso.tools.win32_11.0.1.201907311258/tools/bin/../lib/gcc/arm-none-eabi/8.2.1/../../../../arm-none-eabi/lib/thumb/v7e-m+dp/hard\libcr_nohost_nf.a(__ciob.o)
                0x20000148                __Ciob
 .bss.__end_of_heap
                0x200001fc        0x4 c:/nxp/mcuxpressoide_11.0.1_2563/ide/plugins/com.nxp.mcuxpresso.tools.win32_11.0.1.201907311258/tools/bin/../lib/gcc/arm-none-eabi/8.2.1/../../../../arm-none-eabi/lib/thumb/v7e-m+dp/hard\libcr_c.a(__init_alloc.o)
                0x200001fc                __end_of_heap
 .bss.__heaps   0x20000200        0x4 c:/nxp/mcuxpressoide_11.0.1_2563/ide/plugins/com.nxp.mcuxpresso.tools.win32_11.0.1.201907311258/tools/bin/../lib/gcc/arm-none-eabi/8.2.1/../../../../arm-none-eabi/lib/thumb/v7e-m+dp/hard\libcr_c.a(__init_alloc.o)
                0x20000200                __heaps
 .bss.errno     0x20000204        0x4 c:/nxp/mcuxpressoide_11.0.1_2563/ide/plugins/com.nxp.mcuxpresso.tools.win32_11.0.1.201907311258/tools/bin/../lib/gcc/arm-none-eabi/8.2.1/../../../../arm-none-eabi/lib/thumb/v7e-m+dp/hard\libcr_c.a(errno.o)
                0x20000204                errno
 .bss.i         0x20000208        0x1 ./drivers/ethernet_lib.o
                0x20000208                i
 .bss.isTransferCompleted
                0x20000209        0x1 ./drivers/ethernet_lib.o
                0x20000209                isTransferCompleted
 .bss.isMasterOnTransmit
                0x2000020a        0x1 ./drivers/ethernet_lib.o
                0x2000020a                isMasterOnTransmit
 .bss.isMasterOnReceive
                0x2000020b        0x1 ./drivers/ethernet_lib.o
                0x2000020b                isMasterOnReceive
 *(SORT_BY_ALIGNMENT(COMMON))
                0x2000020c                . = ALIGN (0x4)
                0x2000020c                _ebss = .
                [!provide]                PROVIDE (end = .)

.noinit_RAM     0x0000a1c4        0x0
                0x0000a1c4                . = ALIGN (0x4)
 *(SORT_BY_ALIGNMENT(.noinit.$RAM))
 *(SORT_BY_ALIGNMENT(.noinit.$SRAM_ITC))
 *(SORT_BY_ALIGNMENT(.noinit.$RAM.*))
 *(SORT_BY_ALIGNMENT(.noinit.$SRAM_ITC.*))
                0x0000a1c4                . = ALIGN (0x4)

.noinit_RAM3    0x20200000        0x0
                0x20200000                . = ALIGN (0x4)
 *(SORT_BY_ALIGNMENT(.noinit.$RAM3))
 *(SORT_BY_ALIGNMENT(.noinit.$SRAM_OC))
 *(SORT_BY_ALIGNMENT(.noinit.$RAM3.*))
 *(SORT_BY_ALIGNMENT(.noinit.$SRAM_OC.*))
                0x20200000                . = ALIGN (0x4)

.noinit         0x2000020c        0x0
                0x2000020c                . = ALIGN (0x4)
                0x2000020c                _noinit = .
 *(SORT_BY_ALIGNMENT(.noinit*))
                0x2000020c                . = ALIGN (0x4)
                0x2000020c                _end_noinit = .
                0x00001000                _HeapSize = 0x1000

.heap           0x2000020c     0x1000
                0x2000020c                _pvHeapStart = .
                0x2000120c                . = (. + _HeapSize)
 *fill*         0x2000020c     0x1000 
                0x2000120c                . = ALIGN (0x4)
                0x2000120c                _pvHeapLimit = .
                0x00001000                _StackSize = 0x1000

.stack          0x2000120c     0x1000
                0x2000120c                _vStackBase = .
                0x2000220c                . = (. + _StackSize)
 *fill*         0x2000120c     0x1000 
                0x2000220c                . = ALIGN (0x4)
                0x2000220c                _vStackTop = .
                0x0000a3d0                _itcm_size = (((((SIZEOF (.text) + SIZEOF (.ARM.extab)) + SIZEOF (.ARM.exidx)) + SIZEOF (.data)) + SIZEOF (.bss)) + SIZEOF (.noinit_RAM))
                0x00000000                _itcm_start = ORIGIN (SRAM_ITC)
                0x0000a3d0                _itcm_end = (_itcm_start + _itcm_size)
                0x60002060                _itcm_loadstart = LOADADDR (.text)
                0x00000002                _itcm_block_count = ((_itcm_size + 0x7ffe) >> 0xf)
                0xaaaaaaaf                _flexram_bank_config = (0xaaaaaaaa | ((0x1 << (_itcm_block_count * 0x2)) - 0x1))
                0x60002060                _image_start = LOADADDR (.text)
                0x6000c23c                _image_end = (LOADADDR (.data) + SIZEOF (.data))
                0x0000a1dc                _image_size = (_image_end - _image_start)
OUTPUT(evkmimxrt1060_cmsis_lpspi_ethernet_library.axf elf32-littlearm)

.debug_info     0x00000000    0x153d4
 .debug_info    0x00000000      0xa18 ./utilities/fsl_debug_console.o
 .debug_info    0x00000a18      0x55e ./utilities/fsl_str.o
 .debug_info    0x00000f76     0x1dc9 ./startup/startup_mimxrt1062.o
 .debug_info    0x00002d3f      0x65e ./source/cmsis_lpspi_int_b2b_transfer_master.o
 .debug_info    0x0000339d       0x3c ./source/semihost_hardfault.o
 .debug_info    0x000033d9      0x9c0 ./drivers/ethernet_lib.o
 .debug_info    0x00003d99     0x207c ./drivers/fsl_clock.o
 .debug_info    0x00005e15     0x2759 ./drivers/fsl_edma.o
 .debug_info    0x0000856e      0xcd9 ./drivers/fsl_gpio.o
 .debug_info    0x00009247     0x290d ./drivers/fsl_lpspi.o
 .debug_info    0x0000bb54     0x1d42 ./drivers/fsl_lpspi_cmsis.o
 .debug_info    0x0000d896     0x215f ./drivers/fsl_lpuart.o
 .debug_info    0x0000f9f5      0xd2a ./device/system_MIMXRT1062.o
 .debug_info    0x0001071f      0x9e4 ./component/uart/lpuart_adapter.o
 .debug_info    0x00011103      0x76c ./component/serial_manager/serial_manager.o
 .debug_info    0x0001186f      0x503 ./component/serial_manager/serial_port_uart.o
 .debug_info    0x00011d72     0x1169 ./board/board.o
 .debug_info    0x00012edb     0x18dc ./board/clock_config.o
 .debug_info    0x000147b7      0xc1d ./board/pin_mux.o

.debug_abbrev   0x00000000     0x2aca
 .debug_abbrev  0x00000000      0x1f8 ./utilities/fsl_debug_console.o
 .debug_abbrev  0x000001f8      0x1b3 ./utilities/fsl_str.o
 .debug_abbrev  0x000003ab      0x1f9 ./startup/startup_mimxrt1062.o
 .debug_abbrev  0x000005a4      0x19c ./source/cmsis_lpspi_int_b2b_transfer_master.o
 .debug_abbrev  0x00000740       0x31 ./source/semihost_hardfault.o
 .debug_abbrev  0x00000771      0x22b ./drivers/ethernet_lib.o
 .debug_abbrev  0x0000099c      0x3c1 ./drivers/fsl_clock.o
 .debug_abbrev  0x00000d5d      0x404 ./drivers/fsl_edma.o
 .debug_abbrev  0x00001161      0x255 ./drivers/fsl_gpio.o
 .debug_abbrev  0x000013b6      0x33b ./drivers/fsl_lpspi.o
 .debug_abbrev  0x000016f1      0x368 ./drivers/fsl_lpspi_cmsis.o
 .debug_abbrev  0x00001a59      0x348 ./drivers/fsl_lpuart.o
 .debug_abbrev  0x00001da1      0x19a ./device/system_MIMXRT1062.o
 .debug_abbrev  0x00001f3b      0x1b0 ./component/uart/lpuart_adapter.o
 .debug_abbrev  0x000020eb      0x17d ./component/serial_manager/serial_manager.o
 .debug_abbrev  0x00002268      0x160 ./component/serial_manager/serial_port_uart.o
 .debug_abbrev  0x000023c8      0x2e4 ./board/board.o
 .debug_abbrev  0x000026ac      0x218 ./board/clock_config.o
 .debug_abbrev  0x000028c4      0x206 ./board/pin_mux.o

.debug_aranges  0x00000000     0x1110
 .debug_aranges
                0x00000000       0x80 ./utilities/fsl_debug_console.o
 .debug_aranges
                0x00000080       0x38 ./utilities/fsl_str.o
 .debug_aranges
                0x000000b8      0x560 ./startup/startup_mimxrt1062.o
 .debug_aranges
                0x00000618       0x20 ./source/cmsis_lpspi_int_b2b_transfer_master.o
 .debug_aranges
                0x00000638       0x20 ./source/semihost_hardfault.o
 .debug_aranges
                0x00000658       0x48 ./drivers/ethernet_lib.o
 .debug_aranges
                0x000006a0      0x178 ./drivers/fsl_clock.o
 .debug_aranges