dhcp.c:255:6:default_ip_assign	8	static
dhcp.c:263:6:default_ip_update	8	static
dhcp.c:273:6:default_ip_conflict	8	static
dhcp.c:282:6:reg_dhcp_cbfunc	24	static
dhcp.c:293:6:makeDHCPMSG	24	static
dhcp.c:352:6:send_DHCP_DISCOVER	32	static
dhcp.c:417:6:send_DHCP_REQUEST	40	static
dhcp.c:516:6:send_DHCP_DECLINE	32	static
dhcp.c:576:8:parseDHCPMSG	48	static
dhcp.c:677:9:DHCP_run	16	static
dhcp.c:807:9:DHCP_stop	8	static
dhcp.c:813:9:check_DHCP_timeout	16	static
dhcp.c:866:8:check_DHCP_leasedIP	24	static
dhcp.c:901:6:DHCP_init	24	static
dhcp.c:931:6:reset_DHCP_timeout	4	static
dhcp.c:938:6:DHCP_time_handler	4	static
dhcp.c:943:6:getIPfromDHCP	16	static
dhcp.c:951:6:getGWfromDHCP	16	static
dhcp.c:959:6:getSNfromDHCP	16	static
dhcp.c:967:6:getDNSfromDHCP	16	static
dhcp.c:975:10:getDHCPLeasetime	4	static
dhcp.c:980:6:NibbleToHex	16	static
