fsl_clock.h:1107:24:CLOCK_GetOscFreq	0	static
fsl_clock.c:151:6:CLOCK_InitExternalClk	0	static
fsl_clock.c:175:6:CLOCK_DeinitExternalClk	0	static
fsl_clock.c:187:6:CLOCK_SwitchOsc	0	static
fsl_clock.c:198:6:CLOCK_InitRcOsc24M	0	static
fsl_clock.c:206:6:CLOCK_DeinitRcOsc24M	0	static
fsl_clock.c:398:6:CLOCK_EnableUsbhs0Clock	8	static
fsl_clock.c:423:6:CLOCK_EnableUsbhs1Clock	8	static
fsl_clock.c:470:6:CLOCK_DisableUsbhs0PhyPllClock	0	static
fsl_clock.c:483:6:CLOCK_InitArmPll	0	static
fsl_clock.c:504:6:CLOCK_DeinitArmPll	0	static
fsl_clock.c:516:6:CLOCK_InitSysPll	0	static
fsl_clock.c:546:6:CLOCK_DeinitSysPll	0	static
fsl_clock.c:558:6:CLOCK_InitUsb1Pll	0	static
fsl_clock.c:446:6:CLOCK_EnableUsbhs0PhyPllClock	16	static
fsl_clock.c:579:6:CLOCK_DeinitUsb1Pll	0	static
fsl_clock.c:591:6:CLOCK_InitUsb2Pll	0	static
fsl_clock.c:612:6:CLOCK_DeinitUsb2Pll	0	static
fsl_clock.c:624:6:CLOCK_InitAudioPll	0	static
fsl_clock.c:699:6:CLOCK_DeinitAudioPll	0	static
fsl_clock.c:711:6:CLOCK_InitVideoPll	0	static
fsl_clock.c:785:6:CLOCK_DeinitVideoPll	0	static
fsl_clock.c:797:6:CLOCK_InitEnetPll	8	static
fsl_clock.c:839:6:CLOCK_DeinitEnetPll	0	static
fsl_clock.c:852:10:CLOCK_GetPllFreq	24	static
fsl_clock.c:1055:6:CLOCK_InitSysPfd	8	static
fsl_clock.c:1077:6:CLOCK_DeinitSysPfd	0	static
fsl_clock.c:1092:6:CLOCK_InitUsb1Pfd	8	static
fsl_clock.c:1114:6:CLOCK_DeinitUsb1Pfd	0	static
fsl_clock.c:1127:10:CLOCK_GetSysPfdFreq	8	static
fsl_clock.c:71:17:CLOCK_GetPeriphClkFreq	8	static
fsl_clock.c:216:10:CLOCK_GetAhbFreq	8	static
fsl_clock.c:260:10:CLOCK_GetIpgFreq	8	static
fsl_clock.c:270:10:CLOCK_GetPerClkFreq	8	static
fsl_clock.c:1166:10:CLOCK_GetUsb1PfdFreq	8	static
fsl_clock.c:226:10:CLOCK_GetSemcFreq	8	static
fsl_clock.c:299:10:CLOCK_GetFreq	0	static
fsl_clock.c:1206:6:CLOCK_EnableUsbhs1PhyPllClock	16	static
fsl_clock.c:1224:6:CLOCK_DisableUsbhs1PhyPllClock	0	static
fsl_clock.c:1238:28:SDK_DelayAtLeastUs	8	static
