fsl_clock.h:1055:20:CLOCK_ControlGate	12	static
fsl_lpuart.c:185:13:LPUART_ReadNonBlocking	12	static
fsl_lpuart.c:109:10:LPUART_GetInstance	0	static
fsl_lpuart.c:133:8:LPUART_TransferGetRxRingBufferLength	0	static
fsl_lpuart.c:239:10:LPUART_Init	32	static
fsl_lpuart.c:454:6:LPUART_Deinit	8	static
fsl_lpuart.c:518:6:LPUART_GetDefaultConfig	8	static
fsl_lpuart.c:563:10:LPUART_SetBaudRate	24	static
fsl_lpuart.c:661:6:LPUART_EnableInterrupts	8	static
fsl_lpuart.c:685:6:LPUART_DisableInterrupts	8	static
fsl_lpuart.c:716:10:LPUART_GetEnabledInterrupts	0	static
fsl_lpuart.c:745:10:LPUART_GetStatusFlags	0	static
fsl_lpuart.c:1365:6:LPUART_TransferHandleIRQ	32	static
fsl_lpuart.c:776:10:LPUART_ClearStatusFlags	8	static
fsl_lpuart.c:831:6:LPUART_WriteBlocking	0	static
fsl_lpuart.c:866:10:LPUART_ReadBlocking	16	static
fsl_lpuart.c:955:6:LPUART_TransferCreateHandle	24	static
fsl_lpuart.c:1020:6:LPUART_TransferStartRingBuffer	0	static
fsl_lpuart.c:1047:6:LPUART_TransferStopRingBuffer	8	static
fsl_lpuart.c:1082:10:LPUART_TransferSendNonBlocking	8	static
fsl_lpuart.c:1121:6:LPUART_TransferAbortSend	8	static
fsl_lpuart.c:1145:10:LPUART_TransferGetSendCount	0	static
fsl_lpuart.c:1186:10:LPUART_TransferReceiveNonBlocking	32	static
fsl_lpuart.c:1313:6:LPUART_TransferAbortReceive	8	static
fsl_lpuart.c:1342:10:LPUART_TransferGetReceiveCount	0	static
fsl_lpuart.c:1588:6:LPUART_TransferHandleErrorIRQ	0	static
fsl_lpuart.c:1746:6:LPUART1_DriverIRQHandler	0	static
fsl_lpuart.c:1780:6:LPUART2_DriverIRQHandler	0	static
fsl_lpuart.c:1813:6:LPUART3_DriverIRQHandler	0	static
fsl_lpuart.c:1846:6:LPUART4_DriverIRQHandler	0	static
fsl_lpuart.c:1879:6:LPUART5_DriverIRQHandler	0	static
fsl_lpuart.c:1912:6:LPUART6_DriverIRQHandler	0	static
fsl_lpuart.c:1945:6:LPUART7_DriverIRQHandler	0	static
fsl_lpuart.c:1978:6:LPUART8_DriverIRQHandler	0	static
