serial_manager.c:804:25:SerialManager_Init	16	static
serial_manager.c:925:25:SerialManager_Deinit	8	static
serial_manager.c:982:25:SerialManager_OpenWriteHandle	16	static
serial_manager.c:1006:25:SerialManager_CloseWriteHandle	8	static
serial_manager.c:1031:25:SerialManager_OpenReadHandle	16	static
serial_manager.c:1059:25:SerialManager_CloseReadHandle	8	static
serial_manager.c:1084:25:SerialManager_WriteBlocking	0	static
serial_manager.c:1093:25:SerialManager_ReadBlocking	0	static
serial_manager.c:1287:25:SerialManager_EnterLowpower	0	static
serial_manager.c:1294:25:SerialManager_ExitLowpower	0	static
