Archive member included to satisfy reference by file (symbol)

c:/nxp/mcuxpressoide_11.0.1_2563/ide/plugins/com.nxp.mcuxpresso.tools.win32_11.0.1.201907311258/tools/bin/../lib/gcc/arm-none-eabi/8.2.1/../../../../arm-none-eabi/lib/thumb/v7e-m+dp/hard\libcr_nohost_nf.a(_cr__main.o)
                              ./startup/startup_mimxrt1062.o (__main)
c:/nxp/mcuxpressoide_11.0.1_2563/ide/plugins/com.nxp.mcuxpresso.tools.win32_11.0.1.201907311258/tools/bin/../lib/gcc/arm-none-eabi/8.2.1/../../../../arm-none-eabi/lib/thumb/v7e-m+dp/hard\libcr_c.a(memset.o)
                              ./utilities/fsl_debug_console.o (memset)
c:/nxp/mcuxpressoide_11.0.1_2563/ide/plugins/com.nxp.mcuxpresso.tools.win32_11.0.1.201907311258/tools/bin/../lib/gcc/arm-none-eabi/8.2.1/../../../../arm-none-eabi/lib/thumb/v7e-m+dp/hard\libcr_c.a(alloc.o)
                              ./drivers/fsl_common.o (malloc)
c:/nxp/mcuxpressoide_11.0.1_2563/ide/plugins/com.nxp.mcuxpresso.tools.win32_11.0.1.201907311258/tools/bin/../lib/gcc/arm-none-eabi/8.2.1/../../../../arm-none-eabi/lib/thumb/v7e-m+dp/hard\libcr_c.a(initio.o)
                              c:/nxp/mcuxpressoide_11.0.1_2563/ide/plugins/com.nxp.mcuxpresso.tools.win32_11.0.1.201907311258/tools/bin/../lib/gcc/arm-none-eabi/8.2.1/../../../../arm-none-eabi/lib/thumb/v7e-m+dp/hard\libcr_nohost_nf.a(_cr__main.o) (_initio)
c:/nxp/mcuxpressoide_11.0.1_2563/ide/plugins/com.nxp.mcuxpresso.tools.win32_11.0.1.201907311258/tools/bin/../lib/gcc/arm-none-eabi/8.2.1/../../../../arm-none-eabi/lib/thumb/v7e-m+dp/hard\libcr_c.a(setvbuf.o)
                              c:/nxp/mcuxpressoide_11.0.1_2563/ide/plugins/com.nxp.mcuxpresso.tools.win32_11.0.1.201907311258/tools/bin/../lib/gcc/arm-none-eabi/8.2.1/../../../../arm-none-eabi/lib/thumb/v7e-m+dp/hard\libcr_c.a(initio.o) (setvbuf)
c:/nxp/mcuxpressoide_11.0.1_2563/ide/plugins/com.nxp.mcuxpresso.tools.win32_11.0.1.201907311258/tools/bin/../lib/gcc/arm-none-eabi/8.2.1/../../../../arm-none-eabi/lib/thumb/v7e-m+dp/hard\libcr_c.a(strlen.o)
                              ./utilities/fsl_str.o (strlen)
c:/nxp/mcuxpressoide_11.0.1_2563/ide/plugins/com.nxp.mcuxpresso.tools.win32_11.0.1.201907311258/tools/bin/../lib/gcc/arm-none-eabi/8.2.1/../../../../arm-none-eabi/lib/thumb/v7e-m+dp/hard\libcr_c.a(memcpy.o)
                              c:/nxp/mcuxpressoide_11.0.1_2563/ide/plugins/com.nxp.mcuxpresso.tools.win32_11.0.1.201907311258/tools/bin/../lib/gcc/arm-none-eabi/8.2.1/../../../../arm-none-eabi/lib/thumb/v7e-m+dp/hard\libcr_c.a(alloc.o) (memcpy)
c:/nxp/mcuxpressoide_11.0.1_2563/ide/plugins/com.nxp.mcuxpresso.tools.win32_11.0.1.201907311258/tools/bin/../lib/gcc/arm-none-eabi/8.2.1/../../../../arm-none-eabi/lib/thumb/v7e-m+dp/hard\libcr_c.a(__init_alloc.o)
                              c:/nxp/mcuxpressoide_11.0.1_2563/ide/plugins/com.nxp.mcuxpresso.tools.win32_11.0.1.201907311258/tools/bin/../lib/gcc/arm-none-eabi/8.2.1/../../../../arm-none-eabi/lib/thumb/v7e-m+dp/hard\libcr_c.a(alloc.o) (__heaps)
c:/nxp/mcuxpressoide_11.0.1_2563/ide/plugins/com.nxp.mcuxpresso.tools.win32_11.0.1.201907311258/tools/bin/../lib/gcc/arm-none-eabi/8.2.1/../../../../arm-none-eabi/lib/thumb/v7e-m+dp/hard\libcr_c.a(_cr_sbrk.o)
                              c:/nxp/mcuxpressoide_11.0.1_2563/ide/plugins/com.nxp.mcuxpresso.tools.win32_11.0.1.201907311258/tools/bin/../lib/gcc/arm-none-eabi/8.2.1/../../../../arm-none-eabi/lib/thumb/v7e-m+dp/hard\libcr_c.a(alloc.o) (_sbrk)
c:/nxp/mcuxpressoide_11.0.1_2563/ide/plugins/com.nxp.mcuxpresso.tools.win32_11.0.1.201907311258/tools/bin/../lib/gcc/arm-none-eabi/8.2.1/../../../../arm-none-eabi/lib/thumb/v7e-m+dp/hard\libcr_c.a(_fdopen.o)
                              c:/nxp/mcuxpressoide_11.0.1_2563/ide/plugins/com.nxp.mcuxpresso.tools.win32_11.0.1.201907311258/tools/bin/../lib/gcc/arm-none-eabi/8.2.1/../../../../arm-none-eabi/lib/thumb/v7e-m+dp/hard\libcr_c.a(initio.o) (_fdopen)
c:/nxp/mcuxpressoide_11.0.1_2563/ide/plugins/com.nxp.mcuxpresso.tools.win32_11.0.1.201907311258/tools/bin/../lib/gcc/arm-none-eabi/8.2.1/../../../../arm-none-eabi/lib/thumb/v7e-m+dp/hard\libcr_c.a(errno.o)
                              c:/nxp/mcuxpressoide_11.0.1_2563/ide/plugins/com.nxp.mcuxpresso.tools.win32_11.0.1.201907311258/tools/bin/../lib/gcc/arm-none-eabi/8.2.1/../../../../arm-none-eabi/lib/thumb/v7e-m+dp/hard\libcr_c.a(_cr_sbrk.o) (errno)
c:/nxp/mcuxpressoide_11.0.1_2563/ide/plugins/com.nxp.mcuxpresso.tools.win32_11.0.1.201907311258/tools/bin/../lib/gcc/arm-none-eabi/8.2.1/../../../../arm-none-eabi/lib/thumb/v7e-m+dp/hard\libcr_c.a(fclose.o)
                              c:/nxp/mcuxpressoide_11.0.1_2563/ide/plugins/com.nxp.mcuxpresso.tools.win32_11.0.1.201907311258/tools/bin/../lib/gcc/arm-none-eabi/8.2.1/../../../../arm-none-eabi/lib/thumb/v7e-m+dp/hard\libcr_c.a(initio.o) (fclose)
[...]
Memory Configuration

Name             Origin             Length             Attributes
SRAM_ITC         0x00000000         0x00080000         xrw
SRAM_DTC         0x20000000         0x00080000         xrw
SRAM_OC          0x20200000         0x00080000         xrw
Flash_00         0x60000000         0x001f0000         xr
*default*        0x00000000         0xffffffff

Linker script and memory map

LOAD ./xip/evkmimxrt1060_flexspi_nor_config.o
LOAD ./xip/evkmimxrt1060_sdram_ini_dcd.o
LOAD ./xip/fsl_flexspi_nor_boot.o
LOAD ./utilities/fsl_assert.o
LOAD ./utilities/fsl_debug_console.o
LOAD ./utilities/fsl_str.o
LOAD ./startup/startup_mimxrt1062.o
LOAD ./source/led_blinky.o
LOAD ./source/semihost_hardfault.o
LOAD ./drivers/fsl_clock.o
LOAD ./drivers/fsl_common.o
LOAD ./drivers/fsl_gpio.o
LOAD ./drivers/fsl_lpuart.o
LOAD ./device/system_MIMXRT1062.o
LOAD ./component/uart/lpuart_adapter.o
LOAD ./component/serial_manager/serial_manager.o
LOAD ./component/serial_manager/serial_port_uart.o
LOAD ./component/lists/generic_list.o
LOAD ./board/board.o
LOAD ./board/clock_config.o
LOAD ./board/peripherals.o
LOAD ./board/pin_mux.o
START GROUP
LOAD c:/nxp/mcuxpressoide_11.0.1_2563/ide/plugins/com.nxp.mcuxpresso.tools.win32_11.0.1.201907311258/tools/bin/../lib/gcc/arm-none-eabi/8.2.1/../../../../arm-none-eabi/lib/thumb/v7e-m+dp/hard\libcr_nohost_nf.a
LOAD c:/nxp/mcuxpressoide_11.0.1_2563/ide/plugins/com.nxp.mcuxpresso.tools.win32_11.0.1.201907311258/tools/bin/../lib/gcc/arm-none-eabi/8.2.1/../../../../arm-none-eabi/lib/thumb/v7e-m+dp/hard\libcr_c.a
LOAD c:/nxp/mcuxpressoide_11.0.1_2563/ide/plugins/com.nxp.mcuxpresso.tools.win32_11.0.1.201907311258/tools/bin/../lib/gcc/arm-none-eabi/8.2.1/thumb/v7e-m+dp/hard\libcr_eabihelpers.a
LOAD c:/nxp/mcuxpressoide_11.0.1_2563/ide/plugins/com.nxp.mcuxpresso.tools.win32_11.0.1.201907311258/tools/bin/../lib/gcc/arm-none-eabi/8.2.1/thumb/v7e-m+dp/hard\libgcc.a
END GROUP
                0x00000000                __base_SRAM_ITC = 0x0
                0x00000000                __base_RAM = 0x0
                0x00080000                __top_SRAM_ITC = 0x80000
                0x00080000                __top_RAM = 0x80000
                0x20000000                __base_SRAM_DTC = 0x20000000
                0x20000000                __base_RAM2 = 0x20000000
                0x20080000                __top_SRAM_DTC = 0x20080000
                0x20080000                __top_RAM2 = 0x20080000
                0x20200000                __base_SRAM_OC = 0x20200000
                0x20200000                __base_RAM3 = 0x20200000
                0x20280000                __top_SRAM_OC = 0x20280000
                0x20280000                __top_RAM3 = 0x20280000
                0x60000000                __base_Flash_00 = 0x60000000
                0x60000000                __base_Flash = 0x60000000
                0x601f0000                __top_Flash_00 = 0x601f0000
                0x601f0000                __top_Flash = 0x601f0000

.boot_hdr       0x60000000     0x2000
 FILL mask 0xff
                0x60000000                __boot_hdr_start__ = ABSOLUTE (.)
 *(SORT_BY_ALIGNMENT(.boot_hdr.conf1))
 .boot_hdr.conf1
                0x60000000      0x200 ./startup/startup_mimxrt1062.o
                0x60000000                FlexSPI_NOR_Config
                0x00001000                . = 0x1000
 *fill*         0x60000200      0xe00 ff
 *(SORT_BY_ALIGNMENT(.boot_hdr.ivt1))
 .boot_hdr.ivt1
                0x60001000       0x20 ./startup/startup_mimxrt1062.o
                0x60001000                ImageVectorTable
                0x00001020                . = 0x1020
 *(SORT_BY_ALIGNMENT(.boot_hdr.boot_data1))
 .boot_hdr.boot_data1
                0x60001020        0xc ./startup/startup_mimxrt1062.o
                0x60001020                BootData
                0x00001030                . = 0x1030
 *fill*         0x6000102c        0x4 ff
 *(SORT_BY_ALIGNMENT(.boot_hdr.dcd_data))
                0x60001030                __boot_hdr_end__ = ABSOLUTE (.)
                0x00002000                . = 0x2000
 *fill*         0x60001030      0xfd0 ff

.teensy_boot    0x60002000       0x50
 FILL mask 0xff
                0x60002000                __teensy_vectors_start__ = ABSOLUTE (.)
 *(SORT_BY_ALIGNMENT(.teensy_boot.vectors))
 .teensy_boot.vectors
                0x60002000        0x8 ./startup/startup_mimxrt1062.o
                0x60002000                vector_table
 *(SORT_BY_ALIGNMENT(.teensy_boot.isr))
 .teensy_boot.isr
                0x60002008       0x40 ./startup/startup_mimxrt1062.o
                0x60002008                ResetISR_pre
 .teensy_boot.isr.__stub
                0x60002048        0x8 linker stubs
 *(SORT_BY_ALIGNMENT(.teensy_boot.*))

.text           0x00000000     0x2648 load address 0x60002050
 FILL mask 0xff
                0x00000000                __vectors_start__ = ABSOLUTE (.)
 *(SORT_BY_ALIGNMENT(.isr_vector))
 .isr_vector    0x00000000      0x2b8 ./startup/startup_mimxrt1062.o
                0x00000000                g_pfnVectors
                0x00000000                __Vectors
                0x000002b8                . = ALIGN (0x4)
                0x000002b8                __section_table_start = .
                0x000002b8                __data_section_table = .
                0x000002b8        0x4 LONG 0x60004698 LOADADDR (.data_RAM)
                0x000002bc        0x4 LONG 0x2648 ADDR (.data_RAM)
                0x000002c0        0x4 LONG 0x0 SIZEOF (.data_RAM)
                0x000002c4        0x4 LONG 0x60004698 LOADADDR (.data)
                0x000002c8        0x4 LONG 0x20000000 ADDR (.data)
                0x000002cc        0x4 LONG 0x4 SIZEOF (.data)
                0x000002d0        0x4 LONG 0x60004698 LOADADDR (.data_RAM3)
                0x000002d4        0x4 LONG 0x20200000 ADDR (.data_RAM3)
                0x000002d8        0x4 LONG 0x0 SIZEOF (.data_RAM3)
                0x000002dc                __data_section_table_end = .
                0x000002dc                __bss_section_table = .
                0x000002dc        0x4 LONG 0x2648 ADDR (.bss_RAM)
                0x000002e0        0x4 LONG 0x0 SIZEOF (.bss_RAM)
                0x000002e4        0x4 LONG 0x20000004 ADDR (.bss)
                0x000002e8        0x4 LONG 0x10c SIZEOF (.bss)
                0x000002ec        0x4 LONG 0x20200000 ADDR (.bss_RAM3)
                0x000002f0        0x4 LONG 0x0 SIZEOF (.bss_RAM3)
                0x000002f4                __bss_section_table_end = .
                0x000002f4                __section_table_end = .
 *(SORT_BY_ALIGNMENT(.after_vectors*))
 .after_vectors.reset
                0x000002f4       0x48 ./startup/startup_mimxrt1062.o
                0x000002f4                ResetISR
 .after_vectors
                0x0000033c        0xc ./startup/startup_mimxrt1062.o
                0x0000033c                NMI_Handler
                0x00000340                SVC_Handler
                0x00000342                PendSV_Handler
                0x00000344                SysTick_Handler
                0x00000346                LPSPI2_DriverIRQHandler
                0x00000346                LCDIF_DriverIRQHandler
                0x00000346                SAI3_RX_DriverIRQHandler
                0x00000346                CCM_2_DriverIRQHandler
                0x00000346                PIT_DriverIRQHandler
                0x00000346                FLEXSPI2_DriverIRQHandler
                0x00000346                Reserved87_DriverIRQHandler
                0x00000346                DMA13_DMA29_DriverIRQHandler
                0x00000346                FLEXRAM_DriverIRQHandler
                0x00000346                LPSPI4_DriverIRQHandler
                0x00000346                SEMC_DriverIRQHandler
                0x00000346                SPDIF_DriverIRQHandler
                0x00000346                PMU_EVENT_DriverIRQHandler
                0x00000346                PWM4_3_DriverIRQHandler
                0x00000346                ENET2_DriverIRQHandler
                0x00000346                KPP_DriverIRQHandler
                0x00000346                PWM4_FAULT_DriverIRQHandler
                0x00000346                USB_PHY1_DriverIRQHandler
                0x00000346                GPIO3_Combined_0_15_DriverIRQHandler
                0x00000346                CAN3_DriverIRQHandler
                0x00000346                Reserved171_DriverIRQHandler
                0x00000346                DMA7_DMA23_DriverIRQHandler
                0x00000346                BEE_DriverIRQHandler
                0x00000346                LPI2C3_DriverIRQHandler
                0x00000346                GPR_IRQ_DriverIRQHandler
                0x00000346                PWM2_FAULT_DriverIRQHandler
                0x00000346                PWM3_1_DriverIRQHandler
                0x00000346                DMA14_DMA30_DriverIRQHandler
                0x00000346                TMR1_DriverIRQHandler
                0x00000346                TRNG_DriverIRQHandler
                0x00000346                PWM3_2_DriverIRQHandler
                0x00000346                ENET_1588_Timer_DriverIRQHandler
                0x00000346                FLEXIO2_DriverIRQHandler
                0x00000346                GPIO2_Combined_16_31_DriverIRQHandler
                0x00000346                Reserved143_DriverIRQHandler
                0x00000346                PWM4_1_DriverIRQHandler
                0x00000346                PWM3_3_DriverIRQHandler
                0x00000346                DMA0_DMA16_DriverIRQHandler
                0x00000346                IntDefaultHandler
                0x00000346                DMA2_DMA18_DriverIRQHandler
                0x00000346                SRC_DriverIRQHandler
                0x00000346                GPIO1_INT4_DriverIRQHandler
                0x00000346                Reserved144_DriverIRQHandler
                0x00000346                USDHC1_DriverIRQHandler
                0x00000346                ENC3_DriverIRQHandler
                0x00000346                PWM3_FAULT_DriverIRQHandler
                0x00000346                EWM_DriverIRQHandler
                0x00000346                TSC_DIG_DriverIRQHandler
                0x00000346                WDOG1_DriverIRQHandler
                0x00000346                FLEXIO1_DriverIRQHandler
                0x00000346                ENET_DriverIRQHandler
                0x00000346                Reserved78_DriverIRQHandler
                0x00000346                TMR4_DriverIRQHandler
                0x00000346                ENC2_DriverIRQHandler
                0x00000346                ADC_ETC_IRQ2_DriverIRQHandler
                0x00000346                GPIO1_Combined_16_31_DriverIRQHandler
                0x00000346                GPIO1_INT7_DriverIRQHandler
                0x00000346                SAI1_DriverIRQHandler
                0x00000346                DCDC_DriverIRQHandler
                0x00000346                DMA12_DMA28_DriverIRQHandler
                0x00000346                PWM4_0_DriverIRQHandler
                0x00000346                ADC_ETC_ERROR_IRQ_DriverIRQHandler
                0x00000346                ACMP2_DriverIRQHandler
                0x00000346                GPIO5_Combined_0_15_DriverIRQHandler
                0x00000346                GPIO1_INT0_DriverIRQHandler
                0x00000346                GPIO1_INT2_DriverIRQHandler
                0x00000346                RTWDOG_DriverIRQHandler
                0x00000346                FLEXSPI_DriverIRQHandler
                0x00000346                GPT2_DriverIRQHandler
                0x00000346                USB_PHY2_DriverIRQHandler
                0x00000346                DMA10_DMA26_DriverIRQHandler
                0x00000346                PWM2_1_DriverIRQHandler
                0x00000346                PWM1_1_DriverIRQHandler
                0x00000346                PXP_DriverIRQHandler
                0x00000346                ADC1_DriverIRQHandler
                0x00000346                PWM1_0_DriverIRQHandler
                0x00000346                SJC_DriverIRQHandler
                0x00000346                DMA1_DMA17_DriverIRQHandler
                0x00000346                ENC1_DriverIRQHandler
                0x00000346                ENC4_DriverIRQHandler
                0x00000346                CAN2_DriverIRQHandler
                0x00000346                DCP_DriverIRQHandler
                0x00000346                CTI0_ERROR_DriverIRQHandler
                0x00000346                DMA8_DMA24_DriverIRQHandler
                0x00000346                GPT1_DriverIRQHandler
                0x00000346                ACMP3_DriverIRQHandler
                0x00000346                DMA6_DMA22_DriverIRQHandler
                0x00000346                CSU_DriverIRQHandler
                0x00000346                GPIO1_INT5_DriverIRQHandler
                0x00000346                TMR3_DriverIRQHandler
                0x00000346                TMR2_DriverIRQHandler
                0x00000346                CTI1_ERROR_DriverIRQHandler
                0x00000346                GPIO1_Combined_0_15_DriverIRQHandler
                0x00000346                USDHC2_DriverIRQHandler
                0x00000346                PWM4_2_DriverIRQHandler
                0x00000346                SAI2_DriverIRQHandler
                0x00000346                CORE_DriverIRQHandler
                0x00000346                ACMP4_DriverIRQHandler
                0x00000346                DMA11_DMA27_DriverIRQHandler
                0x00000346                CSI_DriverIRQHandler
                0x00000346                PWM2_3_DriverIRQHandler
                0x00000346                XBAR1_IRQ_2_3_DriverIRQHandler
                0x00000346                SNVS_HP_WRAPPER_TZ_DriverIRQHandler
                0x00000346                GPIO3_Combined_16_31_DriverIRQHandler
                0x00000346                PWM1_FAULT_DriverIRQHandler
                0x00000346                LPI2C1_DriverIRQHandler
                0x00000346                ENET2_1588_Timer_DriverIRQHandler
                0x00000346                PWM2_2_DriverIRQHandler
                0x00000346                DMA4_DMA20_DriverIRQHandler
                0x00000346                DMA9_DMA25_DriverIRQHandler
                0x00000346                SNVS_HP_WRAPPER_DriverIRQHandler
                0x00000346                XBAR1_IRQ_0_1_DriverIRQHandler
                0x00000346                ADC_ETC_IRQ1_DriverIRQHandler
                0x00000346                LPSPI1_DriverIRQHandler
                0x00000346                DMA3_DMA19_DriverIRQHandler
                0x00000346                GPIO1_INT3_DriverIRQHandler
                0x00000346                DCP_VMI_DriverIRQHandler
                0x00000346                LPI2C4_DriverIRQHandler
                0x00000346                GPC_DriverIRQHandler
                0x00000346                GPIO2_Combined_0_15_DriverIRQHandler
                0x00000346                PWM1_2_DriverIRQHandler
                0x00000346                USB_OTG1_DriverIRQHandler
                0x00000346                TEMP_LOW_HIGH_DriverIRQHandler
                0x00000346                SAI3_TX_DriverIRQHandler
                0x00000346                FLEXIO3_DriverIRQHandler
                0x00000346                WDOG2_DriverIRQHandler
                0x00000346                Reserved68_DriverIRQHandler
                0x00000346                PWM3_0_DriverIRQHandler
                0x00000346                GPIO4_Combined_0_15_DriverIRQHandler
                0x00000346                GPIO4_Combined_16_31_DriverIRQHandler
                0x00000346                GPIO6_7_8_9_DriverIRQHandler
                0x00000346                GPIO5_Combined_16_31_DriverIRQHandler
                0x00000346                DMA5_DMA21_DriverIRQHandler
                0x00000346                CCM_1_DriverIRQHandler
                0x00000346                ADC2_DriverIRQHandler
                0x00000346                Reserved115_DriverIRQHandler
                0x00000346                TEMP_PANIC_DriverIRQHandler
                0x00000346                DMA15_DMA31_DriverIRQHandler
                0x00000346                LPSPI3_DriverIRQHandler
                0x00000346                PWM1_3_DriverIRQHandler
                0x00000346                ACMP1_DriverIRQHandler
                0x00000346                LPI2C2_DriverIRQHandler
                0x00000346                Reserved86_DriverIRQHandler
                0x00000346                DMA_ERROR_DriverIRQHandler
                0x00000346                ADC_ETC_IRQ0_DriverIRQHandler
                0x00000346                CAN1_DriverIRQHandler
                0x00000346                GPIO1_INT6_DriverIRQHandler
                0x00000346                GPIO1_INT1_DriverIRQHandler
                0x00000346                PWM2_0_DriverIRQHandler
                0x00000346                SNVS_LP_WRAPPER_DriverIRQHandler
                0x00000346                USB_OTG2_DriverIRQHandler
 .after_vectors.init_data
                0x00000348       0x12 ./startup/startup_mimxrt1062.o
                0x00000348                data_init
 .after_vectors.init_bss
                0x0000035a       0x10 ./startup/startup_mimxrt1062.o
                0x0000035a                bss_init
 *(SORT_BY_ALIGNMENT(.text*))
 *fill*         0x0000036a        0x2 ff
 .text.DbgConsole_SendData
                0x0000036c       0x20 ./utilities/fsl_debug_console.o
                0x0000036c                DbgConsole_SendData
 .text.DbgConsole_Init
                0x0000038c       0x6c ./utilities/fsl_debug_console.o
                0x0000038c                DbgConsole_Init
 .text.DbgConsole_Printf
                0x000003f8       0x40 ./utilities/fsl_debug_console.o
                0x000003f8                DbgConsole_Printf
 .text.StrFormatPrintf
                0x00000438      0x218 ./utilities/fsl_str.o
                0x00000438                StrFormatPrintf
 .text.SysTick_DelayTicks
                0x00000650       0x24 ./source/led_blinky.o
                0x00000650                SysTick_DelayTicks
 .text.startup.main
                0x00000674       0x78 ./source/led_blinky.o
                0x00000674                main
 .text.CLOCK_GetOscFreq
                0x000006ec       0x20 ./drivers/fsl_clock.o
 .text.CLOCK_InitExternalClk
                0x0000070c       0x30 ./drivers/fsl_clock.o
                0x0000070c                CLOCK_InitExternalClk
 .text.CLOCK_SwitchOsc
                0x0000073c       0x18 ./drivers/fsl_clock.o
                0x0000073c                CLOCK_SwitchOsc
 .text.CLOCK_InitRcOsc24M
                0x00000754       0x14 ./drivers/fsl_clock.o
                0x00000754                CLOCK_InitRcOsc24M
 .text.CLOCK_InitArmPll
                0x00000768       0x44 ./drivers/fsl_clock.o
                0x00000768                CLOCK_InitArmPll
 .text.CLOCK_InitSysPll
                0x000007ac       0x68 ./drivers/fsl_clock.o
                0x000007ac                CLOCK_InitSysPll
 .text.CLOCK_DeinitUsb2Pll
                0x00000814        0xc ./drivers/fsl_clock.o
                0x00000814                CLOCK_DeinitUsb2Pll
 .text.CLOCK_DeinitAudioPll
                0x00000820       0x10 ./drivers/fsl_clock.o
                0x00000820                CLOCK_DeinitAudioPll
 .text.CLOCK_DeinitVideoPll
                0x00000830       0x10 ./drivers/fsl_clock.o
                0x00000830                CLOCK_DeinitVideoPll
 .text.CLOCK_DeinitEnetPll
                0x00000840       0x10 ./drivers/fsl_clock.o
                0x00000840                CLOCK_DeinitEnetPll
 .text.CLOCK_GetPllFreq
                0x00000850      0x204 ./drivers/fsl_clock.o
                0x00000850                CLOCK_GetPllFreq
 .text.CLOCK_InitSysPfd
                0x00000a54       0x30 ./drivers/fsl_clock.o
                0x00000a54                CLOCK_InitSysPfd
 .text.GPIO_PinInit
                0x00000a84       0x84 ./drivers/fsl_gpio.o
                0x00000a84                GPIO_PinInit
 .text.CLOCK_ControlGate
                0x00000b08       0x24 ./drivers/fsl_lpuart.o
 .text.LPUART_GetInstance
                0x00000b2c       0x1c ./drivers/fsl_lpuart.o
                0x00000b2c                LPUART_GetInstance
 .text.LPUART_Init
                0x00000b48      0x198 ./drivers/fsl_lpuart.o
                0x00000b48                LPUART_Init
 .text.LPUART1_DriverIRQHandler
                0x00000ce0       0x18 ./drivers/fsl_lpuart.o
                0x00000ce0                LPUART1_DriverIRQHandler
 .text.LPUART2_DriverIRQHandler
                0x00000cf8       0x18 ./drivers/fsl_lpuart.o
                0x00000cf8                LPUART2_DriverIRQHandler
 .text.LPUART3_DriverIRQHandler
                0x00000d10       0x18 ./drivers/fsl_lpuart.o
                0x00000d10                LPUART3_DriverIRQHandler
 .text.LPUART4_DriverIRQHandler
                0x00000d28       0x18 ./drivers/fsl_lpuart.o
                0x00000d28                LPUART4_DriverIRQHandler
 .text.LPUART5_DriverIRQHandler
                0x00000d40       0x18 ./drivers/fsl_lpuart.o
                0x00000d40                LPUART5_DriverIRQHandler
 .text.LPUART6_DriverIRQHandler
                0x00000d58       0x18 ./drivers/fsl_lpuart.o
                0x00000d58                LPUART6_DriverIRQHandler
 .text.LPUART7_DriverIRQHandler
                0x00000d70       0x18 ./drivers/fsl_lpuart.o
                0x00000d70                LPUART7_DriverIRQHandler
 .text.LPUART8_DriverIRQHandler
                0x00000d88       0x18 ./drivers/fsl_lpuart.o
                0x00000d88                LPUART8_DriverIRQHandler
 .text.SystemCoreClockUpdate
                0x00000da0      0x12c ./device/system_MIMXRT1062.o
                0x00000da0                SystemCoreClockUpdate
 .text.SystemInit
                0x00000ecc      0x120 ./device/system_MIMXRT1062.o
                0x00000ecc                SystemInit
 .text.HAL_UartInit
                0x00000fec       0x70 ./component/uart/lpuart_adapter.o
                0x00000fec                HAL_UartInit
 .text.HAL_UartSendBlocking
                0x0000105c       0x18 ./component/uart/lpuart_adapter.o
                0x0000105c                HAL_UartSendBlocking
 .text.BOARD_DebugConsoleSrcFreq
                0x00001074       0x5c ./board/board.o
                0x00001074                BOARD_DebugConsoleSrcFreq
 .text.CLOCK_SetMux
                0x000010d0       0x40 ./board/clock_config.o
 .text.CLOCK_SetDiv
                0x00001110       0x40 ./board/clock_config.o
 .text.CLOCK_DisableClock
                0x00001150       0x24 ./board/clock_config.o
 .text.BOARD_BootClockRUN
                0x00001174      0x5f0 ./board/clock_config.o
                0x00001174                BOARD_BootClockRUN
 .text.BOARD_InitPins
                0x00001764       0x60 ./board/pin_mux.o
                0x00001764                BOARD_InitPins
 .text._initio  0x000017c4       0x78 c:/nxp/mcuxpressoide_11.0.1_2563/ide/plugins/com.nxp.mcuxpresso.tools.win32_11.0.1.201907311258/tools/bin/../lib/gcc/arm-none-eabi/8.2.1/../../../../arm-none-eabi/lib/thumb/v7e-m+dp/hard\libcr_c.a(initio.o)
                0x000017c4                _initio
 .text.setvbuf  0x0000183c       0x40 c:/nxp/mcuxpressoide_11.0.1_2563/ide/plugins/com.nxp.mcuxpresso.tools.win32_11.0.1.201907311258/tools/bin/../lib/gcc/arm-none-eabi/8.2.1/../../../../arm-none-eabi/lib/thumb/v7e-m+dp/hard\libcr_c.a(setvbuf.o)
                0x0000183c                setvbuf
 .text.fflush   0x0000187c       0x44 c:/nxp/mcuxpressoide_11.0.1_2563/ide/plugins/com.nxp.mcuxpresso.tools.win32_11.0.1.201907311258/tools/bin/../lib/gcc/arm-none-eabi/8.2.1/../../../../arm-none-eabi/lib/thumb/v7e-m+dp/hard\libcr_c.a(fflush.o)
                0x0000187c                fflush
 .text.fseek    0x000018c0      0x100 c:/nxp/mcuxpressoide_11.0.1_2563/ide/plugins/com.nxp.mcuxpresso.tools.win32_11.0.1.201907311258/tools/bin/../lib/gcc/arm-none-eabi/8.2.1/../../../../arm-none-eabi/lib/thumb/v7e-m+dp/hard\libcr_c.a(fseek.o)
                0x000018c0                fseek
 .text.ftell    0x000019c0       0x48 c:/nxp/mcuxpressoide_11.0.1_2563/ide/plugins/com.nxp.mcuxpresso.tools.win32_11.0.1.201907311258/tools/bin/../lib/gcc/arm-none-eabi/8.2.1/../../../../arm-none-eabi/lib/thumb/v7e-m+dp/hard\libcr_c.a(ftell.o)
                0x000019c0                ftell
 .text._Cwritebuf
                0x00001a08       0x6c c:/nxp/mcuxpressoide_11.0.1_2563/ide/plugins/com.nxp.mcuxpresso.tools.win32_11.0.1.201907311258/tools/bin/../lib/gcc/arm-none-eabi/8.2.1/../../../../arm-none-eabi/lib/thumb/v7e-m+dp/hard\libcr_c.a(_writebuf.o)
                0x00001a08                _Cwritebuf
 .text.DbgConsole_PrintCallback
                0x00001a74       0x3a ./utilities/fsl_debug_console.o
 .text.DMA0_DMA16_IRQHandler
                0x00001aae        0x8 ./startup/startup_mimxrt1062.o
                0x00001aae                DMA0_DMA16_IRQHandler
 .text.DMA1_DMA17_IRQHandler
                0x00001ab6        0x8 ./startup/startup_mimxrt1062.o
                0x00001ab6                DMA1_DMA17_IRQHandler
 .text.DMA2_DMA18_IRQHandler
                0x00001abe        0x8 ./startup/startup_mimxrt1062.o
                0x00001abe                DMA2_DMA18_IRQHandler
 .text.DMA3_DMA19_IRQHandler
                0x00001ac6        0x8 ./startup/startup_mimxrt1062.o
                0x00001ac6                DMA3_DMA19_IRQHandler
 .text.DMA4_DMA20_IRQHandler
                0x00001ace        0x8 ./startup/startup_mimxrt1062.o
                0x00001ace                DMA4_DMA20_IRQHandler
 .text.DMA5_DMA21_IRQHandler
                0x00001ad6        0x8 ./startup/startup_mimxrt1062.o
                0x00001ad6                DMA5_DMA21_IRQHandler
 .text.DMA6_DMA22_IRQHandler
                0x00001ade        0x8 ./startup/startup_mimxrt1062.o
                0x00001ade                DMA6_DMA22_IRQHandler
 .text.DMA7_DMA23_IRQHandler
                0x00001ae6        0x8 ./startup/startup_mimxrt1062.o
                0x00001ae6                DMA7_DMA23_IRQHandler
 .text.DMA8_DMA24_IRQHandler
                0x00001aee        0x8 ./startup/startup_mimxrt1062.o
                0x00001aee                DMA8_DMA24_IRQHandler
 .text.DMA9_DMA25_IRQHandler
                0x00001af6        0x8 ./startup/startup_mimxrt1062.o
                0x00001af6                DMA9_DMA25_IRQHandler
 .text.DMA10_DMA26_IRQHandler
                0x00001afe        0x8 ./startup/startup_mimxrt1062.o
                0x00001afe                DMA10_DMA26_IRQHandler
 .text.DMA11_DMA27_IRQHandler
                0x00001b06        0x8 ./startup/startup_mimxrt1062.o
                0x00001b06                DMA11_DMA27_IRQHandler
 .text.DMA12_DMA28_IRQHandler
                0x00001b0e        0x8 ./startup/startup_mimxrt1062.o
                0x00001b0e                DMA12_DMA28_IRQHandler
 .text.DMA13_DMA29_IRQHandler
                0x00001b16        0x8 ./startup/startup_mimxrt1062.o
                0x00001b16                DMA13_DMA29_IRQHandler
 .text.DMA14_DMA30_IRQHandler
                0x00001b1e        0x8 ./startup/startup_mimxrt1062.o
                0x00001b1e                DMA14_DMA30_IRQHandler
 .text.DMA15_DMA31_IRQHandler
                0x00001b26        0x8 ./startup/startup_mimxrt1062.o
                0x00001b26                DMA15_DMA31_IRQHandler
 .text.DMA_ERROR_IRQHandler
                0x00001b2e        0x8 ./startup/startup_mimxrt1062.o
                0x00001b2e                DMA_ERROR_IRQHandler
 .text.CTI0_ERROR_IRQHandler
                0x00001b36        0x8 ./startup/startup_mimxrt1062.o
                0x00001b36                CTI0_ERROR_IRQHandler
 .text.CTI1_ERROR_IRQHandler
                0x00001b3e        0x8 ./startup/startup_mimxrt1062.o
                0x00001b3e                CTI1_ERROR_IRQHandler
 .text.CORE_IRQHandler
                0x00001b46        0x8 ./startup/startup_mimxrt1062.o
                0x00001b46                CORE_IRQHandler
 .text.LPUART1_IRQHandler
                0x00001b4e        0x8 ./startup/startup_mimxrt1062.o
                0x00001b4e                LPUART1_IRQHandler
 .text.LPUART2_IRQHandler
                0x00001b56        0x8 ./startup/startup_mimxrt1062.o
                0x00001b56                LPUART2_IRQHandler
 .text.LPUART3_IRQHandler
                0x00001b5e        0x8 ./startup/startup_mimxrt1062.o
                0x00001b5e                LPUART3_IRQHandler
 .text.LPUART4_IRQHandler
                0x00001b66        0x8 ./startup/startup_mimxrt1062.o
                0x00001b66                LPUART4_IRQHandler
 .text.LPUART5_IRQHandler
                0x00001b6e        0x8 ./startup/startup_mimxrt1062.o
                0x00001b6e                LPUART5_IRQHandler
 .text.LPUART6_IRQHandler
                0x00001b76        0x8 ./startup/startup_mimxrt1062.o
                0x00001b76                LPUART6_IRQHandler
 .text.LPUART7_IRQHandler
                0x00001b7e        0x8 ./startup/startup_mimxrt1062.o
                0x00001b7e                LPUART7_IRQHandler
 .text.LPUART8_IRQHandler
                0x00001b86        0x8 ./startup/startup_mimxrt1062.o
                0x00001b86                LPUART8_IRQHandler
 .text.LPI2C1_IRQHandler
                0x00001b8e        0x8 ./startup/startup_mimxrt1062.o
                0x00001b8e                LPI2C1_IRQHandler
 .text.LPI2C2_IRQHandler
                0x00001b96        0x8 ./startup/startup_mimxrt1062.o
                0x00001b96                LPI2C2_IRQHandler
 .text.LPI2C3_IRQHandler
                0x00001b9e        0x8 ./startup/startup_mimxrt1062.o
                0x00001b9e                LPI2C3_IRQHandler
 .text.LPI2C4_IRQHandler
                0x00001ba6        0x8 ./startup/startup_mimxrt1062.o
                0x00001ba6                LPI2C4_IRQHandler
 .text.LPSPI1_IRQHandler
                0x00001bae        0x8 ./startup/startup_mimxrt1062.o
                0x00001bae                LPSPI1_IRQHandler
 .text.LPSPI2_IRQHandler
                0x00001bb6        0x8 ./startup/startup_mimxrt1062.o
                0x00001bb6                LPSPI2_IRQHandler
 .text.LPSPI3_IRQHandler
                0x00001bbe        0x8 ./startup/startup_mimxrt1062.o
                0x00001bbe                LPSPI3_IRQHandler
 .text.LPSPI4_IRQHandler
                0x00001bc6        0x8 ./startup/startup_mimxrt1062.o
                0x00001bc6                LPSPI4_IRQHandler
 .text.CAN1_IRQHandler
                0x00001bce        0x8 ./startup/startup_mimxrt1062.o
                0x00001bce                CAN1_IRQHandler
 .text.CAN2_IRQHandler
                0x00001bd6        0x8 ./startup/startup_mimxrt1062.o
                0x00001bd6                CAN2_IRQHandler
 .text.FLEXRAM_IRQHandler
                0x00001bde        0x8 ./startup/startup_mimxrt1062.o
                0x00001bde                FLEXRAM_IRQHandler
 .text.KPP_IRQHandler
                0x00001be6        0x8 ./startup/startup_mimxrt1062.o
                0x00001be6                KPP_IRQHandler
 .text.TSC_DIG_IRQHandler
                0x00001bee        0x8 ./startup/startup_mimxrt1062.o
                0x00001bee                TSC_DIG_IRQHandler
 .text.GPR_IRQ_IRQHandler
                0x00001bf6        0x8 ./startup/startup_mimxrt1062.o
                0x00001bf6                GPR_IRQ_IRQHandler
 .text.LCDIF_IRQHandler
                0x00001bfe        0x8 ./startup/startup_mimxrt1062.o
                0x00001bfe                LCDIF_IRQHandler
 .text.CSI_IRQHandler
                0x00001c06        0x8 ./startup/startup_mimxrt1062.o
                0x00001c06                CSI_IRQHandler
 .text.PXP_IRQHandler
                0x00001c0e        0x8 ./startup/startup_mimxrt1062.o
                0x00001c0e                PXP_IRQHandler
 .text.WDOG2_IRQHandler
                0x00001c16        0x8 ./startup/startup_mimxrt1062.o
                0x00001c16                WDOG2_IRQHandler
 .text.SNVS_HP_WRAPPER_IRQHandler
                0x00001c1e        0x8 ./startup/startup_mimxrt1062.o
                0x00001c1e                SNVS_HP_WRAPPER_IRQHandler
 .text.SNVS_HP_WRAPPER_TZ_IRQHandler
                0x00001c26        0x8 ./startup/startup_mimxrt1062.o
                0x00001c26                SNVS_HP_WRAPPER_TZ_IRQHandler
 .text.SNVS_LP_WRAPPER_IRQHandler
                0x00001c2e        0x8 ./startup/startup_mimxrt1062.o
                0x00001c2e                SNVS_LP_WRAPPER_IRQHandler
 .text.CSU_IRQHandler
                0x00001c36        0x8 ./startup/startup_mimxrt1062.o
                0x00001c36                CSU_IRQHandler
 .text.DCP_IRQHandler
                0x00001c3e        0x8 ./startup/startup_mimxrt1062.o
                0x00001c3e                DCP_IRQHandler
 .text.DCP_VMI_IRQHandler
                0x00001c46        0x8 ./startup/startup_mimxrt1062.o
                0x00001c46                DCP_VMI_IRQHandler
 .text.Reserved68_IRQHandler
                0x00001c4e        0x8 ./startup/startup_mimxrt1062.o
                0x00001c4e                Reserved68_IRQHandler
 .text.TRNG_IRQHandler
                0x00001c56        0x8 ./startup/startup_mimxrt1062.o
                0x00001c56                TRNG_IRQHandler
 .text.SJC_IRQHandler
                0x00001c5e        0x8 ./startup/startup_mimxrt1062.o
                0x00001c5e                SJC_IRQHandler
 .text.BEE_IRQHandler
                0x00001c66        0x8 ./startup/startup_mimxrt1062.o
                0x00001c66                BEE_IRQHandler
 .text.SAI1_IRQHandler
                0x00001c6e        0x8 ./startup/startup_mimxrt1062.o
                0x00001c6e                SAI1_IRQHandler
 .text.SAI2_IRQHandler
                0x00001c76        0x8 ./startup/startup_mimxrt1062.o
                0x00001c76                SAI2_IRQHandler
 .text.SAI3_RX_IRQHandler
                0x00001c7e        0x8 ./startup/startup_mimxrt1062.o
                0x00001c7e                SAI3_RX_IRQHandler
 .text.SAI3_TX_IRQHandler
                0x00001c86        0x8 ./startup/startup_mimxrt1062.o
                0x00001c86                SAI3_TX_IRQHandler
 .text.SPDIF_IRQHandler
                0x00001c8e        0x8 ./startup/startup_mimxrt1062.o
                0x00001c8e                SPDIF_IRQHandler
 .text.PMU_EVENT_IRQHandler
                0x00001c96        0x8 ./startup/startup_mimxrt1062.o
                0x00001c96                PMU_EVENT_IRQHandler
 .text.Reserved78_IRQHandler
                0x00001c9e        0x8 ./startup/startup_mimxrt1062.o
                0x00001c9e                Reserved78_IRQHandler
 .text.TEMP_LOW_HIGH_IRQHandler
                0x00001ca6        0x8 ./startup/startup_mimxrt1062.o
                0x00001ca6                TEMP_LOW_HIGH_IRQHandler
 .text.TEMP_PANIC_IRQHandler
                0x00001cae        0x8 ./startup/startup_mimxrt1062.o
                0x00001cae                TEMP_PANIC_IRQHandler
 .text.USB_PHY1_IRQHandler
                0x00001cb6        0x8 ./startup/startup_mimxrt1062.o
                0x00001cb6                USB_PHY1_IRQHandler
 .text.USB_PHY2_IRQHandler
                0x00001cbe        0x8 ./startup/startup_mimxrt1062.o
                0x00001cbe                USB_PHY2_IRQHandler
 .text.ADC1_IRQHandler
                0x00001cc6        0x8 ./startup/startup_mimxrt1062.o
                0x00001cc6                ADC1_IRQHandler
 .text.ADC2_IRQHandler
                0x00001cce        0x8 ./startup/startup_mimxrt1062.o
                0x00001cce                ADC2_IRQHandler
 .text.DCDC_IRQHandler
                0x00001cd6        0x8 ./startup/startup_mimxrt1062.o
                0x00001cd6                DCDC_IRQHandler
 .text.Reserved86_IRQHandler
                0x00001cde        0x8 ./startup/startup_mimxrt1062.o
                0x00001cde                Reserved86_IRQHandler
 .text.Reserved87_IRQHandler
                0x00001ce6        0x8 ./startup/startup_mimxrt1062.o
                0x00001ce6                Reserved87_IRQHandler
 .text.GPIO1_INT0_IRQHandler
                0x00001cee        0x8 ./startup/startup_mimxrt1062.o
                0x00001cee                GPIO1_INT0_IRQHandler
 .text.GPIO1_INT1_IRQHandler
                0x00001cf6        0x8 ./startup/startup_mimxrt1062.o
                0x00001cf6                GPIO1_INT1_IRQHandler
 .text.GPIO1_INT2_IRQHandler
                0x00001cfe        0x8 ./startup/startup_mimxrt1062.o
                0x00001cfe                GPIO1_INT2_IRQHandler
 .text.GPIO1_INT3_IRQHandler
                0x00001d06        0x8 ./startup/startup_mimxrt1062.o
                0x00001d06                GPIO1_INT3_IRQHandler
 .text.GPIO1_INT4_IRQHandler
                0x00001d0e        0x8 ./startup/startup_mimxrt1062.o
                0x00001d0e                GPIO1_INT4_IRQHandler
 .text.GPIO1_INT5_IRQHandler
                0x00001d16        0x8 ./startup/startup_mimxrt1062.o
                0x00001d16                GPIO1_INT5_IRQHandler
 .text.GPIO1_INT6_IRQHandler
                0x00001d1e        0x8 ./startup/startup_mimxrt1062.o
                0x00001d1e                GPIO1_INT6_IRQHandler
 .text.GPIO1_INT7_IRQHandler
                0x00001d26        0x8 ./startup/startup_mimxrt1062.o
                0x00001d26                GPIO1_INT7_IRQHandler
 .text.GPIO1_Combined_0_15_IRQHandler
                0x00001d2e        0x8 ./startup/startup_mimxrt1062.o
                0x00001d2e                GPIO1_Combined_0_15_IRQHandler
 .text.GPIO1_Combined_16_31_IRQHandler
                0x00001d36        0x8 ./startup/startup_mimxrt1062.o
                0x00001d36                GPIO1_Combined_16_31_IRQHandler
 .text.GPIO2_Combined_0_15_IRQHandler
                0x00001d3e        0x8 ./startup/startup_mimxrt1062.o
                0x00001d3e                GPIO2_Combined_0_15_IRQHandler
 .text.GPIO2_Combined_16_31_IRQHandler
                0x00001d46        0x8 ./startup/startup_mimxrt1062.o
                0x00001d46                GPIO2_Combined_16_31_IRQHandler
 .text.GPIO3_Combined_0_15_IRQHandler
                0x00001d4e        0x8 ./startup/startup_mimxrt1062.o
                0x00001d4e                GPIO3_Combined_0_15_IRQHandler
 .text.GPIO3_Combined_16_31_IRQHandler
                0x00001d56        0x8 ./startup/startup_mimxrt1062.o
                0x00001d56                GPIO3_Combined_16_31_IRQHandler
 .text.GPIO4_Combined_0_15_IRQHandler
                0x00001d5e        0x8 ./startup/startup_mimxrt1062.o
                0x00001d5e                GPIO4_Combined_0_15_IRQHandler
 .text.GPIO4_Combined_16_31_IRQHandler
                0x00001d66        0x8 ./startup/startup_mimxrt1062.o
                0x00001d66                GPIO4_Combined_16_31_IRQHandler
 .text.GPIO5_Combined_0_15_IRQHandler
                0x00001d6e        0x8 ./startup/startup_mimxrt1062.o
                0x00001d6e                GPIO5_Combined_0_15_IRQHandler
 .text.GPIO5_Combined_16_31_IRQHandler
                0x00001d76        0x8 ./startup/startup_mimxrt1062.o
                0x00001d76                GPIO5_Combined_16_31_IRQHandler
 .text.FLEXIO1_IRQHandler
                0x00001d7e        0x8 ./startup/startup_mimxrt1062.o
                0x00001d7e                FLEXIO1_IRQHandler
 .text.FLEXIO2_IRQHandler
                0x00001d86        0x8 ./startup/startup_mimxrt1062.o
                0x00001d86                FLEXIO2_IRQHandler
 .text.WDOG1_IRQHandler
                0x00001d8e        0x8 ./startup/startup_mimxrt1062.o
                0x00001d8e                WDOG1_IRQHandler
 .text.RTWDOG_IRQHandler
                0x00001d96        0x8 ./startup/startup_mimxrt1062.o
                0x00001d96                RTWDOG_IRQHandler
 .text.EWM_IRQHandler
                0x00001d9e        0x8 ./startup/startup_mimxrt1062.o
                0x00001d9e                EWM_IRQHandler
 .text.CCM_1_IRQHandler
                0x00001da6        0x8 ./startup/startup_mimxrt1062.o
                0x00001da6                CCM_1_IRQHandler
 .text.CCM_2_IRQHandler
                0x00001dae        0x8 ./startup/startup_mimxrt1062.o
                0x00001dae                CCM_2_IRQHandler
 .text.GPC_IRQHandler
                0x00001db6        0x8 ./startup/startup_mimxrt1062.o
                0x00001db6                GPC_IRQHandler
 .text.SRC_IRQHandler
                0x00001dbe        0x8 ./startup/startup_mimxrt1062.o
                0x00001dbe                SRC_IRQHandler
 .text.Reserved115_IRQHandler
                0x00001dc6        0x8 ./startup/startup_mimxrt1062.o
                0x00001dc6                Reserved115_IRQHandler
 .text.GPT1_IRQHandler
                0x00001dce        0x8 ./startup/startup_mimxrt1062.o
                0x00001dce                GPT1_IRQHandler
 .text.GPT2_IRQHandler
                0x00001dd6        0x8 ./startup/startup_mimxrt1062.o
                0x00001dd6                GPT2_IRQHandler
 .text.PWM1_0_IRQHandler
                0x00001dde        0x8 ./startup/startup_mimxrt1062.o
                0x00001dde                PWM1_0_IRQHandler
 .text.PWM1_1_IRQHandler
                0x00001de6        0x8 ./startup/startup_mimxrt1062.o
                0x00001de6                PWM1_1_IRQHandler
 .text.PWM1_2_IRQHandler
                0x00001dee        0x8 ./startup/startup_mimxrt1062.o
                0x00001dee                PWM1_2_IRQHandler
 .text.PWM1_3_IRQHandler
                0x00001df6        0x8 ./startup/startup_mimxrt1062.o
                0x00001df6                PWM1_3_IRQHandler
 .text.PWM1_FAULT_IRQHandler
                0x00001dfe        0x8 ./startup/startup_mimxrt1062.o
                0x00001dfe                PWM1_FAULT_IRQHandler
 .text.FLEXSPI2_IRQHandler
                0x00001e06        0x8 ./startup/startup_mimxrt1062.o
                0x00001e06                FLEXSPI2_IRQHandler
 .text.FLEXSPI_IRQHandler
                0x00001e0e        0x8 ./startup/startup_mimxrt1062.o
                0x00001e0e                FLEXSPI_IRQHandler
 .text.SEMC_IRQHandler
                0x00001e16        0x8 ./startup/startup_mimxrt1062.o
                0x00001e16                SEMC_IRQHandler
 .text.USDHC1_IRQHandler
                0x00001e1e        0x8 ./startup/startup_mimxrt1062.o
                0x00001e1e                USDHC1_IRQHandler
 .text.USDHC2_IRQHandler
                0x00001e26        0x8 ./startup/startup_mimxrt1062.o
                0x00001e26                USDHC2_IRQHandler
 .text.USB_OTG2_IRQHandler
                0x00001e2e        0x8 ./startup/startup_mimxrt1062.o
                0x00001e2e                USB_OTG2_IRQHandler
 .text.USB_OTG1_IRQHandler
                0x00001e36        0x8 ./startup/startup_mimxrt1062.o
                0x00001e36                USB_OTG1_IRQHandler
 .text.ENET_IRQHandler
                0x00001e3e        0x8 ./startup/startup_mimxrt1062.o
                0x00001e3e                ENET_IRQHandler
 .text.ENET_1588_Timer_IRQHandler
                0x00001e46        0x8 ./startup/startup_mimxrt1062.o
                0x00001e46                ENET_1588_Timer_IRQHandler
 .text.XBAR1_IRQ_0_1_IRQHandler
                0x00001e4e        0x8 ./startup/startup_mimxrt1062.o
                0x00001e4e                XBAR1_IRQ_0_1_IRQHandler
 .text.XBAR1_IRQ_2_3_IRQHandler
                0x00001e56        0x8 ./startup/startup_mimxrt1062.o
                0x00001e56                XBAR1_IRQ_2_3_IRQHandler
 .text.ADC_ETC_IRQ0_IRQHandler
                0x00001e5e        0x8 ./startup/startup_mimxrt1062.o
                0x00001e5e                ADC_ETC_IRQ0_IRQHandler
 .text.ADC_ETC_IRQ1_IRQHandler
                0x00001e66        0x8 ./startup/startup_mimxrt1062.o
                0x00001e66                ADC_ETC_IRQ1_IRQHandler
 .text.ADC_ETC_IRQ2_IRQHandler
                0x00001e6e        0x8 ./startup/startup_mimxrt1062.o
                0x00001e6e                ADC_ETC_IRQ2_IRQHandler
 .text.ADC_ETC_ERROR_IRQ_IRQHandler
                0x00001e76        0x8 ./startup/startup_mimxrt1062.o
                0x00001e76                ADC_ETC_ERROR_IRQ_IRQHandler
 .text.PIT_IRQHandler
                0x00001e7e        0x8 ./startup/startup_mimxrt1062.o
                0x00001e7e                PIT_IRQHandler
 .text.ACMP1_IRQHandler
                0x00001e86        0x8 ./startup/startup_mimxrt1062.o
                0x00001e86                ACMP1_IRQHandler
 .text.ACMP2_IRQHandler
                0x00001e8e        0x8 ./startup/startup_mimxrt1062.o
                0x00001e8e                ACMP2_IRQHandler
 .text.ACMP3_IRQHandler
                0x00001e96        0x8 ./startup/startup_mimxrt1062.o
                0x00001e96                ACMP3_IRQHandler
 .text.ACMP4_IRQHandler
                0x00001e9e        0x8 ./startup/startup_mimxrt1062.o
                0x00001e9e                ACMP4_IRQHandler
 .text.Reserved143_IRQHandler
                0x00001ea6        0x8 ./startup/startup_mimxrt1062.o
                0x00001ea6                Reserved143_IRQHandler
 .text.Reserved144_IRQHandler
                0x00001eae        0x8 ./startup/startup_mimxrt1062.o
                0x00001eae                Reserved144_IRQHandler
 .text.ENC1_IRQHandler
                0x00001eb6        0x8 ./startup/startup_mimxrt1062.o
                0x00001eb6                ENC1_IRQHandler
 .text.ENC2_IRQHandler
                0x00001ebe        0x8 ./startup/startup_mimxrt1062.o
                0x00001ebe                ENC2_IRQHandler
 .text.ENC3_IRQHandler
                0x00001ec6        0x8 ./startup/startup_mimxrt1062.o
                0x00001ec6                ENC3_IRQHandler
 .text.ENC4_IRQHandler
                0x00001ece        0x8 ./startup/startup_mimxrt1062.o
                0x00001ece                ENC4_IRQHandler
 .text.TMR1_IRQHandler
                0x00001ed6        0x8 ./startup/startup_mimxrt1062.o
                0x00001ed6                TMR1_IRQHandler
 .text.TMR2_IRQHandler
                0x00001ede        0x8 ./startup/startup_mimxrt1062.o
                0x00001ede                TMR2_IRQHandler
 .text.TMR3_IRQHandler
                0x00001ee6        0x8 ./startup/startup_mimxrt1062.o
                0x00001ee6                TMR3_IRQHandler
 .text.TMR4_IRQHandler
                0x00001eee        0x8 ./startup/startup_mimxrt1062.o
                0x00001eee                TMR4_IRQHandler
 .text.PWM2_0_IRQHandler
                0x00001ef6        0x8 ./startup/startup_mimxrt1062.o
                0x00001ef6                PWM2_0_IRQHandler
 .text.PWM2_1_IRQHandler
                0x00001efe        0x8 ./startup/startup_mimxrt1062.o
                0x00001efe                PWM2_1_IRQHandler
 .text.PWM2_2_IRQHandler
                0x00001f06        0x8 ./startup/startup_mimxrt1062.o
                0x00001f06                PWM2_2_IRQHandler
 .text.PWM2_3_IRQHandler
                0x00001f0e        0x8 ./startup/startup_mimxrt1062.o
                0x00001f0e                PWM2_3_IRQHandler
 .text.PWM2_FAULT_IRQHandler
                0x00001f16        0x8 ./startup/startup_mimxrt1062.o
                0x00001f16                PWM2_FAULT_IRQHandler
 .text.PWM3_0_IRQHandler
                0x00001f1e        0x8 ./startup/startup_mimxrt1062.o
                0x00001f1e                PWM3_0_IRQHandler
 .text.PWM3_1_IRQHandler
                0x00001f26        0x8 ./startup/startup_mimxrt1062.o
                0x00001f26                PWM3_1_IRQHandler
 .text.PWM3_2_IRQHandler
                0x00001f2e        0x8 ./startup/startup_mimxrt1062.o
                0x00001f2e                PWM3_2_IRQHandler
 .text.PWM3_3_IRQHandler
                0x00001f36        0x8 ./startup/startup_mimxrt1062.o
                0x00001f36                PWM3_3_IRQHandler
 .text.PWM3_FAULT_IRQHandler
                0x00001f3e        0x8 ./startup/startup_mimxrt1062.o
                0x00001f3e                PWM3_FAULT_IRQHandler
 .text.PWM4_0_IRQHandler
                0x00001f46        0x8 ./startup/startup_mimxrt1062.o
                0x00001f46                PWM4_0_IRQHandler
 .text.PWM4_1_IRQHandler
                0x00001f4e        0x8 ./startup/startup_mimxrt1062.o
                0x00001f4e                PWM4_1_IRQHandler
 .text.PWM4_2_IRQHandler
                0x00001f56        0x8 ./startup/startup_mimxrt1062.o
                0x00001f56                PWM4_2_IRQHandler
 .text.PWM4_3_IRQHandler
                0x00001f5e        0x8 ./startup/startup_mimxrt1062.o
                0x00001f5e                PWM4_3_IRQHandler
 .text.PWM4_FAULT_IRQHandler
                0x00001f66        0x8 ./startup/startup_mimxrt1062.o
                0x00001f66                PWM4_FAULT_IRQHandler
 .text.ENET2_IRQHandler
                0x00001f6e        0x8 ./startup/startup_mimxrt1062.o
                0x00001f6e                ENET2_IRQHandler
 .text.ENET2_1588_Timer_IRQHandler
                0x00001f76        0x8 ./startup/startup_mimxrt1062.o
                0x00001f76                ENET2_1588_Timer_IRQHandler
 .text.CAN3_IRQHandler
                0x00001f7e        0x8 ./startup/startup_mimxrt1062.o
                0x00001f7e                CAN3_IRQHandler
 .text.Reserved171_IRQHandler
                0x00001f86        0x8 ./startup/startup_mimxrt1062.o
                0x00001f86                Reserved171_IRQHandler
 .text.FLEXIO3_IRQHandler
                0x00001f8e        0x8 ./startup/startup_mimxrt1062.o
                0x00001f8e                FLEXIO3_IRQHandler
 .text.GPIO6_7_8_9_IRQHandler
                0x00001f96        0x8 ./startup/startup_mimxrt1062.o
                0x00001f96                GPIO6_7_8_9_IRQHandler
 .text.HardFault_Handler
                0x00001f9e       0x2a ./source/semihost_hardfault.o
                0x00001f9e                HardFault_Handler
 .text.GPIO_PinWrite
                0x00001fc8       0x16 ./drivers/fsl_gpio.o
                0x00001fc8                GPIO_PinWrite
 .text.GPIO_PinSetInterruptConfig
                0x00001fde       0x82 ./drivers/fsl_gpio.o
                0x00001fde                GPIO_PinSetInterruptConfig
 .text.LPUART_GetDefaultConfig
                0x00002060       0x1e ./drivers/fsl_lpuart.o
                0x00002060                LPUART_GetDefaultConfig
 .text.LPUART_WriteBlocking
                0x0000207e       0x16 ./drivers/fsl_lpuart.o
                0x0000207e                LPUART_WriteBlocking
 .text.SystemInitHook
                0x00002094        0x2 ./device/system_MIMXRT1062.o
                0x00002094                SystemInitHook
 .text.SerialManager_Init
                0x00002096       0x2a ./component/serial_manager/serial_manager.o
                0x00002096                SerialManager_Init
 .text.SerialManager_OpenWriteHandle
                0x000020c0       0x1c ./component/serial_manager/serial_manager.o
                0x000020c0                SerialManager_OpenWriteHandle
 .text.SerialManager_OpenReadHandle
                0x000020dc       0x22 ./component/serial_manager/serial_manager.o
                0x000020dc                SerialManager_OpenReadHandle
 .text.SerialManager_WriteBlocking
                0x000020fe       0x14 ./component/serial_manager/serial_manager.o
                0x000020fe                SerialManager_WriteBlocking
 .text.Serial_UartInit
                0x00002112       0x38 ./component/serial_manager/serial_port_uart.o
                0x00002112                Serial_UartInit
 .text.Serial_UartWrite
                0x0000214a        0x4 ./component/serial_manager/serial_port_uart.o
                0x0000214a                Serial_UartWrite
 .text.BOARD_InitDebugConsole
                0x0000214e       0x18 ./board/board.o
                0x0000214e                BOARD_InitDebugConsole
 .text.__main   0x00002166        0xe c:/nxp/mcuxpressoide_11.0.1_2563/ide/plugins/com.nxp.mcuxpresso.tools.win32_11.0.1.201907311258/tools/bin/../lib/gcc/arm-none-eabi/8.2.1/../../../../arm-none-eabi/lib/thumb/v7e-m+dp/hard\libcr_nohost_nf.a(_cr__main.o)
                0x00002166                __main
 .text.memset   0x00002174        0x4 c:/nxp/mcuxpressoide_11.0.1_2563/ide/plugins/com.nxp.mcuxpresso.tools.win32_11.0.1.201907311258/tools/bin/../lib/gcc/arm-none-eabi/8.2.1/../../../../arm-none-eabi/lib/thumb/v7e-m+dp/hard\libcr_c.a(memset.o)
                0x00002174                memset
 .text.free     0x00002178       0x30 c:/nxp/mcuxpressoide_11.0.1_2563/ide/plugins/com.nxp.mcuxpresso.tools.win32_11.0.1.201907311258/tools/bin/../lib/gcc/arm-none-eabi/8.2.1/../../../../arm-none-eabi/lib/thumb/v7e-m+dp/hard\libcr_c.a(alloc.o)
                0x00002178                free
 .text.strlen   0x000021a8       0x4c c:/nxp/mcuxpressoide_11.0.1_2563/ide/plugins/com.nxp.mcuxpresso.tools.win32_11.0.1.201907311258/tools/bin/../lib/gcc/arm-none-eabi/8.2.1/../../../../arm-none-eabi/lib/thumb/v7e-m+dp/hard\libcr_c.a(strlen.o)
                0x000021a8                strlen
 .text._fdopen  0x000021f4       0x68 c:/nxp/mcuxpressoide_11.0.1_2563/ide/plugins/com.nxp.mcuxpresso.tools.win32_11.0.1.201907311258/tools/bin/../lib/gcc/arm-none-eabi/8.2.1/../../../../arm-none-eabi/lib/thumb/v7e-m+dp/hard\libcr_c.a(_fdopen.o)
                0x000021f4                _fdopen
 .text.fclose   0x0000225c       0x58 c:/nxp/mcuxpressoide_11.0.1_2563/ide/plugins/com.nxp.mcuxpresso.tools.win32_11.0.1.201907311258/tools/bin/../lib/gcc/arm-none-eabi/8.2.1/../../../../arm-none-eabi/lib/thumb/v7e-m+dp/hard\libcr_c.a(fclose.o)
                0x0000225c                fclose
 .text.remove   0x000022b4       0x14 c:/nxp/mcuxpressoide_11.0.1_2563/ide/plugins/com.nxp.mcuxpresso.tools.win32_11.0.1.201907311258/tools/bin/../lib/gcc/arm-none-eabi/8.2.1/../../../../arm-none-eabi/lib/thumb/v7e-m+dp/hard\libcr_c.a(remove.o)
                0x000022b4                remove
 .text._do_fflush
                0x000022c8       0x40 c:/nxp/mcuxpressoide_11.0.1_2563/ide/plugins/com.nxp.mcuxpresso.tools.win32_11.0.1.201907311258/tools/bin/../lib/gcc/arm-none-eabi/8.2.1/../../../../arm-none-eabi/lib/thumb/v7e-m+dp/hard\libcr_c.a(_do_fflush.o)
                0x000022c8                _do_fflush
 .text._fflush  0x00002308       0x52 c:/nxp/mcuxpressoide_11.0.1_2563/ide/plugins/com.nxp.mcuxpresso.tools.win32_11.0.1.201907311258/tools/bin/../lib/gcc/arm-none-eabi/8.2.1/../../../../arm-none-eabi/lib/thumb/v7e-m+dp/hard\libcr_c.a(_fflush.o)
                0x00002308                _fflush
 .text._deferredlazyseek
                0x0000235a       0x40 c:/nxp/mcuxpressoide_11.0.1_2563/ide/plugins/com.nxp.mcuxpresso.tools.win32_11.0.1.201907311258/tools/bin/../lib/gcc/arm-none-eabi/8.2.1/../../../../arm-none-eabi/lib/thumb/v7e-m+dp/hard\libcr_c.a(_deferredlazyseek.o)
                0x0000235a                _deferredlazyseek
 .text.__aeabi_division_uldivmod
                0x0000239a      0x174 c:/nxp/mcuxpressoide_11.0.1_2563/ide/plugins/com.nxp.mcuxpresso.tools.win32_11.0.1.201907311258/tools/bin/../lib/gcc/arm-none-eabi/8.2.1/thumb/v7e-m+dp/hard\libcr_eabihelpers.a(division_64.o)
                0x0000239a                __aeabi_uldivmod
                0x0000239e                __bhs_ldivmod1
 .text.__aeabi_division_idiv0
                0x0000250e        0x2 c:/nxp/mcuxpressoide_11.0.1_2563/ide/plugins/com.nxp.mcuxpresso.tools.win32_11.0.1.201907311258/tools/bin/../lib/gcc/arm-none-eabi/8.2.1/thumb/v7e-m+dp/hard\libcr_eabihelpers.a(division_idiv0.o)
                0x0000250e                __aeabi_idiv0
 .text.__aeabi_memset_lowlevel
                0x00002510       0x32 c:/nxp/mcuxpressoide_11.0.1_2563/ide/plugins/com.nxp.mcuxpresso.tools.win32_11.0.1.201907311258/tools/bin/../lib/gcc/arm-none-eabi/8.2.1/thumb/v7e-m+dp/hard\libcr_eabihelpers.a(memcpy.o)
                0x00002510                __aeabi_lowlevel_memset
 .text.__sys_close
                0x00002542        0x6 c:/nxp/mcuxpressoide_11.0.1_2563/ide/plugins/com.nxp.mcuxpresso.tools.win32_11.0.1.201907311258/tools/bin/../lib/gcc/arm-none-eabi/8.2.1/../../../../arm-none-eabi/lib/thumb/v7e-m+dp/hard\libcr_nohost_nf.a(__sys_close.o)
                0x00002542                __sys_close
 .text.__sys_flen
                0x00002548        0x6 c:/nxp/mcuxpressoide_11.0.1_2563/ide/plugins/com.nxp.mcuxpresso.tools.win32_11.0.1.201907311258/tools/bin/../lib/gcc/arm-none-eabi/8.2.1/../../../../arm-none-eabi/lib/thumb/v7e-m+dp/hard\libcr_nohost_nf.a(__sys_flen.o)
                0x00002548                __sys_flen
 .text.__sys_istty
                0x0000254e        0x6 c:/nxp/mcuxpressoide_11.0.1_2563/ide/plugins/com.nxp.mcuxpresso.tools.win32_11.0.1.201907311258/tools/bin/../lib/gcc/arm-none-eabi/8.2.1/../../../../arm-none-eabi/lib/thumb/v7e-m+dp/hard\libcr_nohost_nf.a(__sys_istty.o)
                0x0000254e                __sys_istty
 .text.__sys_remove
                0x00002554        0x6 c:/nxp/mcuxpressoide_11.0.1_2563/ide/plugins/com.nxp.mcuxpresso.tools.win32_11.0.1.201907311258/tools/bin/../lib/gcc/arm-none-eabi/8.2.1/../../../../arm-none-eabi/lib/thumb/v7e-m+dp/hard\libcr_nohost_nf.a(__sys_remove.o)
                0x00002554                __sys_remove
 .text.__sys_seek
                0x0000255a        0x6 c:/nxp/mcuxpressoide_11.0.1_2563/ide/plugins/com.nxp.mcuxpresso.tools.win32_11.0.1.201907311258/tools/bin/../lib/gcc/arm-none-eabi/8.2.1/../../../../arm-none-eabi/lib/thumb/v7e-m+dp/hard\libcr_nohost_nf.a(__sys_seek.o)
                0x0000255a                __sys_seek
 .text.__sys_tmpnam
                0x00002560        0x6 c:/nxp/mcuxpressoide_11.0.1_2563/ide/plugins/com.nxp.mcuxpresso.tools.win32_11.0.1.201907311258/tools/bin/../lib/gcc/arm-none-eabi/8.2.1/../../../../arm-none-eabi/lib/thumb/v7e-m+dp/hard\libcr_nohost_nf.a(__sys_tmpnam.o)
                0x00002560                __sys_tmpnam
 .text.__sys_write
                0x00002566        0x4 c:/nxp/mcuxpressoide_11.0.1_2563/ide/plugins/com.nxp.mcuxpresso.tools.win32_11.0.1.201907311258/tools/bin/../lib/gcc/arm-none-eabi/8.2.1/../../../../arm-none-eabi/lib/thumb/v7e-m+dp/hard\libcr_nohost_nf.a(__sys_write.o)
                0x00002566                __sys_write
 *(SORT_BY_ALIGNMENT(.rodata) SORT_BY_ALIGNMENT(.rodata.*) SORT_BY_ALIGNMENT(.constdata) SORT_BY_ALIGNMENT(.constdata.*))
 *fill*         0x0000256a        0x2 ff
 .rodata        0x0000256c       0x10 ./drivers/fsl_clock.o
 .rodata.s_gpioBases
                0x0000257c       0x28 ./drivers/fsl_gpio.o
 .rodata.s_lpuartBases
                0x000025a4       0x24 ./drivers/fsl_lpuart.o
 .rodata.s_LpuartAdapterBase
                0x000025c8       0x24 ./component/uart/lpuart_adapter.o
 .rodata.armPllConfig_BOARD_BootClockRUN
                0x000025ec        0x8 ./board/clock_config.o
                0x000025ec                armPllConfig_BOARD_BootClockRUN
 .rodata.sysPllConfig_BOARD_BootClockRUN
                0x000025f4       0x14 ./board/clock_config.o
                0x000025f4                sysPllConfig_BOARD_BootClockRUN
 .rodata.__num_Ciob_streams
                0x00002608        0x4 c:/nxp/mcuxpressoide_11.0.1_2563/ide/plugins/com.nxp.mcuxpresso.tools.win32_11.0.1.201907311258/tools/bin/../lib/gcc/arm-none-eabi/8.2.1/../../../../arm-none-eabi/lib/thumb/v7e-m+dp/hard\libcr_nohost_nf.a(__ciob.o)
                0x00002608                __num_Ciob_streams
 .rodata.s_gpioClock
                0x0000260c        0xc ./drivers/fsl_gpio.o
 .rodata.s_lpuartClock
                0x00002618       0x12 ./drivers/fsl_lpuart.o
 .rodata.main.str1.1
                0x0000262a       0x17 ./source/led_blinky.o
 .rodata        0x00002641        0x3 ./board/pin_mux.o
 .rodata._initio.str1.1
                0x00002644        0x4 c:/nxp/mcuxpressoide_11.0.1_2563/ide/plugins/com.nxp.mcuxpresso.tools.win32_11.0.1.201907311258/tools/bin/../lib/gcc/arm-none-eabi/8.2.1/../../../../arm-none-eabi/lib/thumb/v7e-m+dp/hard\libcr_c.a(initio.o)
                0x00002648                . = ALIGN (0x4)

.glue_7         0x00002648        0x0 load address 0x60004698
 .glue_7        0x00002648        0x0 linker stubs

.glue_7t        0x00002648        0x0 load address 0x60004698
 .glue_7t       0x00002648        0x0 linker stubs

.vfp11_veneer   0x00002648        0x0 load address 0x60004698
 .vfp11_veneer  0x00002648        0x0 linker stubs

.v4_bx          0x00002648        0x0 load address 0x60004698
 .v4_bx         0x00002648        0x0 linker stubs

.iplt           0x00002648        0x0 load address 0x60004698
 .iplt          0x00002648        0x0 ./utilities/fsl_debug_console.o

.rel.dyn        0x00002648        0x0 load address 0x60004698
 .rel.iplt      0x00002648        0x0 ./utilities/fsl_debug_console.o

.ARM.extab      0x00002648        0x0 load address 0x60004698
 *(SORT_BY_ALIGNMENT(.ARM.extab*) SORT_BY_ALIGNMENT(.gnu.linkonce.armextab.*))
                0x00002648                __exidx_start = .

.ARM.exidx      0x00002648        0x0 load address 0x60004698
 *(SORT_BY_ALIGNMENT(.ARM.exidx*) SORT_BY_ALIGNMENT(.gnu.linkonce.armexidx.*))
                0x00002648                __exidx_end = .
                0x00002648                _etext = .

.data_RAM       0x00002648        0x0 load address 0x60004698
 FILL mask 0xff
                [!provide]                PROVIDE (__start_data_RAM = .)
 *(SORT_BY_ALIGNMENT(.ramfunc.$RAM))
 *(SORT_BY_ALIGNMENT(.ramfunc.$SRAM_ITC))
 *(SORT_BY_ALIGNMENT(.data.$RAM))
 *(SORT_BY_ALIGNMENT(.data.$SRAM_ITC))
 *(SORT_BY_ALIGNMENT(.data.$RAM.*))
 *(SORT_BY_ALIGNMENT(.data.$SRAM_ITC.*))
                0x00002648                . = ALIGN (0x4)
                [!provide]                PROVIDE (__end_data_RAM = .)

.data_RAM3      0x20200000        0x0 load address 0x60004698
 FILL mask 0xff
                [!provide]                PROVIDE (__start_data_RAM3 = .)
 *(SORT_BY_ALIGNMENT(.ramfunc.$RAM3))
 *(SORT_BY_ALIGNMENT(.ramfunc.$SRAM_OC))
 *(SORT_BY_ALIGNMENT(.data.$RAM3))
 *(SORT_BY_ALIGNMENT(.data.$SRAM_OC))
 *(SORT_BY_ALIGNMENT(.data.$RAM3.*))
 *(SORT_BY_ALIGNMENT(.data.$SRAM_OC.*))
                0x20200000                . = ALIGN (0x4)
                [!provide]                PROVIDE (__end_data_RAM3 = .)

.uninit_RESERVED
                0x20000000        0x0
                0x20000000                . = ALIGN (0x4)
 *(SORT_BY_ALIGNMENT(.bss.$RESERVED*))
                0x20000000                . = ALIGN (0x4)
                0x20000000                _end_uninit_RESERVED = .

.data           0x20000000        0x4 load address 0x60004698
 FILL mask 0xff
                0x20000000                _data = .
 *(SORT_BY_ALIGNMENT(vtable))
 *(SORT_BY_ALIGNMENT(.ramfunc*))
 *(SORT_BY_ALIGNMENT(CodeQuickAccess))
 *(SORT_BY_ALIGNMENT(DataQuickAccess))
 *(SORT_BY_ALIGNMENT(RamFunction))
 *(SORT_BY_ALIGNMENT(NonCacheable.init))
 *(SORT_BY_ALIGNMENT(.data*))
 .data.SystemCoreClock
                0x20000000        0x4 ./device/system_MIMXRT1062.o
                0x20000000                SystemCoreClock
                0x20000004                . = ALIGN (0x4)
                0x20000004                _edata = .

.igot.plt       0x20000004        0x0 load address 0x6000469c
 .igot.plt      0x20000004        0x0 ./utilities/fsl_debug_console.o

.bss_RAM        0x00002648        0x0
                0x00002648                . = ALIGN (0x4)
                [!provide]                PROVIDE (__start_bss_RAM = .)
 *(SORT_BY_ALIGNMENT(.bss.$RAM))
 *(SORT_BY_ALIGNMENT(.bss.$SRAM_ITC))
 *(SORT_BY_ALIGNMENT(.bss.$RAM.*))
 *(SORT_BY_ALIGNMENT(.bss.$SRAM_ITC.*))
                0x00002648                . = ALIGN ((. != 0x0)?0x4:0x1)
                [!provide]                PROVIDE (__end_bss_RAM = .)

.bss_RAM3       0x20200000        0x0
                0x20200000                . = ALIGN (0x4)
                [!provide]                PROVIDE (__start_bss_RAM3 = .)
 *(SORT_BY_ALIGNMENT(.bss.$RAM3))
 *(SORT_BY_ALIGNMENT(.bss.$SRAM_OC))
 *(SORT_BY_ALIGNMENT(.bss.$RAM3.*))
 *(SORT_BY_ALIGNMENT(.bss.$SRAM_OC.*))
                0x20200000                . = ALIGN ((. != 0x0)?0x4:0x1)
                [!provide]                PROVIDE (__end_bss_RAM3 = .)

.bss            0x20000004      0x10c
                0x20000004                . = ALIGN (0x4)
                0x20000004                _bss = .
 *(SORT_BY_ALIGNMENT(NonCacheable))
 *(SORT_BY_ALIGNMENT(.bss*))
 .bss.g_serialHandle
                0x20000004        0x4 ./utilities/fsl_debug_console.o
                0x20000004                g_serialHandle
 .bss.s_debugConsoleState
                0x20000008       0x1c ./utilities/fsl_debug_console.o
 .bss.g_rtcXtalFreq
                0x20000024        0x4 ./drivers/fsl_clock.o
                0x20000024                g_rtcXtalFreq
 .bss.g_xtalFreq
                0x20000028        0x4 ./drivers/fsl_clock.o
                0x20000028                g_xtalFreq
 .bss.s_lpuartHandle
                0x2000002c       0x24 ./drivers/fsl_lpuart.o
 .bss.s_lpuartIsr
                0x20000050        0x4 ./drivers/fsl_lpuart.o
 .bss.errno     0x20000054        0x4 c:/nxp/mcuxpressoide_11.0.1_2563/ide/plugins/com.nxp.mcuxpresso.tools.win32_11.0.1.201907311258/tools/bin/../lib/gcc/arm-none-eabi/8.2.1/../../../../arm-none-eabi/lib/thumb/v7e-m+dp/hard\libcr_c.a(errno.o)
                0x20000054                errno
 .bss.__Ciob    0x20000058       0xb4 c:/nxp/mcuxpressoide_11.0.1_2563/ide/plugins/com.nxp.mcuxpresso.tools.win32_11.0.1.201907311258/tools/bin/../lib/gcc/arm-none-eabi/8.2.1/../../../../arm-none-eabi/lib/thumb/v7e-m+dp/hard\libcr_nohost_nf.a(__ciob.o)
                0x20000058                __Ciob
 .bss.g_pinSet  0x2000010c        0x1 ./source/led_blinky.o
                0x2000010c                g_pinSet
 *(SORT_BY_ALIGNMENT(COMMON))
                0x20000110                . = ALIGN (0x4)
 *fill*         0x2000010d        0x3 
                0x20000110                _ebss = .
                [!provide]                PROVIDE (end = .)

.noinit_RAM     0x00002648        0x0
                0x00002648                . = ALIGN (0x4)
 *(SORT_BY_ALIGNMENT(.noinit.$RAM))
 *(SORT_BY_ALIGNMENT(.noinit.$SRAM_ITC))
 *(SORT_BY_ALIGNMENT(.noinit.$RAM.*))
 *(SORT_BY_ALIGNMENT(.noinit.$SRAM_ITC.*))
                0x00002648                . = ALIGN (0x4)

.noinit_RAM3    0x20200000        0x0
                0x20200000                . = ALIGN (0x4)
 *(SORT_BY_ALIGNMENT(.noinit.$RAM3))
 *(SORT_BY_ALIGNMENT(.noinit.$SRAM_OC))
 *(SORT_BY_ALIGNMENT(.noinit.$RAM3.*))
 *(SORT_BY_ALIGNMENT(.noinit.$SRAM_OC.*))
                0x20200000                . = ALIGN (0x4)

.noinit         0x20000110        0x0
                0x20000110                . = ALIGN (0x4)
                0x20000110                _noinit = .
 *(SORT_BY_ALIGNMENT(.noinit*))
                0x20000110                . = ALIGN (0x4)
                0x20000110                _end_noinit = .
                0x00001000                _HeapSize = 0x1000

.heap           0x00002648     0x1000
                0x00002648                _pvHeapStart = .
                0x00003648                . = (. + _HeapSize)
 *fill*         0x00002648     0x1000 
                0x00003648                . = ALIGN (0x4)
                0x00003648                _pvHeapLimit = .
                0x00001000                _StackSize = 0x1000

.stack          0x00003648     0x1000
                0x00003648                _vStackBase = .
                0x00004648                . = (. + _StackSize)
 *fill*         0x00003648     0x1000 
                0x00004648                . = ALIGN (0x4)
                0x00004648                _vStackTop = .
                0x00002758                _itcm_size = (((((SIZEOF (.text) + SIZEOF (.ARM.extab)) + SIZEOF (.ARM.exidx)) + SIZEOF (.data)) + SIZEOF (.bss)) + SIZEOF (.noinit_RAM))
                0x00000000                _itcm_start = ORIGIN (SRAM_ITC)
                0x00002758                _itcm_end = (_itcm_start + _itcm_size)
                0x60002050                _itcm_loadstart = LOADADDR (.text)
                0x00000001                _itcm_block_count = ((_itcm_size + 0x7ffe) >> 0xf)
                0xaaaaaaab                _flexram_bank_config = (0xaaaaaaaa | ((0x1 << (_itcm_block_count * 0x2)) - 0x1))
                0x60002050                _image_start = LOADADDR (.text)
                0x6000469c                _image_end = (LOADADDR (.data) + SIZEOF (.data))
                0x0000264c                _image_size = (_image_end - _image_start)
OUTPUT(evkmimxrt1060_iled_blinky_teensy_test.axf elf32-littlearm)

.debug_info     0x00000000    0x110ad
 .debug_info    0x00000000      0xd1f ./utilities/fsl_debug_console.o
 .debug_info    0x00000d1f      0x8de ./utilities/fsl_str.o
 .debug_info    0x000015fd     0x24c0 ./startup/startup_mimxrt1062.o
 .debug_info    0x00003abd      0x719 ./source/led_blinky.o
 .debug_info    0x000041d6       0x38 ./source/semihost_hardfault.o
 .debug_info    0x0000420e     0x2341 ./drivers/fsl_clock.o
 .debug_info    0x0000654f      0xe3f ./drivers/fsl_gpio.o
 .debug_info    0x0000738e     0x2878 ./drivers/fsl_lpuart.o
 .debug_info    0x00009c06      0xdb5 ./device/system_MIMXRT1062.o
 .debug_info    0x0000a9bb      0xae9 ./component/uart/lpuart_adapter.o
 .debug_info    0x0000b4a4      0xa34 ./component/serial_manager/serial_manager.o
 .debug_info    0x0000bed8      0x5db ./component/serial_manager/serial_port_uart.o
 .debug_info    0x0000c4b3     0x1558 ./board/board.o
 .debug_info    0x0000da0b     0x2939 ./board/clock_config.o
 .debug_info    0x00010344      0xd69 ./board/pin_mux.o

.debug_abbrev   0x00000000     0x27a1
 .debug_abbrev  0x00000000      0x30d ./utilities/fsl_debug_console.o
 .debug_abbrev  0x0000030d      0x2bd ./utilities/fsl_str.o
 .debug_abbrev  0x000005ca      0x263 ./startup/startup_mimxrt1062.o
 .debug_abbrev  0x0000082d      0x1bb ./source/led_blinky.o
 .debug_abbrev  0x000009e8       0x2e ./source/semihost_hardfault.o
 .debug_abbrev  0x00000a16      0x49c ./drivers/fsl_clock.o
 .debug_abbrev  0x00000eb2      0x308 ./drivers/fsl_gpio.o
 .debug_abbrev  0x000011ba      0x445 ./drivers/fsl_lpuart.o
 .debug_abbrev  0x000015ff      0x1ea ./device/system_MIMXRT1062.o
 .debug_abbrev  0x000017e9      0x23a ./component/uart/lpuart_adapter.o
 .debug_abbrev  0x00001a23      0x248 ./component/serial_manager/serial_manager.o
 .debug_abbrev  0x00001c6b      0x1b2 ./component/serial_manager/serial_port_uart.o
 .debug_abbrev  0x00001e1d      0x409 ./board/board.o
 .debug_abbrev  0x00002226      0x331 ./board/clock_config.o
 .debug_abbrev  0x00002557      0x24a ./board/pin_mux.o

.debug_loc      0x00000000     0x575c
 .debug_loc     0x00000000      0x4a9 ./utilities/fsl_debug_console.o
 .debug_loc     0x000004a9     0x102f ./utilities/fsl_str.o
 .debug_loc     0x000014d8      0x1e6 ./startup/startup_mimxrt1062.o
 .debug_loc     0x000016be      0xcd4 ./drivers/fsl_clock.o
 .debug_loc     0x00002392      0x4ff ./drivers/fsl_gpio.o
 .debug_loc     0x00002891     0x1402 ./drivers/fsl_lpuart.o
 .debug_loc     0x00003c93       0xe3 ./device/system_MIMXRT1062.o
 .debug_loc     0x00003d76      0x217 ./component/uart/lpuart_adapter.o
 .debug_loc     0x00003f8d      0x827 ./component/serial_manager/serial_manager.o
 .debug_loc     0x000047b4      0x206 ./component/serial_manager/serial_port_uart.o
 .debug_loc     0x000049ba      0x450 ./board/board.o
 .debug_loc     0x00004e0a      0x70a ./board/clock_config.o
 .debug_loc     0x00005514      0x248 ./board/pin_mux.o

.debug_aranges  0x00000000      0xaa0
 .debug_aranges
                0x00000000       0x78 ./utilities/fsl_debug_console.o
 .debug_aranges
                0x00000078       0x30 ./utilities/fsl_str.o
 .debug_aranges
                0x000000a8      0x558 ./startup/startup_mimxrt1062.o
 .debug_aranges
                0x00000600       0x28 ./source/led_blinky.o
 .debug_aranges
                0x00000628       0x20 ./source/semihost_hardfault.o
 .debug_aranges
                0x00000648      0x158 ./drivers/fsl_clock.o
 .debug_aranges
                0x000007a0       0x30 ./drivers/fsl_gpio.o
 .debug_aranges
                0x000007d0      0x128 ./drivers/fsl_lpuart.o
 .debug_aranges
                0x000008f8       0x30 ./device/system_MIMXRT1062.o
 .debug_aranges
                0x00000928       0x38 ./component/uart/lpuart_adapter.o
 .debug_aranges
                0x00000960       0x60 ./component/serial_manager/serial_manager.o
 .debug_aranges
                0x000009c0       0x38 ./component/serial_manager/serial_port_uart.o
 .debug_aranges
                0x000009f8       0x40 ./board/board.o
 .debug_aranges
                0x00000a38       0x40 ./board/clock_config.o
 .debug_aranges
                0x00000a78       0x28 ./board/pin_mux.o

.debug_ranges   0x00000000      0xd08
 .debug_ranges  0x00000000       0x88 ./utilities/fsl_debug_console.o
 .debug_ranges  0x00000088       0x78 ./utilities/fsl_str.o
 .debug_ranges  0x00000100      0x560 ./startup/startup_mimxrt1062.o
 .debug_ranges  0x00000660       0x18 ./source/led_blinky.o
 .debug_ranges  0x00000678       0x10 ./source/semihost_hardfault.o
 .debug_ranges  0x00000688      0x1c0 ./drivers/fsl_clock.o
 .debug_ranges  0x00000848       0x88 ./drivers/fsl_gpio.o
 .debug_ranges  0x000008d0      0x188 ./drivers/fsl_lpuart.o
 .debug_ranges  0x00000a58       0x20 ./device/system_MIMXRT1062.o
 .debug_ranges  0x00000a78       0x28 ./component/uart/lpuart_adapter.o
 .debug_ranges  0x00000aa0       0x50 ./component/serial_manager/serial_manager.o
 .debug_ranges  0x00000af0       0x28 ./component/serial_manager/serial_port_uart.o
 .debug_ranges  0x00000b18       0xa8 ./board/board.o
 .debug_ranges  0x00000bc0       0xd8 ./board/clock_config.o
 .debug_ranges  0x00000c98       0x70 ./board/pin_mux.o

.debug_line     0x00000000     0x72f1
 .debug_line    0x00000000      0x5f6 ./utilities/fsl_debug_console.o
 .debug_line    0x000005f6      0x9b0 ./utilities/fsl_str.o
 .debug_line    0x00000fa6     0x165c ./startup/startup_mimxrt1062.o
 .debug_line    0x00002602      0x31b ./source/led_blinky.o
 .debug_line    0x0000291d       0x5b ./source/semihost_hardfault.o
 .debug_line    0x00002978     0x118c ./drivers/fsl_clock.o
 .debug_line    0x00003b04      0x3b1 ./drivers/fsl_gpio.o
 .debug_line    0x00003eb5     0x136a ./drivers/fsl_lpuart.o
 .debug_line    0x0000521f      0x4d3 ./device/system_MIMXRT1062.o
 .debug_line    0x000056f2      0x33f ./component/uart/lpuart_adapter.o
 .debug_line    0x00005a31      0x488 ./component/serial_manager/serial_manager.o
 .debug_line    0x00005eb9      0x2c4 ./component/serial_manager/serial_port_uart.o
 .debug_line    0x0000617d      0x7bc ./board/board.o
 .debug_line    0x00006939      0x6f2 ./board/clock_config.o
 .debug_line    0x0000702b      0x2c6 ./board/pin_mux.o

.debug_str      0x00000000     0x7382
 .debug_str     0x00000000     0x116c ./utilities/fsl_debug_console.o
                               0x11dc (size before relaxing)
 .debug_str     0x0000116c      0x1a9 ./utilities/fsl_str.o
                                0x464 (size before relaxing)
 .debug_str     0x00001315     0x18be ./startup/startup_mimxrt1062.o
                               0x1af8 (size before relaxing)
 .debug_str     0x00002bd3      0x202 ./source/led_blinky.o
                                0xcf2 (size before relaxing)
 .debug_str     0x00002dd5       0x1f ./source/semihost_hardfault.o
                                0x19b (size before relaxing)
 .debug_str     0x00002df4     0x113a ./drivers/fsl_clock.o
                               0x1c68 (size before relaxing)
 .debug_str     0x00003f2e      0x8dc ./drivers/fsl_gpio.o
                               0x143c (size before relaxing)
 .debug_str     0x0000480a     0x19fb ./drivers/fsl_lpuart.o
                               0x2d5c (size before relaxing)
 .debug_str     0x00006205      0x1e3 ./device/system_MIMXRT1062.o
                                0x83f (size before relaxing)
 .debug_str     0x000063e8      0x2aa ./component/uart/lpuart_adapter.o
                               0x124a (size before relaxing)
 .debug_str     0x00006692      0x25e ./component/serial_manager/serial_manager.o
                                0x7bb (size before relaxing)
 .debug_str     0x000068f0       0x79 ./component/serial_manager/serial_port_uart.o
                                0x84e (size before relaxing)
 .debug_str     0x00006969      0x552 ./board/board.o
                                0xde2 (size before relaxing)
 .debug_str     0x00006ebb      0x470 ./board/clock_config.o
                               0x2104 (size before relaxing)
 .debug_str     0x0000732b       0x57 ./board/pin_mux.o
                                0xd5a (size before relaxing)

.comment        0x00000000       0x75
 .comment       0x00000000       0x75 ./utilities/fsl_debug_console.o
                                 0x76 (size before relaxing)
 .comment       0x00000075       0x76 ./utilities/fsl_str.o
 .comment       0x00000075       0x76 ./startup/startup_mimxrt1062.o
 .comment       0x00000075       0x76 ./source/led_blinky.o
 .comment       0x00000075       0x76 ./source/semihost_hardfault.o
 .comment       0x00000075       0x76 ./drivers/fsl_clock.o
 .comment       0x00000075       0x76 ./drivers/fsl_gpio.o
 .comment       0x00000075       0x76 ./drivers/fsl_lpuart.o
 .comment       0x00000075       0x76 ./device/system_MIMXRT1062.o
 .comment       0x00000075       0x76 ./component/uart/lpuart_adapter.o
 .comment       0x00000075       0x76 ./component/serial_manager/serial_manager.o
 .comment       0x00000075       0x76 ./component/serial_manager/serial_port_uart.o
 .comment       0x00000075       0x76 ./board/board.o
 .comment       0x00000075       0x76 ./board/clock_config.o
 .comment       0x00000075       0x76 ./board/pin_mux.o
 .comment       0x00000075       0x76 c:/nxp/mcuxpressoide_11.0.1_2563/ide/plugins/com.nxp.mcuxpresso.tools.win32_11.0.1.201907311258/tools/bin/../lib/gcc/arm-none-eabi/8.2.1/../../../../arm-none-eabi/lib/thumb/v7e-m+dp/hard\libcr_nohost_nf.a(_cr__main.o)
 .comment       0x00000075       0x76 c:/nxp/mcuxpressoide_11.0.1_2563/ide/plugins/com.nxp.mcuxpresso.tools.win32_11.0.1.201907311258/tools/bin/../lib/gcc/arm-none-eabi/8.2.1/../../../../arm-none-eabi/lib/thumb/v7e-m+dp/hard\libcr_c.a(memset.o)
 .comment       0x00000075       0x76 c:/nxp/mcuxpressoide_11.0.1_2563/ide/plugins/com.nxp.mcuxpresso.tools.win32_11.0.1.201907311258/tools/bin/../lib/gcc/arm-none-eabi/8.2.1/../../../../arm-none-eabi/lib/thumb/v7e-m+dp/hard\libcr_c.a(alloc.o)
 .comment       0x00000075       0x76 c:/nxp/mcuxpressoide_11.0.1_2563/ide/plugins/com.nxp.mcuxpresso.tools.win32_11.0.1.201907311258/tools/bin/../lib/gcc/arm-none-eabi/8.2.1/../../../../arm-none-eabi/lib/thumb/v7e-m+dp/hard\libcr_c.a(initio.o)
 .comment       0x00000075       0x76 c:/nxp/mcuxpressoide_11.0.1_2563/ide/plugins/com.nxp.mcuxpresso.tools.win32_11.0.1.201907311258/tools/bin/../lib/gcc/arm-none-eabi/8.2.1/../../../../arm-none-eabi/lib/thumb/v7e-m+dp/hard\libcr_c.a(setvbuf.o)
 .comment       0x00000075       0x76 c:/nxp/mcuxpressoide_11.0.1_2563/ide/plugins/com.nxp.mcuxpresso.tools.win32_11.0.1.201907311258/tools/bin/../lib/gcc/arm-none-eabi/8.2.1/../../../../arm-none-eabi/lib/thumb/v7e-m+dp/hard\libcr_c.a(strlen.o)
 .comment       0x00000075       0x76 c:/nxp/mcuxpressoide_11.0.1_2563/ide/plugins/com.nxp.mcuxpresso.tools.win32_11.0.1.201907311258/tools/bin/../lib/gcc/arm-none-eabi/8.2.1/../../../../arm-none-eabi/lib/thumb/v7e-m+dp/hard\libcr_c.a(_fdopen.o)
 .comment       0x00000075       0x76 c:/nxp/mcuxpressoide_11.0.1_2563/ide/plugins/com.nxp.mcuxpresso.tools.win32_11.0.1.201907311258/tools/bin/../lib/gcc/arm-none-eabi/8.2.1/../../../../arm-none-eabi/lib/thumb/v7e-m+dp/hard\libcr_c.a(errno.o)
 .comment       0x00000075       0x76 c:/nxp/mcuxpressoide_11.0.1_2563/ide/plugins/com.nxp.mcuxpresso.tools.win32_11.0.1.201907311258/tools/bin/../lib/gcc/arm-none-eabi/8.2.1/../../../../arm-none-eabi/lib/thumb/v7e-m+dp/hard\libcr_c.a(fclose.o)
 .comment       0x00000075       0x76 c:/nxp/mcuxpressoide_11.0.1_2563/ide/plugins/com.nxp.mcuxpresso.tools.win32_11.0.1.201907311258/tools/bin/../lib/gcc/arm-none-eabi/8.2.1/../../../../arm-none-eabi/lib/thumb/v7e-m+dp/hard\libcr_c.a(fflush.o)
 .comment       0x00000075       0x76 c:/nxp/mcuxpressoide_11.0.1_2563/ide/plugins/com.nxp.mcuxpresso.tools.win32_11.0.1.201907311258/tools/bin/../lib/gcc/arm-none-eabi/8.2.1/../../../../arm-none-eabi/lib/thumb/v7e-m+dp/hard\libcr_c.a(fseek.o)
 .comment       0x00000075       0x76 c:/nxp/mcuxpressoide_11.0.1_2563/ide/plugins/com.nxp.mcuxpresso.tools.win32_11.0.1.201907311258/tools/bin/../lib/gcc/arm-none-eabi/8.2.1/../../../../arm-none-eabi/lib/thumb/v7e-m+dp/hard\libcr_c.a(ftell.o)
 .comment       0x00000075       0x76 c:/nxp/mcuxpressoide_11.0.1_2563/ide/plugins/com.nxp.mcuxpresso.tools.win32_11.0.1.201907311258/tools/bin/../lib/gcc/arm-none-eabi/8.2.1/../../../../arm-none-eabi/lib/thumb/v7e-m+dp/hard\libcr_c.a(remove.o)
 .comment       0x00000075       0x76 c:/nxp/mcuxpressoide_11.0.1_2563/ide/plugins/com.nxp.mcuxpresso.tools.win32_11.0.1.201907311258/tools/bin/../lib/gcc/arm-none-eabi/8.2.1/../../../../arm-none-eabi/lib/thumb/v7e-m+dp/hard\libcr_c.a(_do_fflush.o)
 .comment       0x00000075       0x76 c:/nxp/mcuxpressoide_11.0.1_2563/ide/plugins/com.nxp.mcuxpresso.tools.win32_11.0.1.201907311258/tools/bin/../lib/gcc/arm-none-eabi/8.2.1/../../../../arm-none-eabi/lib/thumb/v7e-m+dp/hard\libcr_c.a(_fflush.o)
 .comment       0x00000075       0x76 c:/nxp/mcuxpressoide_11.0.1_2563/ide/plugins/com.nxp.mcuxpresso.tools.win32_11.0.1.201907311258/tools/bin/../lib/gcc/arm-none-eabi/8.2.1/../../../../arm-none-eabi/lib/thumb/v7e-m+dp/hard\libcr_c.a(_writebuf.o)
 .comment       0x00000075       0x76 c:/nxp/mcuxpressoide_11.0.1_2563/ide/plugins/com.nxp.mcuxpresso.tools.win32_11.0.1.201907311258/tools/bin/../lib/gcc/arm-none-eabi/8.2.1/../../../../arm-none-eabi/lib/thumb/v7e-m+dp/hard\libcr_c.a(_deferredlazyseek.o)
 .comment       0x00000075       0x76 c:/nxp/mcuxpressoide_11.0.1_2563/ide/plugins/com.nxp.mcuxpresso.tools.win32_11.0.1.201907311258/tools/bin/../lib/gcc/arm-none-eabi/8.2.1/../../../../arm-none-eabi/lib/thumb/v7e-m+dp/hard\libcr_nohost_nf.a(__ciob.o)
 .comment       0x00000075       0x76 c:/nxp/mcuxpressoide_11.0.1_2563/ide/plugins/com.nxp.mcuxpresso.tools.win32_11.0.1.201907311258/tools/bin/../lib/gcc/arm-none-eabi/8.2.1/../../../../arm-none-eabi/lib/thumb/v7e-m+dp/hard\libcr_nohost_nf.a(__sys_close.o)
 .comment       0x00000075       0x76 c:/nxp/mcuxpressoide_11.0.1_2563/ide/plugins/com.nxp.mcuxpresso.tools.win32_11.0.1.201907311258/tools/bin/../lib/gcc/arm-none-eabi/8.2.1/../../../../arm-none-eabi/lib/thumb/v7e-m+dp/hard\libcr_nohost_nf.a(__sys_flen.o)
 .comment       0x00000075       0x76 c:/nxp/mcuxpressoide_11.0.1_2563/ide/plugins/com.nxp.mcuxpresso.tools.win32_11.0.1.201907311258/tools/bin/../lib/gcc/arm-none-eabi/8.2.1/../../../../arm-none-eabi/lib/thumb/v7e-m+dp/hard\libcr_nohost_nf.a(__sys_istty.o)
 .comment       0x00000075       0x76 c:/nxp/mcuxpressoide_11.0.1_2563/ide/plugins/com.nxp.mcuxpresso.tools.win32_11.0.1.201907311258/tools/bin/../lib/gcc/arm-none-eabi/8.2.1/../../../../arm-none-eabi/lib/thumb/v7e-m+dp/hard\libcr_nohost_nf.a(__sys_remove.o)
 .comment       0x00000075       0x76 c:/nxp/mcuxpressoide_11.0.1_2563/ide/plugins/com.nxp.mcuxpresso.tools.win32_11.0.1.201907311258/tools/bin/../lib/gcc/arm-none-eabi/8.2.1/../../../../arm-none-eabi/lib/thumb/v7e-m+dp/hard\libcr_nohost_nf.a(__sys_seek.o)
 .comment       0x00000075       0x76 c:/nxp/mcuxpressoide_11.0.1_2563/ide/plugins/com.nxp.mcuxpresso.tools.win32_11.0.1.201907311258/tools/bin/../lib/gcc/arm-none-eabi/8.2.1/../../../../arm-none-eabi/lib/thumb/v7e-m+dp/hard\libcr_nohost_nf.a(__sys_tmpnam.o)
 .comment       0x00000075       0x76 c:/nxp/mcuxpressoide_11.0.1_2563/ide/plugins/com.nxp.mcuxpresso.tools.win32_11.0.1.201907311258/tools/bin/../lib/gcc/arm-none-eabi/8.2.1/../../../../arm-none-eabi/lib/thumb/v7e-m+dp/hard\libcr_nohost_nf.a(__sys_write.o)

.ARM.attributes
                0x00000000       0x35
 .ARM.attributes
                0x00000000       0x32 ./utilities/fsl_debug_console.o
 .ARM.attributes
                0x00000032       0x32 ./utilities/fsl_str.o
 .ARM.attributes
                0x00000064       0x32 ./startup/startup_mimxrt1062.o
 .ARM.attributes
                0x00000096       0x32 ./source/led_blinky.o
 .ARM.attributes
                0x000000c8       0x32 ./source/semihost_hardfault.o
 .ARM.attributes
                0x000000fa       0x32 ./drivers/fsl_clock.o
 .ARM.attributes
                0x0000012c       0x32 ./drivers/fsl_gpio.o
 .ARM.attributes
                0x0000015e       0x32 ./drivers/fsl_lpuart.o
 .ARM.attributes
                0x00000190       0x32 ./device/system_MIMXRT1062.o
 .ARM.attributes
                0x000001c2       0x32 ./component/uart/lpuart_adapter.o
 .ARM.attributes
                0x000001f4       0x32 ./component/serial_manager/serial_manager.o
 .ARM.attributes
                0x00000226       0x32 ./component/serial_manager/serial_port_uart.o
 .ARM.attributes
                0x00000258       0x32 ./board/board.o
 .ARM.attributes
                0x0000028a       0x32 ./board/clock_config.o
 .ARM.attributes
                0x000002bc       0x32 ./board/pin_mux.o
 .ARM.attributes
                0x000002ee       0x32 c:/nxp/mcuxpressoide_11.0.1_2563/ide/plugins/com.nxp.mcuxpresso.tools.win32_11.0.1.201907311258/tools/bin/../lib/gcc/arm-none-eabi/8.2.1/../../../../arm-none-eabi/lib/thumb/v7e-m+dp/hard\libcr_nohost_nf.a(_cr__main.o)
 .ARM.attributes
                0x00000320       0x32 c:/nxp/mcuxpressoide_11.0.1_2563/ide/plugins/com.nxp.mcuxpresso.tools.win32_11.0.1.201907311258/tools/bin/../lib/gcc/arm-none-eabi/8.2.1/../../../../arm-none-eabi/lib/thumb/v7e-m+dp/hard\libcr_c.a(memset.o)
 .ARM.attributes
                0x00000352       0x32 c:/nxp/mcuxpressoide_11.0.1_2563/ide/plugins/com.nxp.mcuxpresso.tools.win32_11.0.1.201907311258/tools/bin/../lib/gcc/arm-none-eabi/8.2.1/../../../../arm-none-eabi/lib/thumb/v7e-m+dp/hard\libcr_c.a(alloc.o)
 .ARM.attributes
                0x00000384       0x32 c:/nxp/mcuxpressoide_11.0.1_2563/ide/plugins/com.nxp.mcuxpresso.tools.win32_11.0.1.201907311258/tools/bin/../lib/gcc/arm-none-eabi/8.2.1/../../../../arm-none-eabi/lib/thumb/v7e-m+dp/hard\libcr_c.a(initio.o)
 .ARM.attributes
                0x000003b6       0x32 c:/nxp/mcuxpressoide_11.0.1_2563/ide/plugins/com.nxp.mcuxpresso.tools.win32_11.0.1.201907311258/tools/bin/../lib/gcc/arm-none-eabi/8.2.1/../../../../arm-none-eabi/lib/thumb/v7e-m+dp/hard\libcr_c.a(setvbuf.o)
 .ARM.attributes
                0x000003e8       0x32 c:/nxp/mcuxpressoide_11.0.1_2563/ide/plugins/com.nxp.mcuxpresso.tools.win32_11.0.1.201907311258/tools/bin/../lib/gcc/arm-none-eabi/8.2.1/../../../../arm-none-eabi/lib/thumb/v7e-m+dp/hard\libcr_c.a(strlen.o)
 .ARM.attributes
                0x0000041a       0x32 c:/nxp/mcuxpressoide_11.0.1_2563/ide/plugins/com.nxp.mcuxpresso.tools.win32_11.0.1.201907311258/tools/bin/../lib/gcc/arm-none-eabi/8.2.1/../../../../arm-none-eabi/lib/thumb/v7e-m+dp/hard\libcr_c.a(_fdopen.o)
 .ARM.attributes
                0x0000044c       0x37 c:/nxp/mcuxpressoide_11.0.1_2563/ide/plugins/com.nxp.mcuxpresso.tools.win32_11.0.1.201907311258/tools/bin/../lib/gcc/arm-none-eabi/8.2.1/../../../../arm-none-eabi/lib/thumb/v7e-m+dp/hard\libcr_c.a(errno.o)
 .ARM.attributes
                0x00000483       0x32 c:/nxp/mcuxpressoide_11.0.1_2563/ide/plugins/com.nxp.mcuxpresso.tools.win32_11.0.1.201907311258/tools/bin/../lib/gcc/arm-none-eabi/8.2.1/../../../../arm-none-eabi/lib/thumb/v7e-m+dp/hard\libcr_c.a(fclose.o)
 .ARM.attributes
                0x000004b5       0x32 c:/nxp/mcuxpressoide_11.0.1_2563/ide/plugins/com.nxp.mcuxpresso.tools.win32_11.0.1.201907311258/tools/bin/../lib/gcc/arm-none-eabi/8.2.1/../../../../arm-none-eabi/lib/thumb/v7e-m+dp/hard\libcr_c.a(fflush.o)
 .ARM.attributes
                0x000004e7       0x32 c:/nxp/mcuxpressoide_11.0.1_2563/ide/plugins/com.nxp.mcuxpresso.tools.win32_11.0.1.201907311258/tools/bin/../lib/gcc/arm-none-eabi/8.2.1/../../../../arm-none-eabi/lib/thumb/v7e-m+dp/hard\libcr_c.a(fseek.o)
 .ARM.attributes
                0x00000519       0x32 c:/nxp/mcuxpressoide_11.0.1_2563/ide/plugins/com.nxp.mcuxpresso.tools.win32_11.0.1.201907311258/tools/bin/../lib/gcc/arm-none-eabi/8.2.1/../../../../arm-none-eabi/lib/thumb/v7e-m+dp/hard\libcr_c.a(ftell.o)
 .ARM.attributes
                0x0000054b       0x32 c:/nxp/mcuxpressoide_11.0.1_2563/ide/plugins/com.nxp.mcuxpresso.tools.win32_11.0.1.201907311258/tools/bin/../lib/gcc/arm-none-eabi/8.2.1/../../../../arm-none-eabi/lib/thumb/v7e-m+dp/hard\libcr_c.a(remove.o)
 .ARM.attributes
                0x0000057d       0x32 c:/nxp/mcuxpressoide_11.0.1_2563/ide/plugins/com.nxp.mcuxpresso.tools.win32_11.0.1.201907311258/tools/bin/../lib/gcc/arm-none-eabi/8.2.1/../../../../arm-none-eabi/lib/thumb/v7e-m+dp/hard\libcr_c.a(_do_fflush.o)
 .ARM.attributes
                0x000005af       0x32 c:/nxp/mcuxpressoide_11.0.1_2563/ide/plugins/com.nxp.mcuxpresso.tools.win32_11.0.1.201907311258/tools/bin/../lib/gcc/arm-none-eabi/8.2.1/../../../../arm-none-eabi/lib/thumb/v7e-m+dp/hard\libcr_c.a(_fflush.o)
 .ARM.attributes
                0x000005e1       0x32 c:/nxp/mcuxpressoide_11.0.1_2563/ide/plugins/com.nxp.mcuxpresso.tools.win32_11.0.1.201907311258/tools/bin/../lib/gcc/arm-none-eabi/8.2.1/../../../../arm-none-eabi/lib/thumb/v7e-m+dp/hard\libcr_c.a(_writebuf.o)
 .ARM.attributes
                0x00000613       0x32 c:/nxp/mcuxpressoide_11.0.1_2563/ide/plugins/com.nxp.mcuxpresso.tools.win32_11.0.1.201907311258/tools/bin/../lib/gcc/arm-none-eabi/8.2.1/../../../../arm-none-eabi/lib/thumb/v7e-m+dp/hard\libcr_c.a(_deferredlazyseek.o)
 .ARM.attributes
                0x00000645       0x1e c:/nxp/mcuxpressoide_11.0.1_2563/ide/plugins/com.nxp.mcuxpresso.tools.win32_11.0.1.201907311258/tools/bin/../lib/gcc/arm-none-eabi/8.2.1/thumb/v7e-m+dp/hard\libcr_eabihelpers.a(division_64.o)
 .ARM.attributes
                0x00000663       0x1e c:/nxp/mcuxpressoide_11.0.1_2563/ide/plugins/com.nxp.mcuxpresso.tools.win32_11.0.1.201907311258/tools/bin/../lib/gcc/arm-none-eabi/8.2.1/thumb/v7e-m+dp/hard\libcr_eabihelpers.a(division_idiv0.o)
 .ARM.attributes
                0x00000681       0x1e c:/nxp/mcuxpressoide_11.0.1_2563/ide/plugins/com.nxp.mcuxpresso.tools.win32_11.0.1.201907311258/tools/bin/../lib/gcc/arm-none-eabi/8.2.1/thumb/v7e-m+dp/hard\libcr_eabihelpers.a(memcpy.o)
 .ARM.attributes
                0x0000069f       0x37 c:/nxp/mcuxpressoide_11.0.1_2563/ide/plugins/com.nxp.mcuxpresso.tools.win32_11.0.1.201907311258/tools/bin/../lib/gcc/arm-none-eabi/8.2.1/../../../../arm-none-eabi/lib/thumb/v7e-m+dp/hard\libcr_nohost_nf.a(__ciob.o)
 .ARM.attributes
                0x000006d6       0x32 c:/nxp/mcuxpressoide_11.0.1_2563/ide/plugins/com.nxp.mcuxpresso.tools.win32_11.0.1.201907311258/tools/bin/../lib/gcc/arm-none-eabi/8.2.1/../../../../arm-none-eabi/lib/thumb/v7e-m+dp/hard\libcr_nohost_nf.a(__sys_close.o)
 .ARM.attributes
                0x00000708       0x32 c:/nxp/mcuxpressoide_11.0.1_2563/ide/plugins/com.nxp.mcuxpresso.tools.win32_11.0.1.201907311258/tools/bin/../lib/gcc/arm-none-eabi/8.2.1/../../../../arm-none-eabi/lib/thumb/v7e-m+dp/hard\libcr_nohost_nf.a(__sys_flen.o)
 .ARM.attributes
                0x0000073a       0x32 c:/nxp/mcuxpressoide_11.0.1_2563/ide/plugins/com.nxp.mcuxpresso.tools.win32_11.0.1.201907311258/tools/bin/../lib/gcc/arm-none-eabi/8.2.1/../../../../arm-none-eabi/lib/thumb/v7e-m+dp/hard\libcr_nohost_nf.a(__sys_istty.o)
 .ARM.attributes
                0x0000076c       0x32 c:/nxp/mcuxpressoide_11.0.1_2563/ide/plugins/com.nxp.mcuxpresso.tools.win32_11.0.1.201907311258/tools/bin/../lib/gcc/arm-none-eabi/8.2.1/../../../../arm-none-eabi/lib/thumb/v7e-m+dp/hard\libcr_nohost_nf.a(__sys_remove.o)
 .ARM.attributes
                0x0000079e       0x32 c:/nxp/mcuxpressoide_11.0.1_2563/ide/plugins/com.nxp.mcuxpresso.tools.win32_11.0.1.201907311258/tools/bin/../lib/gcc/arm-none-eabi/8.2.1/../../../../arm-none-eabi/lib/thumb/v7e-m+dp/hard\libcr_nohost_nf.a(__sys_seek.o)
 .ARM.attributes
                0x000007d0       0x32 c:/nxp/mcuxpressoide_11.0.1_2563/ide/plugins/com.nxp.mcuxpresso.tools.win32_11.0.1.201907311258/tools/bin/../lib/gcc/arm-none-eabi/8.2.1/../../../../arm-none-eabi/lib/thumb/v7e-m+dp/hard\libcr_nohost_nf.a(__sys_tmpnam.o)
 .ARM.attributes
                0x00000802       0x32 c:/nxp/mcuxpressoide_11.0.1_2563/ide/plugins/com.nxp.mcuxpresso.tools.win32_11.0.1.201907311258/tools/bin/../lib/gcc/arm-none-eabi/8.2.1/../../../../arm-none-eabi/lib/thumb/v7e-m+dp/hard\libcr_nohost_nf.a(__sys_write.o)

.debug_frame    0x00000000     0x1c0c
 .debug_frame   0x00000000      0x194 ./utilities/fsl_debug_console.o
 .debug_frame   0x00000194       0x78 ./utilities/fsl_str.o
 .debug_frame   0x0000020c      0xf94 ./startup/startup_mimxrt1062.o
 .debug_frame   0x000011a0       0x44 ./source/led_blinky.o
 .debug_frame   0x000011e4       0x20 ./source/semihost_hardfault.o
 .debug_frame   0x00001204      0x334 ./drivers/fsl_clock.o
 .debug_frame   0x00001538       0x64 ./drivers/fsl_gpio.o
 .debug_frame   0x0000159c      0x2fc ./drivers/fsl_lpuart.o
 .debug_frame   0x00001898       0x5c ./device/system_MIMXRT1062.o
 .debug_frame   0x000018f4       0x7c ./component/uart/lpuart_adapter.o
 .debug_frame   0x00001970       0xf8 ./component/serial_manager/serial_manager.o
 .debug_frame   0x00001a68       0x60 ./component/serial_manager/serial_port_uart.o
 .debug_frame   0x00001ac8       0x80 ./board/board.o
 .debug_frame   0x00001b48       0x8c ./board/clock_config.o
 .debug_frame   0x00001bd4       0x38 ./board/pin_mux.o

Cross Reference Table

Symbol                                            File
ACMP1_DriverIRQHandler                            ./startup/startup_mimxrt1062.o
ACMP1_IRQHandler                                  ./startup/startup_mimxrt1062.o
ACMP2_DriverIRQHandler                            ./startup/startup_mimxrt1062.o
ACMP2_IRQHandler                                  ./startup/startup_mimxrt1062.o
ACMP3_DriverIRQHandler                            ./startup/startup_mimxrt1062.o