wizchip_conf.c:67:6:setintflags	4	static
wizchip_conf.c:72:6:waitfortransfer	4	static
wizchip_conf.c:78:6:LPSPI_MasterSignalEvent_t	16	static
wizchip_conf.c:105:9:wizchip_cris_enter	4	static
wizchip_conf.c:113:9:wizchip_cris_exit	4	static
wizchip_conf.c:121:7:wizchip_cs_select	8	static
wizchip_conf.c:129:7:wizchip_cs_deselect	8	static
wizchip_conf.c:138:10:wizchip_bus_readdata	16	static
wizchip_conf.c:147:7:wizchip_bus_writedata	16	static
wizchip_conf.c:155:9:wizchip_spi_readbyte	16	static
wizchip_conf.c:172:7:wizchip_spi_writebyte	24	static
wizchip_conf.c:189:7:wizchip_spi_readburst	24	static
wizchip_conf.c:205:7:wizchip_spi_writeburst	16	static
wizchip_conf.c:262:6:reg_wizchip_cris_cbfunc	16	static
wizchip_conf.c:276:6:reg_wizchip_cs_cbfunc	16	static
wizchip_conf.c:294:6:reg_wizchip_bus_cbfunc	16	static
wizchip_conf.c:322:6:reg_wizchip_spi_cbfunc	16	static
wizchip_conf.c:339:6:reg_wizchip_spiburst_cbfunc	16	static
wizchip_conf.c:355:8:ctlwizchip	24	static
wizchip_conf.c:437:8:ctlnetwork	16	static
wizchip_conf.c:465:6:wizchip_sw_reset	32	static
wizchip_conf.c:490:8:wizchip_init	24	static
wizchip_conf.c:572:6:wizchip_clrinterrupt	24	static
wizchip_conf.c:599:11:wizchip_getinterrupt	16	static
wizchip_conf.c:630:6:wizchip_setinterruptmask	24	static
wizchip_conf.c:654:11:wizchip_getinterruptmask	16	static
wizchip_conf.c:683:8:wizphy_getphylink	16	static
wizchip_conf.c:919:6:wizchip_setnetinfo	16	static
wizchip_conf.c:932:6:wizchip_getnetinfo	16	static
wizchip_conf.c:945:8:wizchip_setnetmode	24	static
wizchip_conf.c:959:14:wizchip_getnetmode	8	static
wizchip_conf.c:964:6:wizchip_settimeout	16	static
wizchip_conf.c:970:6:wizchip_gettimeout	24	static
